Archive member included to satisfy reference by file (symbol)

c:\Users\GregTerrell\Documents\CodeDev\Arduino\libraries\LooUQ-LQCloud\examples\PlatformTest\.build/core\core.a(WInterrupts.c.o)
                              c:\Users\GregTerrell\Documents\CodeDev\Arduino\libraries\LooUQ-LQCloud\examples\PlatformTest\.build\libraries\LooUQ-LTEm1c\platform\arduino_gpio.cpp.o (attachInterrupt)
c:\Users\GregTerrell\Documents\CodeDev\Arduino\libraries\LooUQ-LQCloud\examples\PlatformTest\.build/core\core.a(cortex_handlers.c.o)
                              (Reset_Handler)
c:\Users\GregTerrell\Documents\CodeDev\Arduino\libraries\LooUQ-LQCloud\examples\PlatformTest\.build/core\core.a(delay.c.o)
                              c:\Users\GregTerrell\Documents\CodeDev\Arduino\libraries\LooUQ-LQCloud\examples\PlatformTest\.build\libraries\LooUQ-LTEm1c\platform\arduino_timing.cpp.o (millis)
c:\Users\GregTerrell\Documents\CodeDev\Arduino\libraries\LooUQ-LQCloud\examples\PlatformTest\.build/core\core.a(hooks.c.o)
                              c:\Users\GregTerrell\Documents\CodeDev\Arduino\libraries\LooUQ-LQCloud\examples\PlatformTest\.build\libraries\LooUQ-LTEm1c\platform\arduino_timing.cpp.o (yield)
c:\Users\GregTerrell\Documents\CodeDev\Arduino\libraries\LooUQ-LQCloud\examples\PlatformTest\.build/core\core.a(startup.c.o)
                              c:\Users\GregTerrell\Documents\CodeDev\Arduino\libraries\LooUQ-LQCloud\examples\PlatformTest\.build/core\core.a(cortex_handlers.c.o) (SystemInit)
c:\Users\GregTerrell\Documents\CodeDev\Arduino\libraries\LooUQ-LQCloud\examples\PlatformTest\.build/core\core.a(wiring.c.o)
                              c:\Users\GregTerrell\Documents\CodeDev\Arduino\libraries\LooUQ-LQCloud\examples\PlatformTest\.build/core\core.a(startup.c.o) (SystemCoreClock)
c:\Users\GregTerrell\Documents\CodeDev\Arduino\libraries\LooUQ-LQCloud\examples\PlatformTest\.build/core\core.a(wiring_analog.c.o)
                              c:\Users\GregTerrell\Documents\CodeDev\Arduino\libraries\LooUQ-LQCloud\examples\PlatformTest\.build/core\core.a(wiring.c.o) (analogReference)
c:\Users\GregTerrell\Documents\CodeDev\Arduino\libraries\LooUQ-LQCloud\examples\PlatformTest\.build/core\core.a(wiring_digital.c.o)
                              c:\Users\GregTerrell\Documents\CodeDev\Arduino\libraries\LooUQ-LQCloud\examples\PlatformTest\.build\sketch\PlatformTest.ino.cpp.o (pinMode)
c:\Users\GregTerrell\Documents\CodeDev\Arduino\libraries\LooUQ-LQCloud\examples\PlatformTest\.build/core\core.a(wiring_private.c.o)
                              c:\Users\GregTerrell\Documents\CodeDev\Arduino\libraries\LooUQ-LQCloud\examples\PlatformTest\.build\libraries\SPI\SPI.cpp.o (pinPeripheral)
c:\Users\GregTerrell\Documents\CodeDev\Arduino\libraries\LooUQ-LQCloud\examples\PlatformTest\.build/core\core.a(Print.cpp.o)
                              c:\Users\GregTerrell\Documents\CodeDev\Arduino\libraries\LooUQ-LQCloud\examples\PlatformTest\.build\libraries\LooUQ-LTEm1c\platform\arduino_debug.cpp.o (Print::print(char const*))
c:\Users\GregTerrell\Documents\CodeDev\Arduino\libraries\LooUQ-LQCloud\examples\PlatformTest\.build/core\core.a(Reset.cpp.o)
                              c:\Users\GregTerrell\Documents\CodeDev\Arduino\libraries\LooUQ-LQCloud\examples\PlatformTest\.build/core\core.a(delay.c.o) (tickReset)
c:\Users\GregTerrell\Documents\CodeDev\Arduino\libraries\LooUQ-LQCloud\examples\PlatformTest\.build/core\core.a(SERCOM.cpp.o)
                              c:\Users\GregTerrell\Documents\CodeDev\Arduino\libraries\LooUQ-LQCloud\examples\PlatformTest\.build\core\variant.cpp.o (SERCOM::SERCOM(Sercom*))
c:\Users\GregTerrell\Documents\CodeDev\Arduino\libraries\LooUQ-LQCloud\examples\PlatformTest\.build/core\core.a(CDC.cpp.o)
                              c:\Users\GregTerrell\Documents\CodeDev\Arduino\libraries\LooUQ-LQCloud\examples\PlatformTest\.build\libraries\LooUQ-LTEm1c\platform\arduino_debug.cpp.o (Serial)
c:\Users\GregTerrell\Documents\CodeDev\Arduino\libraries\LooUQ-LQCloud\examples\PlatformTest\.build/core\core.a(USBCore.cpp.o)
                              c:\Users\GregTerrell\Documents\CodeDev\Arduino\libraries\LooUQ-LQCloud\examples\PlatformTest\.build/core\core.a(CDC.cpp.o) (USBDeviceClass::available(unsigned long))
c:\Users\GregTerrell\Documents\CodeDev\Arduino\libraries\LooUQ-LQCloud\examples\PlatformTest\.build/core\core.a(Uart.cpp.o)
                              c:\Users\GregTerrell\Documents\CodeDev\Arduino\libraries\LooUQ-LQCloud\examples\PlatformTest\.build\core\variant.cpp.o (Uart::Uart(SERCOM*, unsigned char, unsigned char, SercomRXPad, SercomUartTXPad))
c:\Users\GregTerrell\Documents\CodeDev\Arduino\libraries\LooUQ-LQCloud\examples\PlatformTest\.build/core\core.a(abi.cpp.o)
                              c:\Users\GregTerrell\Documents\CodeDev\Arduino\libraries\LooUQ-LQCloud\examples\PlatformTest\.build/core\core.a(Print.cpp.o) (__cxa_pure_virtual)
[...]
Memory Configuration

Name             Origin             Length             Attributes
FLASH            0x00002000         0x0003e000         xr
RAM              0x20000000         0x00008000         xrw
*default*        0x00000000         0xffffffff

Linker script and memory map

LOAD c:/users/gregterrell/appdata/local/arduino15/packages/adafruit/tools/arm-none-eabi-gcc/9-2019q4/bin/../lib/gcc/arm-none-eabi/9.2.1/thumb/v6-m/nofp/crti.o
LOAD c:/users/gregterrell/appdata/local/arduino15/packages/adafruit/tools/arm-none-eabi-gcc/9-2019q4/bin/../lib/gcc/arm-none-eabi/9.2.1/thumb/v6-m/nofp/crtbegin.o
LOAD c:/users/gregterrell/appdata/local/arduino15/packages/adafruit/tools/arm-none-eabi-gcc/9-2019q4/bin/../lib/gcc/arm-none-eabi/9.2.1/../../../../arm-none-eabi/lib/thumb/v6-m/nofp/crt0.o
LOAD c:\Users\GregTerrell\Documents\CodeDev\Arduino\libraries\LooUQ-LQCloud\examples\PlatformTest\.build\sketch\PlatformTest.ino.cpp.o
LOAD c:\Users\GregTerrell\Documents\CodeDev\Arduino\libraries\LooUQ-LQCloud\examples\PlatformTest\.build\libraries\LooUQ-LTEm1c\actions.c.o
LOAD c:\Users\GregTerrell\Documents\CodeDev\Arduino\libraries\LooUQ-LQCloud\examples\PlatformTest\.build\libraries\LooUQ-LTEm1c\cbuf.c.o
LOAD c:\Users\GregTerrell\Documents\CodeDev\Arduino\libraries\LooUQ-LQCloud\examples\PlatformTest\.build\libraries\LooUQ-LTEm1c\file.c.o
LOAD c:\Users\GregTerrell\Documents\CodeDev\Arduino\libraries\LooUQ-LQCloud\examples\PlatformTest\.build\libraries\LooUQ-LTEm1c\geo.c.o
LOAD c:\Users\GregTerrell\Documents\CodeDev\Arduino\libraries\LooUQ-LQCloud\examples\PlatformTest\.build\libraries\LooUQ-LTEm1c\gnss.c.o
LOAD c:\Users\GregTerrell\Documents\CodeDev\Arduino\libraries\LooUQ-LQCloud\examples\PlatformTest\.build\libraries\LooUQ-LTEm1c\iop.c.o
LOAD c:\Users\GregTerrell\Documents\CodeDev\Arduino\libraries\LooUQ-LQCloud\examples\PlatformTest\.build\libraries\LooUQ-LTEm1c\ltem1c.c.o
LOAD c:\Users\GregTerrell\Documents\CodeDev\Arduino\libraries\LooUQ-LQCloud\examples\PlatformTest\.build\libraries\LooUQ-LTEm1c\mdminfo.c.o
LOAD c:\Users\GregTerrell\Documents\CodeDev\Arduino\libraries\LooUQ-LQCloud\examples\PlatformTest\.build\libraries\LooUQ-LTEm1c\mqtt.c.o
LOAD c:\Users\GregTerrell\Documents\CodeDev\Arduino\libraries\LooUQ-LQCloud\examples\PlatformTest\.build\libraries\LooUQ-LTEm1c\network.c.o
LOAD c:\Users\GregTerrell\Documents\CodeDev\Arduino\libraries\LooUQ-LQCloud\examples\PlatformTest\.build\libraries\LooUQ-LTEm1c\nxp_sc16is741a.c.o
LOAD c:\Users\GregTerrell\Documents\CodeDev\Arduino\libraries\LooUQ-LQCloud\examples\PlatformTest\.build\libraries\LooUQ-LTEm1c\quectel_bg.c.o
LOAD c:\Users\GregTerrell\Documents\CodeDev\Arduino\libraries\LooUQ-LQCloud\examples\PlatformTest\.build\libraries\LooUQ-LTEm1c\sockets.c.o
LOAD c:\Users\GregTerrell\Documents\CodeDev\Arduino\libraries\LooUQ-LQCloud\examples\PlatformTest\.build\libraries\LooUQ-LTEm1c\platform\arduino_debug.cpp.o
LOAD c:\Users\GregTerrell\Documents\CodeDev\Arduino\libraries\LooUQ-LQCloud\examples\PlatformTest\.build\libraries\LooUQ-LTEm1c\platform\arduino_gpio.cpp.o
LOAD c:\Users\GregTerrell\Documents\CodeDev\Arduino\libraries\LooUQ-LQCloud\examples\PlatformTest\.build\libraries\LooUQ-LTEm1c\platform\arduino_spi.cpp.o
LOAD c:\Users\GregTerrell\Documents\CodeDev\Arduino\libraries\LooUQ-LQCloud\examples\PlatformTest\.build\libraries\LooUQ-LTEm1c\platform\arduino_timing.cpp.o
LOAD c:\Users\GregTerrell\Documents\CodeDev\Arduino\libraries\LooUQ-LQCloud\examples\PlatformTest\.build\libraries\LooUQ-LQCloud\lqCloud.c.o
LOAD c:\Users\GregTerrell\Documents\CodeDev\Arduino\libraries\LooUQ-LQCloud\examples\PlatformTest\.build\libraries\LooUQ-LQCloud\lqc_actions.c.o
LOAD c:\Users\GregTerrell\Documents\CodeDev\Arduino\libraries\LooUQ-LQCloud\examples\PlatformTest\.build\libraries\LooUQ-LQCloud\lqc_alerts.c.o
LOAD c:\Users\GregTerrell\Documents\CodeDev\Arduino\libraries\LooUQ-LQCloud\examples\PlatformTest\.build\libraries\LooUQ-LQCloud\lqc_collections.c.o
LOAD c:\Users\GregTerrell\Documents\CodeDev\Arduino\libraries\LooUQ-LQCloud\examples\PlatformTest\.build\libraries\LooUQ-LQCloud\lqc_telemetry.c.o
LOAD c:\Users\GregTerrell\Documents\CodeDev\Arduino\libraries\LooUQ-LQCloud\examples\PlatformTest\.build\libraries\LooUQ-LQCloud\lqc_wrkSched.c.o
LOAD c:\Users\GregTerrell\Documents\CodeDev\Arduino\libraries\LooUQ-LQCloud\examples\PlatformTest\.build\libraries\JLinkRTT\RTT_Syscalls_GCC.c.o
LOAD c:\Users\GregTerrell\Documents\CodeDev\Arduino\libraries\LooUQ-LQCloud\examples\PlatformTest\.build\libraries\JLinkRTT\SEGGER_RTT.c.o
LOAD c:\Users\GregTerrell\Documents\CodeDev\Arduino\libraries\LooUQ-LQCloud\examples\PlatformTest\.build\libraries\JLinkRTT\SEGGER_RTT_printf.c.o
LOAD c:\Users\GregTerrell\Documents\CodeDev\Arduino\libraries\LooUQ-LQCloud\examples\PlatformTest\.build\libraries\JLinkRTT\jlinkRtt.c.o
LOAD c:\Users\GregTerrell\Documents\CodeDev\Arduino\libraries\LooUQ-LQCloud\examples\PlatformTest\.build\libraries\JLinkRTT\rttPrint.cpp.o
LOAD c:\Users\GregTerrell\Documents\CodeDev\Arduino\libraries\LooUQ-LQCloud\examples\PlatformTest\.build\libraries\Adafruit_NeoPixel\esp.c.o
LOAD c:\Users\GregTerrell\Documents\CodeDev\Arduino\libraries\LooUQ-LQCloud\examples\PlatformTest\.build\libraries\Adafruit_NeoPixel\esp8266.c.o
LOAD c:\Users\GregTerrell\Documents\CodeDev\Arduino\libraries\LooUQ-LQCloud\examples\PlatformTest\.build\libraries\Adafruit_NeoPixel\kendyte_k210.c.o
LOAD c:\Users\GregTerrell\Documents\CodeDev\Arduino\libraries\LooUQ-LQCloud\examples\PlatformTest\.build\libraries\Adafruit_NeoPixel\Adafruit_NeoPixel.cpp.o
LOAD c:\Users\GregTerrell\Documents\CodeDev\Arduino\libraries\LooUQ-LQCloud\examples\PlatformTest\.build\libraries\SPI\SPI.cpp.o
LOAD c:\Users\GregTerrell\Documents\CodeDev\Arduino\libraries\LooUQ-LQCloud\examples\PlatformTest\.build\libraries\Adafruit_ZeroDMA\Adafruit_ZeroDMA.cpp.o
LOAD c:\Users\GregTerrell\Documents\CodeDev\Arduino\libraries\LooUQ-LQCloud\examples\PlatformTest\.build\core\variant.cpp.o
START GROUP
LOAD C:\Users\GregTerrell\AppData\Local\Arduino15\packages\adafruit\tools\CMSIS\5.4.0/CMSIS/Lib/GCC/\libarm_cortexM0l_math.a
LOAD c:\Users\GregTerrell\Documents\CodeDev\Arduino\libraries\LooUQ-LQCloud\examples\PlatformTest\.build/core\core.a
END GROUP
LOAD c:/users/gregterrell/appdata/local/arduino15/packages/adafruit/tools/arm-none-eabi-gcc/9-2019q4/bin/../lib/gcc/arm-none-eabi/9.2.1/../../../../arm-none-eabi/lib/thumb/v6-m/nofp\libstdc++_nano.a
LOAD c:/users/gregterrell/appdata/local/arduino15/packages/adafruit/tools/arm-none-eabi-gcc/9-2019q4/bin/../lib/gcc/arm-none-eabi/9.2.1/../../../../arm-none-eabi/lib/thumb/v6-m/nofp\libm.a
START GROUP
LOAD c:/users/gregterrell/appdata/local/arduino15/packages/adafruit/tools/arm-none-eabi-gcc/9-2019q4/bin/../lib/gcc/arm-none-eabi/9.2.1/thumb/v6-m/nofp\libgcc.a
LOAD c:/users/gregterrell/appdata/local/arduino15/packages/adafruit/tools/arm-none-eabi-gcc/9-2019q4/bin/../lib/gcc/arm-none-eabi/9.2.1/../../../../arm-none-eabi/lib/thumb/v6-m/nofp\libc_nano.a
END GROUP
START GROUP
LOAD c:/users/gregterrell/appdata/local/arduino15/packages/adafruit/tools/arm-none-eabi-gcc/9-2019q4/bin/../lib/gcc/arm-none-eabi/9.2.1/thumb/v6-m/nofp\libgcc.a
LOAD c:/users/gregterrell/appdata/local/arduino15/packages/adafruit/tools/arm-none-eabi-gcc/9-2019q4/bin/../lib/gcc/arm-none-eabi/9.2.1/../../../../arm-none-eabi/lib/thumb/v6-m/nofp\libc_nano.a
LOAD c:/users/gregterrell/appdata/local/arduino15/packages/adafruit/tools/arm-none-eabi-gcc/9-2019q4/bin/../lib/gcc/arm-none-eabi/9.2.1/../../../../arm-none-eabi/lib/thumb/v6-m/nofp\libnosys.a
END GROUP
START GROUP
LOAD c:/users/gregterrell/appdata/local/arduino15/packages/adafruit/tools/arm-none-eabi-gcc/9-2019q4/bin/../lib/gcc/arm-none-eabi/9.2.1/thumb/v6-m/nofp\libgcc.a
LOAD c:/users/gregterrell/appdata/local/arduino15/packages/adafruit/tools/arm-none-eabi-gcc/9-2019q4/bin/../lib/gcc/arm-none-eabi/9.2.1/../../../../arm-none-eabi/lib/thumb/v6-m/nofp\libc_nano.a
LOAD c:/users/gregterrell/appdata/local/arduino15/packages/adafruit/tools/arm-none-eabi-gcc/9-2019q4/bin/../lib/gcc/arm-none-eabi/9.2.1/../../../../arm-none-eabi/lib/thumb/v6-m/nofp\libnosys.a
END GROUP
LOAD c:/users/gregterrell/appdata/local/arduino15/packages/adafruit/tools/arm-none-eabi-gcc/9-2019q4/bin/../lib/gcc/arm-none-eabi/9.2.1/thumb/v6-m/nofp/crtend.o
LOAD c:/users/gregterrell/appdata/local/arduino15/packages/adafruit/tools/arm-none-eabi-gcc/9-2019q4/bin/../lib/gcc/arm-none-eabi/9.2.1/thumb/v6-m/nofp/crtn.o

.text           0x00002000     0xcab0
                0x00002000                __text_start__ = .
 *(.isr_vector)
 .isr_vector    0x00002000       0xb4 c:\Users\GregTerrell\Documents\CodeDev\Arduino\libraries\LooUQ-LQCloud\examples\PlatformTest\.build/core\core.a(cortex_handlers.c.o)
                0x00002000                exception_table
 *(.text*)
 .text          0x000020b4       0x48 c:/users/gregterrell/appdata/local/arduino15/packages/adafruit/tools/arm-none-eabi-gcc/9-2019q4/bin/../lib/gcc/arm-none-eabi/9.2.1/thumb/v6-m/nofp/crtbegin.o
 .text._Z19notificationHandler20notificationType_tagPKc
                0x000020fc       0xa4 c:\Users\GregTerrell\Documents\CodeDev\Arduino\libraries\LooUQ-LQCloud\examples\PlatformTest\.build\sketch\PlatformTest.ino.cpp.o
                0x000020fc                notificationHandler(notificationType_tag, char const*)
 .text._Z12networkStartv
                0x000021a0       0x88 c:\Users\GregTerrell\Documents\CodeDev\Arduino\libraries\LooUQ-LQCloud\examples\PlatformTest\.build\sketch\PlatformTest.ino.cpp.o
                0x000021a0                networkStart()
 .text._Z11networkStopv
                0x00002228        0x8 c:\Users\GregTerrell\Documents\CodeDev\Arduino\libraries\LooUQ-LQCloud\examples\PlatformTest\.build\sketch\PlatformTest.ino.cpp.o
                0x00002228                networkStop()
 .text._Z16getBatteryStatusv
                0x00002230       0x64 c:\Users\GregTerrell\Documents\CodeDev\Arduino\libraries\LooUQ-LQCloud\examples\PlatformTest\.build\sketch\PlatformTest.ino.cpp.o
                0x00002230                getBatteryStatus()
 .text._Z13getFreeMemoryv
                0x00002294       0x10 c:\Users\GregTerrell\Documents\CodeDev\Arduino\libraries\LooUQ-LQCloud\examples\PlatformTest\.build\sketch\PlatformTest.ino.cpp.o
                0x00002294                getFreeMemory()
 .text._ZL11setLedState16keyValueDict_tag
                0x000022a4       0x78 c:\Users\GregTerrell\Documents\CodeDev\Arduino\libraries\LooUQ-LQCloud\examples\PlatformTest\.build\sketch\PlatformTest.ino.cpp.o
 .text._ZL9getStatus16keyValueDict_tag
                0x0000231c       0x60 c:\Users\GregTerrell\Documents\CodeDev\Arduino\libraries\LooUQ-LQCloud\examples\PlatformTest\.build\sketch\PlatformTest.ino.cpp.o
 .text.loop     0x0000237c       0xc0 c:\Users\GregTerrell\Documents\CodeDev\Arduino\libraries\LooUQ-LQCloud\examples\PlatformTest\.build\sketch\PlatformTest.ino.cpp.o
                0x0000237c                loop
 .text._Z15registerActionsv
                0x0000243c       0x30 c:\Users\GregTerrell\Documents\CodeDev\Arduino\libraries\LooUQ-LQCloud\examples\PlatformTest\.build\sketch\PlatformTest.ino.cpp.o
                0x0000243c                registerActions()
 .text.setup    0x0000246c      0x10c c:\Users\GregTerrell\Documents\CodeDev\Arduino\libraries\LooUQ-LQCloud\examples\PlatformTest\.build\sketch\PlatformTest.ino.cpp.o
                0x0000246c                setup
 .text.startup._GLOBAL__sub_I_ltem1_pinConfig
                0x00002578       0x28 c:\Users\GregTerrell\Documents\CodeDev\Arduino\libraries\LooUQ-LQCloud\examples\PlatformTest\.build\sketch\PlatformTest.ino.cpp.o
 .text.action_close
                0x000025a0       0x18 c:\Users\GregTerrell\Documents\CodeDev\Arduino\libraries\LooUQ-LQCloud\examples\PlatformTest\.build\libraries\LooUQ-LTEm1c\actions.c.o
                0x000025a0                action_close
 .text.action_sendRawWithEOTs
                0x000025b8       0x48 c:\Users\GregTerrell\Documents\CodeDev\Arduino\libraries\LooUQ-LQCloud\examples\PlatformTest\.build\libraries\LooUQ-LTEm1c\actions.c.o
                0x000025b8                action_sendRawWithEOTs
 .text.action_getResult
                0x00002600      0x11c c:\Users\GregTerrell\Documents\CodeDev\Arduino\libraries\LooUQ-LQCloud\examples\PlatformTest\.build\libraries\LooUQ-LTEm1c\actions.c.o
                0x00002600                action_getResult
 .text.action_awaitResult
                0x0000271c       0x3c c:\Users\GregTerrell\Documents\CodeDev\Arduino\libraries\LooUQ-LQCloud\examples\PlatformTest\.build\libraries\LooUQ-LTEm1c\actions.c.o
                0x0000271c                action_awaitResult
 .text.action_defaultResultParser
                0x00002758       0x9c c:\Users\GregTerrell\Documents\CodeDev\Arduino\libraries\LooUQ-LQCloud\examples\PlatformTest\.build\libraries\LooUQ-LTEm1c\actions.c.o
                0x00002758                action_defaultResultParser
 .text.action_okResultParser
                0x000027f4       0x12 c:\Users\GregTerrell\Documents\CodeDev\Arduino\libraries\LooUQ-LQCloud\examples\PlatformTest\.build\libraries\LooUQ-LTEm1c\actions.c.o
                0x000027f4                action_okResultParser
 .text.action_serviceResponseParser
                0x00002806       0x4c c:\Users\GregTerrell\Documents\CodeDev\Arduino\libraries\LooUQ-LQCloud\examples\PlatformTest\.build\libraries\LooUQ-LTEm1c\actions.c.o
                0x00002806                action_serviceResponseParser
 *fill*         0x00002852        0x2 
 .text.actn_acquireLock
                0x00002854       0x94 c:\Users\GregTerrell\Documents\CodeDev\Arduino\libraries\LooUQ-LQCloud\examples\PlatformTest\.build\libraries\LooUQ-LTEm1c\actions.c.o
                0x00002854                actn_acquireLock
 .text.action_tryInvokeAdv
                0x000028e8       0x6c c:\Users\GregTerrell\Documents\CodeDev\Arduino\libraries\LooUQ-LQCloud\examples\PlatformTest\.build\libraries\LooUQ-LTEm1c\actions.c.o
                0x000028e8                action_tryInvokeAdv
 .text.action_tryInvoke
                0x00002954       0x14 c:\Users\GregTerrell\Documents\CodeDev\Arduino\libraries\LooUQ-LQCloud\examples\PlatformTest\.build\libraries\LooUQ-LTEm1c\actions.c.o
                0x00002954                action_tryInvoke
 .text.cbuf_push
                0x00002968       0x22 c:\Users\GregTerrell\Documents\CodeDev\Arduino\libraries\LooUQ-LQCloud\examples\PlatformTest\.build\libraries\LooUQ-LTEm1c\cbuf.c.o
                0x00002968                cbuf_push
 .text.cbuf_pop
                0x0000298a       0x24 c:\Users\GregTerrell\Documents\CodeDev\Arduino\libraries\LooUQ-LQCloud\examples\PlatformTest\.build\libraries\LooUQ-LTEm1c\cbuf.c.o
                0x0000298a                cbuf_pop
 .text.rxBufCreate
                0x000029ae       0x36 c:\Users\GregTerrell\Documents\CodeDev\Arduino\libraries\LooUQ-LQCloud\examples\PlatformTest\.build\libraries\LooUQ-LTEm1c\iop.c.o
 .text.txTake   0x000029e4       0x2c c:\Users\GregTerrell\Documents\CodeDev\Arduino\libraries\LooUQ-LQCloud\examples\PlatformTest\.build\libraries\LooUQ-LTEm1c\iop.c.o
 .text.getDataBuffer
                0x00002a10       0x78 c:\Users\GregTerrell\Documents\CodeDev\Arduino\libraries\LooUQ-LQCloud\examples\PlatformTest\.build\libraries\LooUQ-LTEm1c\iop.c.o
 .text.iop_create
                0x00002a88       0x64 c:\Users\GregTerrell\Documents\CodeDev\Arduino\libraries\LooUQ-LQCloud\examples\PlatformTest\.build\libraries\LooUQ-LTEm1c\iop.c.o
                0x00002a88                iop_create
 .text.iop_start
                0x00002aec       0x30 c:\Users\GregTerrell\Documents\CodeDev\Arduino\libraries\LooUQ-LQCloud\examples\PlatformTest\.build\libraries\LooUQ-LTEm1c\iop.c.o
                0x00002aec                iop_start
 .text.iop_awaitAppReady
                0x00002b1c       0x3c c:\Users\GregTerrell\Documents\CodeDev\Arduino\libraries\LooUQ-LQCloud\examples\PlatformTest\.build\libraries\LooUQ-LTEm1c\iop.c.o
                0x00002b1c                iop_awaitAppReady
 .text.iop_txSend
                0x00002b58       0x74 c:\Users\GregTerrell\Documents\CodeDev\Arduino\libraries\LooUQ-LQCloud\examples\PlatformTest\.build\libraries\LooUQ-LTEm1c\iop.c.o
                0x00002b58                iop_txSend
 .text.iop_resetCmdBuffer
                0x00002bcc       0x30 c:\Users\GregTerrell\Documents\CodeDev\Arduino\libraries\LooUQ-LQCloud\examples\PlatformTest\.build\libraries\LooUQ-LTEm1c\iop.c.o
                0x00002bcc                iop_resetCmdBuffer
 .text.iop_resetDataBuffer
                0x00002bfc       0x38 c:\Users\GregTerrell\Documents\CodeDev\Arduino\libraries\LooUQ-LQCloud\examples\PlatformTest\.build\libraries\LooUQ-LTEm1c\iop.c.o
                0x00002bfc                iop_resetDataBuffer
 .text.iop_txDataPromptParser
                0x00002c34       0x20 c:\Users\GregTerrell\Documents\CodeDev\Arduino\libraries\LooUQ-LQCloud\examples\PlatformTest\.build\libraries\LooUQ-LTEm1c\iop.c.o
                0x00002c34                iop_txDataPromptParser
 .text.iop_rxParseImmediate
                0x00002c54      0x150 c:\Users\GregTerrell\Documents\CodeDev\Arduino\libraries\LooUQ-LQCloud\examples\PlatformTest\.build\libraries\LooUQ-LTEm1c\iop.c.o
                0x00002c54                iop_rxParseImmediate
 .text.interruptCallbackISR
                0x00002da4      0x1e0 c:\Users\GregTerrell\Documents\CodeDev\Arduino\libraries\LooUQ-LQCloud\examples\PlatformTest\.build\libraries\LooUQ-LTEm1c\iop.c.o
 .text.ltem1_start
                0x00002f84       0xcc c:\Users\GregTerrell\Documents\CodeDev\Arduino\libraries\LooUQ-LQCloud\examples\PlatformTest\.build\libraries\LooUQ-LTEm1c\ltem1c.c.o
                0x00002f84                ltem1_start
 .text.ltem1_create
                0x00003050       0xd8 c:\Users\GregTerrell\Documents\CodeDev\Arduino\libraries\LooUQ-LQCloud\examples\PlatformTest\.build\libraries\LooUQ-LTEm1c\ltem1c.c.o
                0x00003050                ltem1_create
 .text.ltem1_reset
                0x00003128        0xc c:\Users\GregTerrell\Documents\CodeDev\Arduino\libraries\LooUQ-LQCloud\examples\PlatformTest\.build\libraries\LooUQ-LTEm1c\ltem1c.c.o
                0x00003128                ltem1_reset
 .text.ltem1_getReadyState
                0x00003134       0x10 c:\Users\GregTerrell\Documents\CodeDev\Arduino\libraries\LooUQ-LQCloud\examples\PlatformTest\.build\libraries\LooUQ-LTEm1c\ltem1c.c.o
                0x00003134                ltem1_getReadyState
 .text.ltem1_doWork
                0x00003144        0xc c:\Users\GregTerrell\Documents\CodeDev\Arduino\libraries\LooUQ-LQCloud\examples\PlatformTest\.build\libraries\LooUQ-LTEm1c\ltem1c.c.o
                0x00003144                ltem1_doWork
 .text.ltem1_faultHandler
                0x00003150        0x2 c:\Users\GregTerrell\Documents\CodeDev\Arduino\libraries\LooUQ-LQCloud\examples\PlatformTest\.build\libraries\LooUQ-LTEm1c\ltem1c.c.o
                0x00003150                ltem1_faultHandler
 *fill*         0x00003152        0x2 
 .text.iccidCompleteParser
                0x00003154       0x1c c:\Users\GregTerrell\Documents\CodeDev\Arduino\libraries\LooUQ-LQCloud\examples\PlatformTest\.build\libraries\LooUQ-LTEm1c\mdminfo.c.o
 .text.mdminfo_ltem1
                0x00003170      0x160 c:\Users\GregTerrell\Documents\CodeDev\Arduino\libraries\LooUQ-LQCloud\examples\PlatformTest\.build\libraries\LooUQ-LTEm1c\mdminfo.c.o
                0x00003170                mdminfo_ltem1
 .text.mqttOpenStatusParser
                0x000032d0       0x14 c:\Users\GregTerrell\Documents\CodeDev\Arduino\libraries\LooUQ-LQCloud\examples\PlatformTest\.build\libraries\LooUQ-LTEm1c\mqtt.c.o
 .text.mqttConnectStatusParser
                0x000032e4       0x2c c:\Users\GregTerrell\Documents\CodeDev\Arduino\libraries\LooUQ-LQCloud\examples\PlatformTest\.build\libraries\LooUQ-LTEm1c\mqtt.c.o
 .text.mqttOpenCompleteParser
                0x00003310       0x14 c:\Users\GregTerrell\Documents\CodeDev\Arduino\libraries\LooUQ-LQCloud\examples\PlatformTest\.build\libraries\LooUQ-LTEm1c\mqtt.c.o
 .text.mqttConnectCompleteParser
                0x00003324       0x14 c:\Users\GregTerrell\Documents\CodeDev\Arduino\libraries\LooUQ-LQCloud\examples\PlatformTest\.build\libraries\LooUQ-LTEm1c\mqtt.c.o
 .text.mqttSubscribeCompleteParser
                0x00003338       0x14 c:\Users\GregTerrell\Documents\CodeDev\Arduino\libraries\LooUQ-LQCloud\examples\PlatformTest\.build\libraries\LooUQ-LTEm1c\mqtt.c.o
 .text.mqttPublishCompleteParser
                0x0000334c       0x24 c:\Users\GregTerrell\Documents\CodeDev\Arduino\libraries\LooUQ-LQCloud\examples\PlatformTest\.build\libraries\LooUQ-LTEm1c\mqtt.c.o
 .text.mqtt_create
                0x00003370       0x28 c:\Users\GregTerrell\Documents\CodeDev\Arduino\libraries\LooUQ-LQCloud\examples\PlatformTest\.build\libraries\LooUQ-LTEm1c\mqtt.c.o
                0x00003370                mqtt_create
 .text.mqtt_status
                0x00003398       0xc8 c:\Users\GregTerrell\Documents\CodeDev\Arduino\libraries\LooUQ-LQCloud\examples\PlatformTest\.build\libraries\LooUQ-LTEm1c\mqtt.c.o
                0x00003398                mqtt_status
 .text.mqtt_open
                0x00003460      0x148 c:\Users\GregTerrell\Documents\CodeDev\Arduino\libraries\LooUQ-LQCloud\examples\PlatformTest\.build\libraries\LooUQ-LTEm1c\mqtt.c.o
                0x00003460                mqtt_open
 .text.mqtt_close
                0x000035a8       0x48 c:\Users\GregTerrell\Documents\CodeDev\Arduino\libraries\LooUQ-LQCloud\examples\PlatformTest\.build\libraries\LooUQ-LTEm1c\mqtt.c.o
                0x000035a8                mqtt_close
 .text.mqtt_connect
                0x000035f0       0xdc c:\Users\GregTerrell\Documents\CodeDev\Arduino\libraries\LooUQ-LQCloud\examples\PlatformTest\.build\libraries\LooUQ-LTEm1c\mqtt.c.o
                0x000035f0                mqtt_connect
 .text.mqtt_subscribe
                0x000036cc      0x108 c:\Users\GregTerrell\Documents\CodeDev\Arduino\libraries\LooUQ-LQCloud\examples\PlatformTest\.build\libraries\LooUQ-LTEm1c\mqtt.c.o
                0x000036cc                mqtt_subscribe
 .text.mqtt_publish
                0x000037d4       0xa4 c:\Users\GregTerrell\Documents\CodeDev\Arduino\libraries\LooUQ-LQCloud\examples\PlatformTest\.build\libraries\LooUQ-LTEm1c\mqtt.c.o
                0x000037d4                mqtt_publish
 .text.mqtt_doWork
                0x00003878      0x13c c:\Users\GregTerrell\Documents\CodeDev\Arduino\libraries\LooUQ-LQCloud\examples\PlatformTest\.build\libraries\LooUQ-LTEm1c\mqtt.c.o
                0x00003878                mqtt_doWork
 .text.contextStatusCompleteParser
                0x000039b4       0x1c c:\Users\GregTerrell\Documents\CodeDev\Arduino\libraries\LooUQ-LQCloud\examples\PlatformTest\.build\libraries\LooUQ-LTEm1c\network.c.o
 .text.ntwk_create
                0x000039d0       0x4c c:\Users\GregTerrell\Documents\CodeDev\Arduino\libraries\LooUQ-LQCloud\examples\PlatformTest\.build\libraries\LooUQ-LTEm1c\network.c.o
                0x000039d0                ntwk_create
 .text.ntwk_getPdpCntxt
                0x00003a1c       0x34 c:\Users\GregTerrell\Documents\CodeDev\Arduino\libraries\LooUQ-LQCloud\examples\PlatformTest\.build\libraries\LooUQ-LTEm1c\network.c.o
                0x00003a1c                ntwk_getPdpCntxt
 .text.grabToken
                0x00003a50       0x42 c:\Users\GregTerrell\Documents\CodeDev\Arduino\libraries\LooUQ-LQCloud\examples\PlatformTest\.build\libraries\LooUQ-LTEm1c\network.c.o
                0x00003a50                grabToken
 *fill*         0x00003a92        0x2 
 .text.ntwk_awaitOperator
                0x00003a94       0xb8 c:\Users\GregTerrell\Documents\CodeDev\Arduino\libraries\LooUQ-LQCloud\examples\PlatformTest\.build\libraries\LooUQ-LTEm1c\network.c.o
                0x00003a94                ntwk_awaitOperator
 .text.ntwk_getActivePdpCntxtCnt
                0x00003b4c       0xdc c:\Users\GregTerrell\Documents\CodeDev\Arduino\libraries\LooUQ-LQCloud\examples\PlatformTest\.build\libraries\LooUQ-LTEm1c\network.c.o
                0x00003b4c                ntwk_getActivePdpCntxtCnt
 .text.ntwk_activatePdpContext
                0x00003c28       0x50 c:\Users\GregTerrell\Documents\CodeDev\Arduino\libraries\LooUQ-LQCloud\examples\PlatformTest\.build\libraries\LooUQ-LTEm1c\network.c.o
                0x00003c28                ntwk_activatePdpContext
 .text.sc16is741a_readReg
                0x00003c78       0x20 c:\Users\GregTerrell\Documents\CodeDev\Arduino\libraries\LooUQ-LQCloud\examples\PlatformTest\.build\libraries\LooUQ-LTEm1c\nxp_sc16is741a.c.o
                0x00003c78                sc16is741a_readReg
 .text.sc16is741a_writeReg
                0x00003c98       0x1c c:\Users\GregTerrell\Documents\CodeDev\Arduino\libraries\LooUQ-LQCloud\examples\PlatformTest\.build\libraries\LooUQ-LTEm1c\nxp_sc16is741a.c.o
                0x00003c98                sc16is741a_writeReg
 .text.sc16is741a_start
                0x00003cb4       0x60 c:\Users\GregTerrell\Documents\CodeDev\Arduino\libraries\LooUQ-LQCloud\examples\PlatformTest\.build\libraries\LooUQ-LTEm1c\nxp_sc16is741a.c.o
                0x00003cb4                sc16is741a_start
 .text.sc16is741a_enableIrqMode
                0x00003d14        0xc c:\Users\GregTerrell\Documents\CodeDev\Arduino\libraries\LooUQ-LQCloud\examples\PlatformTest\.build\libraries\LooUQ-LTEm1c\nxp_sc16is741a.c.o
                0x00003d14                sc16is741a_enableIrqMode
 .text.sc16is741a_read
                0x00003d20       0x18 c:\Users\GregTerrell\Documents\CodeDev\Arduino\libraries\LooUQ-LQCloud\examples\PlatformTest\.build\libraries\LooUQ-LTEm1c\nxp_sc16is741a.c.o
                0x00003d20                sc16is741a_read
 .text.sc16is741a_write
                0x00003d38       0x18 c:\Users\GregTerrell\Documents\CodeDev\Arduino\libraries\LooUQ-LQCloud\examples\PlatformTest\.build\libraries\LooUQ-LTEm1c\nxp_sc16is741a.c.o
                0x00003d38                sc16is741a_write
 .text.sc16is741a_flushRxFifo
                0x00003d50       0x2a c:\Users\GregTerrell\Documents\CodeDev\Arduino\libraries\LooUQ-LQCloud\examples\PlatformTest\.build\libraries\LooUQ-LTEm1c\nxp_sc16is741a.c.o
                0x00003d50                sc16is741a_flushRxFifo
 *fill*         0x00003d7a        0x2 
 .text.qbg_powerOn
                0x00003d7c       0x44 c:\Users\GregTerrell\Documents\CodeDev\Arduino\libraries\LooUQ-LQCloud\examples\PlatformTest\.build\libraries\LooUQ-LTEm1c\quectel_bg.c.o
                0x00003d7c                qbg_powerOn
 .text.qbg_powerOff
                0x00003dc0       0x48 c:\Users\GregTerrell\Documents\CodeDev\Arduino\libraries\LooUQ-LQCloud\examples\PlatformTest\.build\libraries\LooUQ-LTEm1c\quectel_bg.c.o
                0x00003dc0                qbg_powerOff
 .text.qbg_reset
                0x00003e08       0x48 c:\Users\GregTerrell\Documents\CodeDev\Arduino\libraries\LooUQ-LQCloud\examples\PlatformTest\.build\libraries\LooUQ-LTEm1c\quectel_bg.c.o
                0x00003e08                qbg_reset
 .text.qbg_start
                0x00003e50       0x5c c:\Users\GregTerrell\Documents\CodeDev\Arduino\libraries\LooUQ-LQCloud\examples\PlatformTest\.build\libraries\LooUQ-LTEm1c\quectel_bg.c.o
                0x00003e50                qbg_start
 .text.requestIrdData
                0x00003eac       0x88 c:\Users\GregTerrell\Documents\CodeDev\Arduino\libraries\LooUQ-LQCloud\examples\PlatformTest\.build\libraries\LooUQ-LTEm1c\sockets.c.o
 .text.sckt_create
                0x00003f34       0x40 c:\Users\GregTerrell\Documents\CodeDev\Arduino\libraries\LooUQ-LQCloud\examples\PlatformTest\.build\libraries\LooUQ-LTEm1c\sockets.c.o
                0x00003f34                sckt_create
 .text.sckt_doWork
                0x00003f74      0x140 c:\Users\GregTerrell\Documents\CodeDev\Arduino\libraries\LooUQ-LQCloud\examples\PlatformTest\.build\libraries\LooUQ-LTEm1c\sockets.c.o
                0x00003f74                sckt_doWork
 .text.gpio_openPin
                0x000040b4        0x8 c:\Users\GregTerrell\Documents\CodeDev\Arduino\libraries\LooUQ-LQCloud\examples\PlatformTest\.build\libraries\LooUQ-LTEm1c\platform\arduino_gpio.cpp.o
                0x000040b4                gpio_openPin
 .text.gpio_readPin
                0x000040bc        0xa c:\Users\GregTerrell\Documents\CodeDev\Arduino\libraries\LooUQ-LQCloud\examples\PlatformTest\.build\libraries\LooUQ-LTEm1c\platform\arduino_gpio.cpp.o
                0x000040bc                gpio_readPin
 .text.gpio_writePin
                0x000040c6        0x8 c:\Users\GregTerrell\Documents\CodeDev\Arduino\libraries\LooUQ-LQCloud\examples\PlatformTest\.build\libraries\LooUQ-LTEm1c\platform\arduino_gpio.cpp.o
                0x000040c6                gpio_writePin
 .text.gpio_attachIsr
                0x000040ce        0xa c:\Users\GregTerrell\Documents\CodeDev\Arduino\libraries\LooUQ-LQCloud\examples\PlatformTest\.build\libraries\LooUQ-LTEm1c\platform\arduino_gpio.cpp.o
                0x000040ce                gpio_attachIsr
 .text.spi_create
                0x000040d8       0x48 c:\Users\GregTerrell\Documents\CodeDev\Arduino\libraries\LooUQ-LQCloud\examples\PlatformTest\.build\libraries\LooUQ-LTEm1c\platform\arduino_spi.cpp.o
                0x000040d8                spi_create
 .text.spi_start
                0x00004120       0x24 c:\Users\GregTerrell\Documents\CodeDev\Arduino\libraries\LooUQ-LQCloud\examples\PlatformTest\.build\libraries\LooUQ-LTEm1c\platform\arduino_spi.cpp.o
                0x00004120                spi_start
 .text.spi_protectFromInterrupt
                0x00004144       0x18 c:\Users\GregTerrell\Documents\CodeDev\Arduino\libraries\LooUQ-LQCloud\examples\PlatformTest\.build\libraries\LooUQ-LTEm1c\platform\arduino_spi.cpp.o
                0x00004144                spi_protectFromInterrupt
 .text.spi_transferWord
                0x0000415c       0x8c c:\Users\GregTerrell\Documents\CodeDev\Arduino\libraries\LooUQ-LQCloud\examples\PlatformTest\.build\libraries\LooUQ-LTEm1c\platform\arduino_spi.cpp.o
                0x0000415c                spi_transferWord
 .text.spi_transferBuffer
                0x000041e8       0x4c c:\Users\GregTerrell\Documents\CodeDev\Arduino\libraries\LooUQ-LQCloud\examples\PlatformTest\.build\libraries\LooUQ-LTEm1c\platform\arduino_spi.cpp.o
                0x000041e8                spi_transferBuffer
 .text.startup._GLOBAL__sub_I_spi_create
                0x00004234       0x14 c:\Users\GregTerrell\Documents\CodeDev\Arduino\libraries\LooUQ-LQCloud\examples\PlatformTest\.build\libraries\LooUQ-LTEm1c\platform\arduino_spi.cpp.o
 .text.lMillis  0x00004248        0x8 c:\Users\GregTerrell\Documents\CodeDev\Arduino\libraries\LooUQ-LQCloud\examples\PlatformTest\.build\libraries\LooUQ-LTEm1c\platform\arduino_timing.cpp.o
                0x00004248                lMillis
 .text.lYield   0x00004250       0x18 c:\Users\GregTerrell\Documents\CodeDev\Arduino\libraries\LooUQ-LQCloud\examples\PlatformTest\.build\libraries\LooUQ-LTEm1c\platform\arduino_timing.cpp.o
                0x00004250                lYield
 .text.lDelay   0x00004268        0x8 c:\Users\GregTerrell\Documents\CodeDev\Arduino\libraries\LooUQ-LQCloud\examples\PlatformTest\.build\libraries\LooUQ-LTEm1c\platform\arduino_timing.cpp.o
                0x00004268                lDelay
 .text.lTimerExpired
                0x00004270       0x14 c:\Users\GregTerrell\Documents\CodeDev\Arduino\libraries\LooUQ-LQCloud\examples\PlatformTest\.build\libraries\LooUQ-LTEm1c\platform\arduino_timing.cpp.o
                0x00004270                lTimerExpired
 .text.s_mqttReceiver
                0x00004284      0x120 c:\Users\GregTerrell\Documents\CodeDev\Arduino\libraries\LooUQ-LQCloud\examples\PlatformTest\.build\libraries\LooUQ-LQCloud\lqCloud.c.o
 .text.lqc_create
                0x000043a4       0x60 c:\Users\GregTerrell\Documents\CodeDev\Arduino\libraries\LooUQ-LQCloud\examples\PlatformTest\.build\libraries\LooUQ-LQCloud\lqCloud.c.o
                0x000043a4                lqc_create
 .text.lqc_getConnectState
                0x00004404       0x1c c:\Users\GregTerrell\Documents\CodeDev\Arduino\libraries\LooUQ-LQCloud\examples\PlatformTest\.build\libraries\LooUQ-LQCloud\lqCloud.c.o
                0x00004404                lqc_getConnectState
 .text.lqc_getDeviceId
                0x00004420        0x8 c:\Users\GregTerrell\Documents\CodeDev\Arduino\libraries\LooUQ-LQCloud\examples\PlatformTest\.build\libraries\LooUQ-LQCloud\lqCloud.c.o
                0x00004420                lqc_getDeviceId
 .text.LQC_notifyApp
                0x00004428       0x18 c:\Users\GregTerrell\Documents\CodeDev\Arduino\libraries\LooUQ-LQCloud\examples\PlatformTest\.build\libraries\LooUQ-LQCloud\lqCloud.c.o
                0x00004428                LQC_notifyApp
 .text.s_cloudConnectionManager
                0x00004440      0x1dc c:\Users\GregTerrell\Documents\CodeDev\Arduino\libraries\LooUQ-LQCloud\examples\PlatformTest\.build\libraries\LooUQ-LQCloud\lqCloud.c.o
 .text.lqc_start
                0x0000461c       0xc4 c:\Users\GregTerrell\Documents\CodeDev\Arduino\libraries\LooUQ-LQCloud\examples\PlatformTest\.build\libraries\LooUQ-LQCloud\lqCloud.c.o
                0x0000461c                lqc_start
 .text.LQC_mqttTrySend
                0x000046e0      0x148 c:\Users\GregTerrell\Documents\CodeDev\Arduino\libraries\LooUQ-LQCloud\examples\PlatformTest\.build\libraries\LooUQ-LQCloud\lqCloud.c.o
                0x000046e0                LQC_mqttTrySend
 .text.lqc_doWork
                0x00004828       0xa0 c:\Users\GregTerrell\Documents\CodeDev\Arduino\libraries\LooUQ-LQCloud\examples\PlatformTest\.build\libraries\LooUQ-LQCloud\lqCloud.c.o
                0x00004828                lqc_doWork
 .text.actionResponse
                0x000048c8       0x7c c:\Users\GregTerrell\Documents\CodeDev\Arduino\libraries\LooUQ-LQCloud\examples\PlatformTest\.build\libraries\LooUQ-LQCloud\lqc_actions.c.o
 .text.deviceInfoResponse
                0x00004944       0x4c c:\Users\GregTerrell\Documents\CodeDev\Arduino\libraries\LooUQ-LQCloud\examples\PlatformTest\.build\libraries\LooUQ-LQCloud\lqc_actions.c.o
 .text.networkInfoResponse
                0x00004990       0x5c c:\Users\GregTerrell\Documents\CodeDev\Arduino\libraries\LooUQ-LQCloud\examples\PlatformTest\.build\libraries\LooUQ-LQCloud\lqc_actions.c.o
 .text.actionInfoResponse
                0x000049ec       0xc4 c:\Users\GregTerrell\Documents\CodeDev\Arduino\libraries\LooUQ-LQCloud\examples\PlatformTest\.build\libraries\LooUQ-LQCloud\lqc_actions.c.o
 .text.lqc_regApplAction
                0x00004ab0       0x5c c:\Users\GregTerrell\Documents\CodeDev\Arduino\libraries\LooUQ-LQCloud\examples\PlatformTest\.build\libraries\LooUQ-LQCloud\lqc_actions.c.o
                0x00004ab0                lqc_regApplAction
 .text.lqc_sendActionResponse
                0x00004b0c       0x30 c:\Users\GregTerrell\Documents\CodeDev\Arduino\libraries\LooUQ-LQCloud\examples\PlatformTest\.build\libraries\LooUQ-LQCloud\lqc_actions.c.o
                0x00004b0c                lqc_sendActionResponse
 .text.LQC_processActionRequest
                0x00004b3c      0x194 c:\Users\GregTerrell\Documents\CodeDev\Arduino\libraries\LooUQ-LQCloud\examples\PlatformTest\.build\libraries\LooUQ-LQCloud\lqc_actions.c.o
                0x00004b3c                LQC_processActionRequest
 .text.sendAlert
                0x00004cd0       0xd4 c:\Users\GregTerrell\Documents\CodeDev\Arduino\libraries\LooUQ-LQCloud\examples\PlatformTest\.build\libraries\LooUQ-LQCloud\lqc_alerts.c.o
 .text.lqc_sendAlert
                0x00004da4       0x10 c:\Users\GregTerrell\Documents\CodeDev\Arduino\libraries\LooUQ-LQCloud\examples\PlatformTest\.build\libraries\LooUQ-LQCloud\lqc_alerts.c.o
                0x00004da4                lqc_sendAlert
 .text.LQC_sendDeviceStarted
                0x00004db4       0x88 c:\Users\GregTerrell\Documents\CodeDev\Arduino\libraries\LooUQ-LQCloud\examples\PlatformTest\.build\libraries\LooUQ-LQCloud\lqc_alerts.c.o
                0x00004db4                LQC_sendDeviceStarted
 .text.lqc_createDictFromQueryString
                0x00004e3c       0x9e c:\Users\GregTerrell\Documents\CodeDev\Arduino\libraries\LooUQ-LQCloud\examples\PlatformTest\.build\libraries\LooUQ-LQCloud\lqc_collections.c.o
                0x00004e3c                lqc_createDictFromQueryString
 .text.lqc_getDictValue
                0x00004eda       0x56 c:\Users\GregTerrell\Documents\CodeDev\Arduino\libraries\LooUQ-LQCloud\examples\PlatformTest\.build\libraries\LooUQ-LQCloud\lqc_collections.c.o
                0x00004eda                lqc_getDictValue
 .text.lqc_getJsonPropValue
                0x00004f30      0x144 c:\Users\GregTerrell\Documents\CodeDev\Arduino\libraries\LooUQ-LQCloud\examples\PlatformTest\.build\libraries\LooUQ-LQCloud\lqc_collections.c.o
                0x00004f30                lqc_getJsonPropValue
 .text.lqc_sendTelemetry
                0x00005074      0x184 c:\Users\GregTerrell\Documents\CodeDev\Arduino\libraries\LooUQ-LQCloud\examples\PlatformTest\.build\libraries\LooUQ-LQCloud\lqc_telemetry.c.o
                0x00005074                lqc_sendTelemetry
 .text.wrkTime_create
                0x000051f8       0x16 c:\Users\GregTerrell\Documents\CodeDev\Arduino\libraries\LooUQ-LQCloud\examples\PlatformTest\.build\libraries\LooUQ-LQCloud\lqc_wrkSched.c.o
                0x000051f8                wrkTime_create
 .text.wrkTime_doNow
                0x0000520e       0x22 c:\Users\GregTerrell\Documents\CodeDev\Arduino\libraries\LooUQ-LQCloud\examples\PlatformTest\.build\libraries\LooUQ-LQCloud\lqc_wrkSched.c.o
                0x0000520e                wrkTime_doNow
 .text.wrkTime_isElapsed
                0x00005230       0x1a c:\Users\GregTerrell\Documents\CodeDev\Arduino\libraries\LooUQ-LQCloud\examples\PlatformTest\.build\libraries\LooUQ-LQCloud\lqc_wrkSched.c.o
                0x00005230                wrkTime_isElapsed
 .text._write   0x0000524a        0xe c:\Users\GregTerrell\Documents\CodeDev\Arduino\libraries\LooUQ-LQCloud\examples\PlatformTest\.build\libraries\JLinkRTT\RTT_Syscalls_GCC.c.o
                0x0000524a                _write
 .text.SEGGER_RTT_Write
                0x00005258       0xbc c:\Users\GregTerrell\Documents\CodeDev\Arduino\libraries\LooUQ-LQCloud\examples\PlatformTest\.build\libraries\JLinkRTT\SEGGER_RTT.c.o
                0x00005258                SEGGER_RTT_Write
 .text.SEGGER_RTT_WriteString
                0x00005314       0x1a c:\Users\GregTerrell\Documents\CodeDev\Arduino\libraries\LooUQ-LQCloud\examples\PlatformTest\.build\libraries\JLinkRTT\SEGGER_RTT.c.o
                0x00005314                SEGGER_RTT_WriteString
 *fill*         0x0000532e        0x2 
 .text.rtt_printf
                0x00005330       0xcc c:\Users\GregTerrell\Documents\CodeDev\Arduino\libraries\LooUQ-LQCloud\examples\PlatformTest\.build\libraries\JLinkRTT\jlinkRtt.c.o
                0x00005330                rtt_printf
 .text._ZN17Adafruit_NeoPixelD2Ev
                0x000053fc       0x1c c:\Users\GregTerrell\Documents\CodeDev\Arduino\libraries\LooUQ-LQCloud\examples\PlatformTest\.build\libraries\Adafruit_NeoPixel\Adafruit_NeoPixel.cpp.o
                0x000053fc                Adafruit_NeoPixel::~Adafruit_NeoPixel()
                0x000053fc                Adafruit_NeoPixel::~Adafruit_NeoPixel()
 .text._ZN17Adafruit_NeoPixel5beginEv
                0x00005418       0x22 c:\Users\GregTerrell\Documents\CodeDev\Arduino\libraries\LooUQ-LQCloud\examples\PlatformTest\.build\libraries\Adafruit_NeoPixel\Adafruit_NeoPixel.cpp.o
                0x00005418                Adafruit_NeoPixel::begin()
 .text._ZN17Adafruit_NeoPixel12updateLengthEt
                0x0000543a       0x3c c:\Users\GregTerrell\Documents\CodeDev\Arduino\libraries\LooUQ-LQCloud\examples\PlatformTest\.build\libraries\Adafruit_NeoPixel\Adafruit_NeoPixel.cpp.o
                0x0000543a                Adafruit_NeoPixel::updateLength(unsigned short)
 .text._ZN17Adafruit_NeoPixel10updateTypeEt
                0x00005476       0x46 c:\Users\GregTerrell\Documents\CodeDev\Arduino\libraries\LooUQ-LQCloud\examples\PlatformTest\.build\libraries\Adafruit_NeoPixel\Adafruit_NeoPixel.cpp.o
                0x00005476                Adafruit_NeoPixel::updateType(unsigned short)
 .text._ZN17Adafruit_NeoPixel4showEv
                0x000054bc      0x204 c:\Users\GregTerrell\Documents\CodeDev\Arduino\libraries\LooUQ-LQCloud\examples\PlatformTest\.build\libraries\Adafruit_NeoPixel\Adafruit_NeoPixel.cpp.o
                0x000054bc                Adafruit_NeoPixel::show()
 .text._ZN17Adafruit_NeoPixel6setPinEt
                0x000056c0       0x34 c:\Users\GregTerrell\Documents\CodeDev\Arduino\libraries\LooUQ-LQCloud\examples\PlatformTest\.build\libraries\Adafruit_NeoPixel\Adafruit_NeoPixel.cpp.o
                0x000056c0                Adafruit_NeoPixel::setPin(unsigned short)
 .text._ZN17Adafruit_NeoPixelC2Ettt
                0x000056f4       0x2e c:\Users\GregTerrell\Documents\CodeDev\Arduino\libraries\LooUQ-LQCloud\examples\PlatformTest\.build\libraries\Adafruit_NeoPixel\Adafruit_NeoPixel.cpp.o
                0x000056f4                Adafruit_NeoPixel::Adafruit_NeoPixel(unsigned short, unsigned short, unsigned short)
                0x000056f4                Adafruit_NeoPixel::Adafruit_NeoPixel(unsigned short, unsigned short, unsigned short)
 .text._ZN17Adafruit_NeoPixel13setPixelColorEthhh
                0x00005722       0x46 c:\Users\GregTerrell\Documents\CodeDev\Arduino\libraries\LooUQ-LQCloud\examples\PlatformTest\.build\libraries\Adafruit_NeoPixel\Adafruit_NeoPixel.cpp.o
                0x00005722                Adafruit_NeoPixel::setPixelColor(unsigned short, unsigned char, unsigned char, unsigned char)
 .text._ZN17Adafruit_NeoPixel13setBrightnessEh
                0x00005768       0x4c c:\Users\GregTerrell\Documents\CodeDev\Arduino\libraries\LooUQ-LQCloud\examples\PlatformTest\.build\libraries\Adafruit_NeoPixel\Adafruit_NeoPixel.cpp.o
                0x00005768                Adafruit_NeoPixel::setBrightness(unsigned char)
 .text._ZN8SPIClass11dmaCallbackEP16Adafruit_ZeroDMA
                0x000057b4       0x14 c:\Users\GregTerrell\Documents\CodeDev\Arduino\libraries\LooUQ-LQCloud\examples\PlatformTest\.build\libraries\SPI\SPI.cpp.o
                0x000057b4                SPIClass::dmaCallback(Adafruit_ZeroDMA*)
 .text._ZN8SPIClassC2EP6SERCOMhhh14SercomSpiTXPad11SercomRXPad
                0x000057c8       0x74 c:\Users\GregTerrell\Documents\CodeDev\Arduino\libraries\LooUQ-LQCloud\examples\PlatformTest\.build\libraries\SPI\SPI.cpp.o
                0x000057c8                SPIClass::SPIClass(SERCOM*, unsigned char, unsigned char, unsigned char, SercomSpiTXPad, SercomRXPad)
                0x000057c8                SPIClass::SPIClass(SERCOM*, unsigned char, unsigned char, unsigned char, SercomSpiTXPad, SercomRXPad)
 .text._ZN8SPIClass6configE11SPISettings
                0x0000583c       0x36 c:\Users\GregTerrell\Documents\CodeDev\Arduino\libraries\LooUQ-LQCloud\examples\PlatformTest\.build\libraries\SPI\SPI.cpp.o
                0x0000583c                SPIClass::config(SPISettings)
 *fill*         0x00005872        0x2 
 .text._ZN8SPIClass14usingInterruptEi
                0x00005874       0x44 c:\Users\GregTerrell\Documents\CodeDev\Arduino\libraries\LooUQ-LQCloud\examples\PlatformTest\.build\libraries\SPI\SPI.cpp.o
                0x00005874                SPIClass::usingInterrupt(int)
 .text._ZN8SPIClass17notUsingInterruptEi
                0x000058b8       0x3c c:\Users\GregTerrell\Documents\CodeDev\Arduino\libraries\LooUQ-LQCloud\examples\PlatformTest\.build\libraries\SPI\SPI.cpp.o
                0x000058b8                SPIClass::notUsingInterrupt(int)
 .text._ZN8SPIClass16beginTransactionE11SPISettings
                0x000058f4       0x38 c:\Users\GregTerrell\Documents\CodeDev\Arduino\libraries\LooUQ-LQCloud\examples\PlatformTest\.build\libraries\SPI\SPI.cpp.o
                0x000058f4                SPIClass::beginTransaction(SPISettings)
 .text._ZN8SPIClass14endTransactionEv
                0x0000592c       0x28 c:\Users\GregTerrell\Documents\CodeDev\Arduino\libraries\LooUQ-LQCloud\examples\PlatformTest\.build\libraries\SPI\SPI.cpp.o
                0x0000592c                SPIClass::endTransaction()
 .text._ZN8SPIClass8transferEh
                0x00005954        0xa c:\Users\GregTerrell\Documents\CodeDev\Arduino\libraries\LooUQ-LQCloud\examples\PlatformTest\.build\libraries\SPI\SPI.cpp.o
                0x00005954                SPIClass::transfer(unsigned char)
 .text._ZN8SPIClass8transferEPvj
                0x0000595e       0x1c c:\Users\GregTerrell\Documents\CodeDev\Arduino\libraries\LooUQ-LQCloud\examples\PlatformTest\.build\libraries\SPI\SPI.cpp.o
                0x0000595e                SPIClass::transfer(void*, unsigned int)
 *fill*         0x0000597a        0x2 
 .text._ZN8SPIClass15getDataRegisterEv
                0x0000597c       0x20 c:\Users\GregTerrell\Documents\CodeDev\Arduino\libraries\LooUQ-LQCloud\examples\PlatformTest\.build\libraries\SPI\SPI.cpp.o
                0x0000597c                SPIClass::getDataRegister()
 .text._ZN8SPIClass13getDMAC_ID_TXEv
                0x0000599c       0x24 c:\Users\GregTerrell\Documents\CodeDev\Arduino\libraries\LooUQ-LQCloud\examples\PlatformTest\.build\libraries\SPI\SPI.cpp.o
                0x0000599c                SPIClass::getDMAC_ID_TX()
 .text._ZN8SPIClass13getDMAC_ID_RXEv
                0x000059c0       0x24 c:\Users\GregTerrell\Documents\CodeDev\Arduino\libraries\LooUQ-LQCloud\examples\PlatformTest\.build\libraries\SPI\SPI.cpp.o
                0x000059c0                SPIClass::getDMAC_ID_RX()
 .text._ZN8SPIClass11dmaAllocateEv
                0x000059e4       0xf4 c:\Users\GregTerrell\Documents\CodeDev\Arduino\libraries\LooUQ-LQCloud\examples\PlatformTest\.build\libraries\SPI\SPI.cpp.o
                0x000059e4                SPIClass::dmaAllocate()
 .text._ZN8SPIClass5beginEv
                0x00005ad8       0x68 c:\Users\GregTerrell\Documents\CodeDev\Arduino\libraries\LooUQ-LQCloud\examples\PlatformTest\.build\libraries\SPI\SPI.cpp.o
                0x00005ad8                SPIClass::begin()
 .text.startup._GLOBAL__sub_I__ZN8SPIClassC2EP6SERCOMhhh14SercomSpiTXPad11SercomRXPad
                0x00005b40       0x54 c:\Users\GregTerrell\Documents\CodeDev\Arduino\libraries\LooUQ-LQCloud\examples\PlatformTest\.build\libraries\SPI\SPI.cpp.o
 .text._ZL22cpu_irq_enter_criticalv
                0x00005b94       0x2c c:\Users\GregTerrell\Documents\CodeDev\Arduino\libraries\LooUQ-LQCloud\examples\PlatformTest\.build\libraries\Adafruit_ZeroDMA\Adafruit_ZeroDMA.cpp.o
 .text._ZL22cpu_irq_leave_criticalv
                0x00005bc0       0x2c c:\Users\GregTerrell\Documents\CodeDev\Arduino\libraries\LooUQ-LQCloud\examples\PlatformTest\.build\libraries\Adafruit_ZeroDMA\Adafruit_ZeroDMA.cpp.o
 .text._ZN16Adafruit_ZeroDMAC2Ev
                0x00005bec       0x20 c:\Users\GregTerrell\Documents\CodeDev\Arduino\libraries\LooUQ-LQCloud\examples\PlatformTest\.build\libraries\Adafruit_ZeroDMA\Adafruit_ZeroDMA.cpp.o
                0x00005bec                Adafruit_ZeroDMA::Adafruit_ZeroDMA()
                0x00005bec                Adafruit_ZeroDMA::Adafruit_ZeroDMA()
 .text._ZN16Adafruit_ZeroDMA11_IRQhandlerEh
                0x00005c0c       0x44 c:\Users\GregTerrell\Documents\CodeDev\Arduino\libraries\LooUQ-LQCloud\examples\PlatformTest\.build\libraries\Adafruit_ZeroDMA\Adafruit_ZeroDMA.cpp.o
                0x00005c0c                Adafruit_ZeroDMA::_IRQhandler(unsigned char)
 .text.DMAC_Handler
                0x00005c50       0x48 c:\Users\GregTerrell\Documents\CodeDev\Arduino\libraries\LooUQ-LQCloud\examples\PlatformTest\.build\libraries\Adafruit_ZeroDMA\Adafruit_ZeroDMA.cpp.o
                0x00005c50                DMAC_Handler
 .text._ZN16Adafruit_ZeroDMA8allocateEv
                0x00005c98      0x134 c:\Users\GregTerrell\Documents\CodeDev\Arduino\libraries\LooUQ-LQCloud\examples\PlatformTest\.build\libraries\Adafruit_ZeroDMA\Adafruit_ZeroDMA.cpp.o
                0x00005c98                Adafruit_ZeroDMA::allocate()
 .text._ZN16Adafruit_ZeroDMA4freeEv
                0x00005dcc       0x84 c:\Users\GregTerrell\Documents\CodeDev\Arduino\libraries\LooUQ-LQCloud\examples\PlatformTest\.build\libraries\Adafruit_ZeroDMA\Adafruit_ZeroDMA.cpp.o
                0x00005dcc                Adafruit_ZeroDMA::free()
 .text._ZN16Adafruit_ZeroDMA11setCallbackEPFvPS_E17dma_callback_type
                0x00005e50        0x8 c:\Users\GregTerrell\Documents\CodeDev\Arduino\libraries\LooUQ-LQCloud\examples\PlatformTest\.build\libraries\Adafruit_ZeroDMA\Adafruit_ZeroDMA.cpp.o
                0x00005e50                Adafruit_ZeroDMA::setCallback(void (*)(Adafruit_ZeroDMA*), dma_callback_type)
 .text._ZN16Adafruit_ZeroDMA10setTriggerEh
                0x00005e58       0x48 c:\Users\GregTerrell\Documents\CodeDev\Arduino\libraries\LooUQ-LQCloud\examples\PlatformTest\.build\libraries\Adafruit_ZeroDMA\Adafruit_ZeroDMA.cpp.o
                0x00005e58                Adafruit_ZeroDMA::setTrigger(unsigned char)
 .text._ZN16Adafruit_ZeroDMA9setActionE27dma_transfer_trigger_action
                0x00005ea0       0x48 c:\Users\GregTerrell\Documents\CodeDev\Arduino\libraries\LooUQ-LQCloud\examples\PlatformTest\.build\libraries\Adafruit_ZeroDMA\Adafruit_ZeroDMA.cpp.o
                0x00005ea0                Adafruit_ZeroDMA::setAction(dma_transfer_trigger_action)
 .text._ZN16Adafruit_ZeroDMA13addDescriptorEPvS0_m13dma_beat_sizebbmb
                0x00005ee8      0x14c c:\Users\GregTerrell\Documents\CodeDev\Arduino\libraries\LooUQ-LQCloud\examples\PlatformTest\.build\libraries\Adafruit_ZeroDMA\Adafruit_ZeroDMA.cpp.o
                0x00005ee8                Adafruit_ZeroDMA::addDescriptor(void*, void*, unsigned long, dma_beat_size, bool, bool, unsigned long, bool)
 .text.SERCOM0_Handler
                0x00006034       0x10 c:\Users\GregTerrell\Documents\CodeDev\Arduino\libraries\LooUQ-LQCloud\examples\PlatformTest\.build\core\variant.cpp.o
                0x00006034                SERCOM0_Handler
 .text.startup._GLOBAL__sub_I_g_APinDescription
                0x00006044       0x7c c:\Users\GregTerrell\Documents\CodeDev\Arduino\libraries\LooUQ-LQCloud\examples\PlatformTest\.build\core\variant.cpp.o
 .text.attachInterrupt
                0x000060c0      0x184 c:\Users\GregTerrell\Documents\CodeDev\Arduino\libraries\LooUQ-LQCloud\examples\PlatformTest\.build/core\core.a(WInterrupts.c.o)
                0x000060c0                attachInterrupt
 .text.EIC_Handler
                0x00006244       0x3c c:\Users\GregTerrell\Documents\CodeDev\Arduino\libraries\LooUQ-LQCloud\examples\PlatformTest\.build/core\core.a(WInterrupts.c.o)
                0x00006244                EIC_Handler
 .text.NMI_Handler
                0x00006280       0x20 c:\Users\GregTerrell\Documents\CodeDev\Arduino\libraries\LooUQ-LQCloud\examples\PlatformTest\.build/core\core.a(WInterrupts.c.o)
                0x00006280                NMI_Handler
 .text.Dummy_Handler
                0x000062a0        0x2 c:\Users\GregTerrell\Documents\CodeDev\Arduino\libraries\LooUQ-LQCloud\examples\PlatformTest\.build/core\core.a(cortex_handlers.c.o)
                0x000062a0                HardFault_Handler
                0x000062a0                AC_Handler
                0x000062a0                PendSV_Handler
                0x000062a0                TC7_Handler
                0x000062a0                SERCOM1_Handler
                0x000062a0                ADC_Handler
                0x000062a0                TCC1_Handler
                0x000062a0                SERCOM2_Handler
                0x000062a0                TCC0_Handler
                0x000062a0                RTC_Handler
                0x000062a0                TC6_Handler
                0x000062a0                WDT_Handler
                0x000062a0                TC4_Handler
                0x000062a0                TC3_Handler
                0x000062a0                Dummy_Handler
                0x000062a0                PM_Handler
                0x000062a0                SERCOM5_Handler
                0x000062a0                SVC_Handler
                0x000062a0                TCC2_Handler
                0x000062a0                EVSYS_Handler
                0x000062a0                SERCOM3_Handler
                0x000062a0                SERCOM4_Handler
                0x000062a0                I2S_Handler
                0x000062a0                NVMCTRL_Handler
                0x000062a0                DAC_Handler
                0x000062a0                PTC_Handler
                0x000062a0                SYSCTRL_Handler
 *fill*         0x000062a2        0x2 
 .text.USB_Handler
                0x000062a4       0x14 c:\Users\GregTerrell\Documents\CodeDev\Arduino\libraries\LooUQ-LQCloud\examples\PlatformTest\.build/core\core.a(cortex_handlers.c.o)
                0x000062a4                USB_Handler
 .text.Reset_Handler
                0x000062b8       0x54 c:\Users\GregTerrell\Documents\CodeDev\Arduino\libraries\LooUQ-LQCloud\examples\PlatformTest\.build/core\core.a(cortex_handlers.c.o)
                0x000062b8                Reset_Handler
 .text.SysTick_Handler
                0x0000630c       0x10 c:\Users\GregTerrell\Documents\CodeDev\Arduino\libraries\LooUQ-LQCloud\examples\PlatformTest\.build/core\core.a(cortex_handlers.c.o)
                0x0000630c                SysTick_Handler
 .text.USB_SetHandler
                0x0000631c        0xc c:\Users\GregTerrell\Documents\CodeDev\Arduino\libraries\LooUQ-LQCloud\examples\PlatformTest\.build/core\core.a(cortex_handlers.c.o)
                0x0000631c                USB_SetHandler
 .text.millis   0x00006328        0xc c:\Users\GregTerrell\Documents\CodeDev\Arduino\libraries\LooUQ-LQCloud\examples\PlatformTest\.build/core\core.a(delay.c.o)
                0x00006328                millis
 .text.micros   0x00006334       0x60 c:\Users\GregTerrell\Documents\CodeDev\Arduino\libraries\LooUQ-LQCloud\examples\PlatformTest\.build/core\core.a(delay.c.o)
                0x00006334                micros
 .text.delay    0x00006394       0x2c c:\Users\GregTerrell\Documents\CodeDev\Arduino\libraries\LooUQ-LQCloud\examples\PlatformTest\.build/core\core.a(delay.c.o)
                0x00006394                delay
 .text.SysTick_DefaultHandler
                0x000063c0       0x14 c:\Users\GregTerrell\Documents\CodeDev\Arduino\libraries\LooUQ-LQCloud\examples\PlatformTest\.build/core\core.a(delay.c.o)
                0x000063c0                SysTick_DefaultHandler
 .text.__empty  0x000063d4        0x2 c:\Users\GregTerrell\Documents\CodeDev\Arduino\libraries\LooUQ-LQCloud\examples\PlatformTest\.build/core\core.a(hooks.c.o)
                0x000063d4                yield
 .text.__false  0x000063d6        0x4 c:\Users\GregTerrell\Documents\CodeDev\Arduino\libraries\LooUQ-LQCloud\examples\PlatformTest\.build/core\core.a(hooks.c.o)
                0x000063d6                sysTickHook
 *fill*         0x000063da        0x2 
 .text.SystemInit
                0x000063dc      0x160 c:\Users\GregTerrell\Documents\CodeDev\Arduino\libraries\LooUQ-LQCloud\examples\PlatformTest\.build/core\core.a(startup.c.o)
                0x000063dc                SystemInit
 .text.init     0x0000653c       0xe0 c:\Users\GregTerrell\Documents\CodeDev\Arduino\libraries\LooUQ-LQCloud\examples\PlatformTest\.build/core\core.a(wiring.c.o)
                0x0000653c                init
 .text.analogReference
                0x0000661c       0x88 c:\Users\GregTerrell\Documents\CodeDev\Arduino\libraries\LooUQ-LQCloud\examples\PlatformTest\.build/core\core.a(wiring_analog.c.o)
                0x0000661c                analogReference
 .text.analogRead
                0x000066a4       0xe8 c:\Users\GregTerrell\Documents\CodeDev\Arduino\libraries\LooUQ-LQCloud\examples\PlatformTest\.build/core\core.a(wiring_analog.c.o)
                0x000066a4                analogRead
 .text.pinMode  0x0000678c       0x60 c:\Users\GregTerrell\Documents\CodeDev\Arduino\libraries\LooUQ-LQCloud\examples\PlatformTest\.build/core\core.a(wiring_digital.c.o)
                0x0000678c                pinMode
 .text.digitalWrite
                0x000067ec       0x58 c:\Users\GregTerrell\Documents\CodeDev\Arduino\libraries\LooUQ-LQCloud\examples\PlatformTest\.build/core\core.a(wiring_digital.c.o)
                0x000067ec                digitalWrite
 .text.digitalRead
                0x00006844       0x30 c:\Users\GregTerrell\Documents\CodeDev\Arduino\libraries\LooUQ-LQCloud\examples\PlatformTest\.build/core\core.a(wiring_digital.c.o)
                0x00006844                digitalRead
 .text.pinPeripheral
                0x00006874       0xbc c:\Users\GregTerrell\Documents\CodeDev\Arduino\libraries\LooUQ-LQCloud\examples\PlatformTest\.build/core\core.a(wiring_private.c.o)
                0x00006874                pinPeripheral
 .text._ZN5Print5writeEPKhj
                0x00006930       0x24 c:\Users\GregTerrell\Documents\CodeDev\Arduino\libraries\LooUQ-LQCloud\examples\PlatformTest\.build/core\core.a(Print.cpp.o)
                0x00006930                Print::write(unsigned char const*, unsigned int)
 .text.initiateReset
                0x00006954        0xc c:\Users\GregTerrell\Documents\CodeDev\Arduino\libraries\LooUQ-LQCloud\examples\PlatformTest\.build/core\core.a(Reset.cpp.o)
                0x00006954                initiateReset
 .text.cancelReset
                0x00006960       0x10 c:\Users\GregTerrell\Documents\CodeDev\Arduino\libraries\LooUQ-LQCloud\examples\PlatformTest\.build/core\core.a(Reset.cpp.o)
                0x00006960                cancelReset
 .text.tickReset
                0x00006970       0x74 c:\Users\GregTerrell\Documents\CodeDev\Arduino\libraries\LooUQ-LQCloud\examples\PlatformTest\.build/core\core.a(Reset.cpp.o)
                0x00006970                tickReset
 .text._ZN6SERCOMC2EP6Sercom
                0x000069e4        0x4 c:\Users\GregTerrell\Documents\CodeDev\Arduino\libraries\LooUQ-LQCloud\examples\PlatformTest\.build/core\core.a(SERCOM.cpp.o)
                0x000069e4                SERCOM::SERCOM(Sercom*)
                0x000069e4                SERCOM::SERCOM(Sercom*)
 .text._ZN6SERCOM9initFrameE18SercomUartCharSize15SercomDataOrder16SercomParityMode19SercomNumberStopBit
                0x000069e8       0x3a c:\Users\GregTerrell\Documents\CodeDev\Arduino\libraries\LooUQ-LQCloud\examples\PlatformTest\.build/core\core.a(SERCOM.cpp.o)
                0x000069e8                SERCOM::initFrame(SercomUartCharSize, SercomDataOrder, SercomParityMode, SercomNumberStopBit)
 .text._ZN6SERCOM8initPadsE15SercomUartTXPad11SercomRXPad
                0x00006a22       0x26 c:\Users\GregTerrell\Documents\CodeDev\Arduino\libraries\LooUQ-LQCloud\examples\PlatformTest\.build/core\core.a(SERCOM.cpp.o)
                0x00006a22                SERCOM::initPads(SercomUartTXPad, SercomRXPad)
 .text._ZN6SERCOM9resetUARTEv
                0x00006a48       0x1a c:\Users\GregTerrell\Documents\CodeDev\Arduino\libraries\LooUQ-LQCloud\examples\PlatformTest\.build/core\core.a(SERCOM.cpp.o)
                0x00006a48                SERCOM::resetUART()
 .text._ZN6SERCOM10enableUARTEv
                0x00006a62       0x14 c:\Users\GregTerrell\Documents\CodeDev\Arduino\libraries\LooUQ-LQCloud\examples\PlatformTest\.build/core\core.a(SERCOM.cpp.o)
                0x00006a62                SERCOM::enableUART()
 .text._ZN6SERCOM9flushUARTEv
                0x00006a76       0x10 c:\Users\GregTerrell\Documents\CodeDev\Arduino\libraries\LooUQ-LQCloud\examples\PlatformTest\.build/core\core.a(SERCOM.cpp.o)
                0x00006a76                SERCOM::flushUART()
 .text._ZN6SERCOM15clearStatusUARTEv
                0x00006a86        0x8 c:\Users\GregTerrell\Documents\CodeDev\Arduino\libraries\LooUQ-LQCloud\examples\PlatformTest\.build/core\core.a(SERCOM.cpp.o)
                0x00006a86                SERCOM::clearStatusUART()
 .text._ZN6SERCOM17availableDataUARTEv
                0x00006a8e        0xa c:\Users\GregTerrell\Documents\CodeDev\Arduino\libraries\LooUQ-LQCloud\examples\PlatformTest\.build/core\core.a(SERCOM.cpp.o)
                0x00006a8e                SERCOM::availableDataUART()
 .text._ZN6SERCOM11isUARTErrorEv
                0x00006a98        0x8 c:\Users\GregTerrell\Documents\CodeDev\Arduino\libraries\LooUQ-LQCloud\examples\PlatformTest\.build/core\core.a(SERCOM.cpp.o)
                0x00006a98                SERCOM::isUARTError()
 .text._ZN6SERCOM20acknowledgeUARTErrorEv
                0x00006aa0        0xe c:\Users\GregTerrell\Documents\CodeDev\Arduino\libraries\LooUQ-LQCloud\examples\PlatformTest\.build/core\core.a(SERCOM.cpp.o)
                0x00006aa0                SERCOM::acknowledgeUARTError()
 .text._ZN6SERCOM16isFrameErrorUARTEv
                0x00006aae        0xa c:\Users\GregTerrell\Documents\CodeDev\Arduino\libraries\LooUQ-LQCloud\examples\PlatformTest\.build/core\core.a(SERCOM.cpp.o)
                0x00006aae                SERCOM::isFrameErrorUART()
 .text._ZN6SERCOM19clearFrameErrorUARTEv
                0x00006ab8        0xc c:\Users\GregTerrell\Documents\CodeDev\Arduino\libraries\LooUQ-LQCloud\examples\PlatformTest\.build/core\core.a(SERCOM.cpp.o)
                0x00006ab8                SERCOM::clearFrameErrorUART()
 .text._ZN6SERCOM23isDataRegisterEmptyUARTEv
                0x00006ac4        0xa c:\Users\GregTerrell\Documents\CodeDev\Arduino\libraries\LooUQ-LQCloud\examples\PlatformTest\.build/core\core.a(SERCOM.cpp.o)
                0x00006ac4                SERCOM::isDataRegisterEmptyUART()
 .text._ZN6SERCOM12readDataUARTEv
                0x00006ace        0x8 c:\Users\GregTerrell\Documents\CodeDev\Arduino\libraries\LooUQ-LQCloud\examples\PlatformTest\.build/core\core.a(SERCOM.cpp.o)
                0x00006ace                SERCOM::readDataUART()
 .text._ZN6SERCOM13writeDataUARTEh
                0x00006ad6       0x10 c:\Users\GregTerrell\Documents\CodeDev\Arduino\libraries\LooUQ-LQCloud\examples\PlatformTest\.build/core\core.a(SERCOM.cpp.o)
                0x00006ad6                SERCOM::writeDataUART(unsigned char)
 .text._ZN6SERCOM36enableDataRegisterEmptyInterruptUARTEv
                0x00006ae6        0x8 c:\Users\GregTerrell\Documents\CodeDev\Arduino\libraries\LooUQ-LQCloud\examples\PlatformTest\.build/core\core.a(SERCOM.cpp.o)
                0x00006ae6                SERCOM::enableDataRegisterEmptyInterruptUART()
 .text._ZN6SERCOM37disableDataRegisterEmptyInterruptUARTEv
                0x00006aee        0x8 c:\Users\GregTerrell\Documents\CodeDev\Arduino\libraries\LooUQ-LQCloud\examples\PlatformTest\.build/core\core.a(SERCOM.cpp.o)
                0x00006aee                SERCOM::disableDataRegisterEmptyInterruptUART()
 .text._ZN6SERCOM8resetSPIEv
                0x00006af6       0x1a c:\Users\GregTerrell\Documents\CodeDev\Arduino\libraries\LooUQ-LQCloud\examples\PlatformTest\.build/core\core.a(SERCOM.cpp.o)
                0x00006af6                SERCOM::resetSPI()
 .text._ZN6SERCOM9enableSPIEv
                0x00006b10       0x14 c:\Users\GregTerrell\Documents\CodeDev\Arduino\libraries\LooUQ-LQCloud\examples\PlatformTest\.build/core\core.a(SERCOM.cpp.o)
                0x00006b10                SERCOM::enableSPI()
 .text._ZN6SERCOM10disableSPIEv
                0x00006b24       0x12 c:\Users\GregTerrell\Documents\CodeDev\Arduino\libraries\LooUQ-LQCloud\examples\PlatformTest\.build/core\core.a(SERCOM.cpp.o)
                0x00006b24                SERCOM::disableSPI()
 .text._ZN6SERCOM15transferDataSPIEh
                0x00006b36       0x1a c:\Users\GregTerrell\Documents\CodeDev\Arduino\libraries\LooUQ-LQCloud\examples\PlatformTest\.build/core\core.a(SERCOM.cpp.o)
                0x00006b36                SERCOM::transferDataSPI(unsigned char)
 .text._ZN6SERCOM28calculateBaudrateSynchronousEm
                0x00006b50       0x1c c:\Users\GregTerrell\Documents\CodeDev\Arduino\libraries\LooUQ-LQCloud\examples\PlatformTest\.build/core\core.a(SERCOM.cpp.o)
                0x00006b50                SERCOM::calculateBaudrateSynchronous(unsigned long)
 .text._ZN6SERCOM12initSPIClockE18SercomSpiClockModem
                0x00006b6c       0x26 c:\Users\GregTerrell\Documents\CodeDev\Arduino\libraries\LooUQ-LQCloud\examples\PlatformTest\.build/core\core.a(SERCOM.cpp.o)
                0x00006b6c                SERCOM::initSPIClock(SercomSpiClockMode, unsigned long)
 *fill*         0x00006b92        0x2 
 .text._ZN6SERCOM14getSercomIndexEv
                0x00006b94       0x5c c:\Users\GregTerrell\Documents\CodeDev\Arduino\libraries\LooUQ-LQCloud\examples\PlatformTest\.build/core\core.a(SERCOM.cpp.o)
                0x00006b94                SERCOM::getSercomIndex()
 .text._ZN6SERCOM13initClockNVICEv
                0x00006bf0       0x90 c:\Users\GregTerrell\Documents\CodeDev\Arduino\libraries\LooUQ-LQCloud\examples\PlatformTest\.build/core\core.a(SERCOM.cpp.o)
                0x00006bf0                SERCOM::initClockNVIC()
 .text._ZN6SERCOM8initUARTE14SercomUartMode20SercomUartSampleRatem
                0x00006c80       0x6c c:\Users\GregTerrell\Documents\CodeDev\Arduino\libraries\LooUQ-LQCloud\examples\PlatformTest\.build/core\core.a(SERCOM.cpp.o)
                0x00006c80                SERCOM::initUART(SercomUartMode, SercomUartSampleRate, unsigned long)
 .text._ZN6SERCOM7initSPIE14SercomSpiTXPad11SercomRXPad17SercomSpiCharSize15SercomDataOrder
                0x00006cec       0x52 c:\Users\GregTerrell\Documents\CodeDev\Arduino\libraries\LooUQ-LQCloud\examples\PlatformTest\.build/core\core.a(SERCOM.cpp.o)
                0x00006cec                SERCOM::initSPI(SercomSpiTXPad, SercomRXPad, SercomSpiCharSize, SercomDataOrder)
 .text._ZN7Serial_17availableForWriteEv
                0x00006d3e        0x4 c:\Users\GregTerrell\Documents\CodeDev\Arduino\libraries\LooUQ-LQCloud\examples\PlatformTest\.build/core\core.a(CDC.cpp.o)
                0x00006d3e                Serial_::availableForWrite()
 .text._ZN7Serial_5writeEh
                0x00006d42       0x14 c:\Users\GregTerrell\Documents\CodeDev\Arduino\libraries\LooUQ-LQCloud\examples\PlatformTest\.build/core\core.a(CDC.cpp.o)
                0x00006d42                Serial_::write(unsigned char)
 .text._ZN7Serial_9availableEv
                0x00006d56        0xc c:\Users\GregTerrell\Documents\CodeDev\Arduino\libraries\LooUQ-LQCloud\examples\PlatformTest\.build/core\core.a(CDC.cpp.o)
                0x00006d56                Serial_::available()
 .text._ZN7Serial_5flushEv
                0x00006d62        0xc c:\Users\GregTerrell\Documents\CodeDev\Arduino\libraries\LooUQ-LQCloud\examples\PlatformTest\.build/core\core.a(CDC.cpp.o)
                0x00006d62                Serial_::flush()
 *fill*         0x00006d6e        0x2 
 .text._ZN7Serial_5writeEPKhj
                0x00006d70       0x2c c:\Users\GregTerrell\Documents\CodeDev\Arduino\libraries\LooUQ-LQCloud\examples\PlatformTest\.build/core\core.a(CDC.cpp.o)
                0x00006d70                Serial_::write(unsigned char const*, unsigned int)
 .text._ZN7Serial_4peekEv
                0x00006d9c       0x1c c:\Users\GregTerrell\Documents\CodeDev\Arduino\libraries\LooUQ-LQCloud\examples\PlatformTest\.build/core\core.a(CDC.cpp.o)
                0x00006d9c                Serial_::peek()
 .text._ZN7Serial_4readEv
                0x00006db8       0x24 c:\Users\GregTerrell\Documents\CodeDev\Arduino\libraries\LooUQ-LQCloud\examples\PlatformTest\.build/core\core.a(CDC.cpp.o)
                0x00006db8                Serial_::read()
 .text._Z16CDC_GetInterfacePh
                0x00006ddc       0x1c c:\Users\GregTerrell\Documents\CodeDev\Arduino\libraries\LooUQ-LQCloud\examples\PlatformTest\.build/core\core.a(CDC.cpp.o)
                0x00006ddc                CDC_GetInterface(unsigned char*)
 .text._Z9CDC_SetupR8USBSetup
                0x00006df8       0x7c c:\Users\GregTerrell\Documents\CodeDev\Arduino\libraries\LooUQ-LQCloud\examples\PlatformTest\.build/core\core.a(CDC.cpp.o)
                0x00006df8                CDC_Setup(USBSetup&)
 .text.startup._GLOBAL__sub_I__Z17_CDC_GetInterfacev
                0x00006e74       0x28 c:\Users\GregTerrell\Documents\CodeDev\Arduino\libraries\LooUQ-LQCloud\examples\PlatformTest\.build/core\core.a(CDC.cpp.o)
 .text._ZN26DoubleBufferedEPOutHandler4initEv
                0x00006e9c        0x2 c:\Users\GregTerrell\Documents\CodeDev\Arduino\libraries\LooUQ-LQCloud\examples\PlatformTest\.build/core\core.a(USBCore.cpp.o)
                0x00006e9c                DoubleBufferedEPOutHandler::init()
 .text._ZL5utox8mPc
                0x00006e9e       0x26 c:\Users\GregTerrell\Documents\CodeDev\Arduino\libraries\LooUQ-LQCloud\examples\PlatformTest\.build/core\core.a(USBCore.cpp.o)
 .text._ZN26DoubleBufferedEPOutHandlerD2Ev
                0x00006ec4       0x14 c:\Users\GregTerrell\Documents\CodeDev\Arduino\libraries\LooUQ-LQCloud\examples\PlatformTest\.build/core\core.a(USBCore.cpp.o)
                0x00006ec4                DoubleBufferedEPOutHandler::~DoubleBufferedEPOutHandler()
                0x00006ec4                DoubleBufferedEPOutHandler::~DoubleBufferedEPOutHandler()
 .text._ZN26DoubleBufferedEPOutHandlerD0Ev
                0x00006ed8       0x12 c:\Users\GregTerrell\Documents\CodeDev\Arduino\libraries\LooUQ-LQCloud\examples\PlatformTest\.build/core\core.a(USBCore.cpp.o)
                0x00006ed8                DoubleBufferedEPOutHandler::~DoubleBufferedEPOutHandler()
 *fill*         0x00006eea        0x2 
 .text._ZN14USBDeviceClass6initEPEmm.part.0
                0x00006eec       0xe8 c:\Users\GregTerrell\Documents\CodeDev\Arduino\libraries\LooUQ-LQCloud\examples\PlatformTest\.build/core\core.a(USBCore.cpp.o)
 .text._ZN7__GuardC2Ev
                0x00006fd4        0xe c:\Users\GregTerrell\Documents\CodeDev\Arduino\libraries\LooUQ-LQCloud\examples\PlatformTest\.build/core\core.a(USBCore.cpp.o)
                0x00006fd4                __Guard::__Guard()
                0x00006fd4                __Guard::__Guard()
 .text._ZN7__GuardD2Ev
                0x00006fe2        0xe c:\Users\GregTerrell\Documents\CodeDev\Arduino\libraries\LooUQ-LQCloud\examples\PlatformTest\.build/core\core.a(USBCore.cpp.o)
                0x00006fe2                __Guard::~__Guard()
                0x00006fe2                __Guard::~__Guard()
 .text._ZNK26DoubleBufferedEPOutHandler9availableEv
                0x00006ff0       0x5e c:\Users\GregTerrell\Documents\CodeDev\Arduino\libraries\LooUQ-LQCloud\examples\PlatformTest\.build/core\core.a(USBCore.cpp.o)
                0x00006ff0                DoubleBufferedEPOutHandler::available() const
 *fill*         0x0000704e        0x2 
 .text._ZN26DoubleBufferedEPOutHandler7releaseEv
                0x00007050       0x54 c:\Users\GregTerrell\Documents\CodeDev\Arduino\libraries\LooUQ-LQCloud\examples\PlatformTest\.build/core\core.a(USBCore.cpp.o)
                0x00007050                DoubleBufferedEPOutHandler::release()
 .text._ZN26DoubleBufferedEPOutHandler4recvEPvm
                0x000070a4      0x11a c:\Users\GregTerrell\Documents\CodeDev\Arduino\libraries\LooUQ-LQCloud\examples\PlatformTest\.build/core\core.a(USBCore.cpp.o)
                0x000070a4                DoubleBufferedEPOutHandler::recv(void*, unsigned long)
 .text._ZN26DoubleBufferedEPOutHandler14handleEndpointEv
                0x000071be       0xc2 c:\Users\GregTerrell\Documents\CodeDev\Arduino\libraries\LooUQ-LQCloud\examples\PlatformTest\.build/core\core.a(USBCore.cpp.o)
                0x000071be                DoubleBufferedEPOutHandler::handleEndpoint()
 .text._ZN14USBDeviceClass14SendInterfacesEPm
                0x00007280       0x2e c:\Users\GregTerrell\Documents\CodeDev\Arduino\libraries\LooUQ-LQCloud\examples\PlatformTest\.build/core\core.a(USBCore.cpp.o)
                0x00007280                USBDeviceClass::SendInterfaces(unsigned long*)
 *fill*         0x000072ae        0x2 
 .text._ZN14USBDeviceClass14handleEndpointEh
                0x000072b0       0x44 c:\Users\GregTerrell\Documents\CodeDev\Arduino\libraries\LooUQ-LQCloud\examples\PlatformTest\.build/core\core.a(USBCore.cpp.o)
                0x000072b0                USBDeviceClass::handleEndpoint(unsigned char)
 .text._ZN14USBDeviceClass4initEv
                0x000072f4       0xf0 c:\Users\GregTerrell\Documents\CodeDev\Arduino\libraries\LooUQ-LQCloud\examples\PlatformTest\.build/core\core.a(USBCore.cpp.o)
                0x000072f4                USBDeviceClass::init()
 .text._ZN14USBDeviceClass6attachEv
                0x000073e4       0x34 c:\Users\GregTerrell\Documents\CodeDev\Arduino\libraries\LooUQ-LQCloud\examples\PlatformTest\.build/core\core.a(USBCore.cpp.o)
                0x000073e4                USBDeviceClass::attach()
 .text._ZN14USBDeviceClass10setAddressEm
                0x00007418       0x44 c:\Users\GregTerrell\Documents\CodeDev\Arduino\libraries\LooUQ-LQCloud\examples\PlatformTest\.build/core\core.a(USBCore.cpp.o)
                0x00007418                USBDeviceClass::setAddress(unsigned long)
 .text._ZN14USBDeviceClass25handleClassInterfaceSetupER8USBSetup
                0x0000745c       0x44 c:\Users\GregTerrell\Documents\CodeDev\Arduino\libraries\LooUQ-LQCloud\examples\PlatformTest\.build/core\core.a(USBCore.cpp.o)
                0x0000745c                USBDeviceClass::handleClassInterfaceSetup(USBSetup&)
 .text._ZN14USBDeviceClass6initEPEmm
                0x000074a0       0xec c:\Users\GregTerrell\Documents\CodeDev\Arduino\libraries\LooUQ-LQCloud\examples\PlatformTest\.build/core\core.a(USBCore.cpp.o)
                0x000074a0                USBDeviceClass::initEP(unsigned long, unsigned long)
 .text._ZN14USBDeviceClass13initEndpointsEv
                0x0000758c       0x24 c:\Users\GregTerrell\Documents\CodeDev\Arduino\libraries\LooUQ-LQCloud\examples\PlatformTest\.build/core\core.a(USBCore.cpp.o)
                0x0000758c                USBDeviceClass::initEndpoints()
 .text._ZN14USBDeviceClass9availableEm
                0x000075b0       0x2c c:\Users\GregTerrell\Documents\CodeDev\Arduino\libraries\LooUQ-LQCloud\examples\PlatformTest\.build/core\core.a(USBCore.cpp.o)
                0x000075b0                USBDeviceClass::available(unsigned long)
 .text._ZN14USBDeviceClass5flushEm
                0x000075dc       0x2c c:\Users\GregTerrell\Documents\CodeDev\Arduino\libraries\LooUQ-LQCloud\examples\PlatformTest\.build/core\core.a(USBCore.cpp.o)
                0x000075dc                USBDeviceClass::flush(unsigned long)
 .text._ZN14USBDeviceClass14armRecvCtrlOUTEm
                0x00007608       0x5c c:\Users\GregTerrell\Documents\CodeDev\Arduino\libraries\LooUQ-LQCloud\examples\PlatformTest\.build/core\core.a(USBCore.cpp.o)
                0x00007608                USBDeviceClass::armRecvCtrlOUT(unsigned long)
 .text._ZN14USBDeviceClass11recvControlEPvm
                0x00007664       0x3c c:\Users\GregTerrell\Documents\CodeDev\Arduino\libraries\LooUQ-LQCloud\examples\PlatformTest\.build/core\core.a(USBCore.cpp.o)
                0x00007664                USBDeviceClass::recvControl(void*, unsigned long)
 .text._ZN14USBDeviceClass7armRecvEm
                0x000076a0       0x38 c:\Users\GregTerrell\Documents\CodeDev\Arduino\libraries\LooUQ-LQCloud\examples\PlatformTest\.build/core\core.a(USBCore.cpp.o)
                0x000076a0                USBDeviceClass::armRecv(unsigned long)
 .text._ZN14USBDeviceClass4recvEmPvm
                0x000076d8       0xd8 c:\Users\GregTerrell\Documents\CodeDev\Arduino\libraries\LooUQ-LQCloud\examples\PlatformTest\.build/core\core.a(USBCore.cpp.o)
                0x000076d8                USBDeviceClass::recv(unsigned long, void*, unsigned long)
 .text._ZN14USBDeviceClass4recvEm
                0x000077b0       0x1c c:\Users\GregTerrell\Documents\CodeDev\Arduino\libraries\LooUQ-LQCloud\examples\PlatformTest\.build/core\core.a(USBCore.cpp.o)
                0x000077b0                USBDeviceClass::recv(unsigned long)
 .text._ZN14USBDeviceClass4sendEmPKvm
                0x000077cc      0x110 c:\Users\GregTerrell\Documents\CodeDev\Arduino\libraries\LooUQ-LQCloud\examples\PlatformTest\.build/core\core.a(USBCore.cpp.o)
                0x000077cc                USBDeviceClass::send(unsigned long, void const*, unsigned long)
 .text._ZN14USBDeviceClass7armSendEmPKvm
                0x000078dc       0x48 c:\Users\GregTerrell\Documents\CodeDev\Arduino\libraries\LooUQ-LQCloud\examples\PlatformTest\.build/core\core.a(USBCore.cpp.o)
                0x000078dc                USBDeviceClass::armSend(unsigned long, void const*, unsigned long)
 .text._ZN14USBDeviceClass11sendControlEPKvm
                0x00007924       0x54 c:\Users\GregTerrell\Documents\CodeDev\Arduino\libraries\LooUQ-LQCloud\examples\PlatformTest\.build/core\core.a(USBCore.cpp.o)
                0x00007924                USBDeviceClass::sendControl(void const*, unsigned long)
 .text._ZN14USBDeviceClass20sendStringDescriptorEPKhh
                0x00007978       0x68 c:\Users\GregTerrell\Documents\CodeDev\Arduino\libraries\LooUQ-LQCloud\examples\PlatformTest\.build/core\core.a(USBCore.cpp.o)
                0x00007978                USBDeviceClass::sendStringDescriptor(unsigned char const*, unsigned char)
 .text._ZN14USBDeviceClass17sendConfigurationEm
                0x000079e0       0x80 c:\Users\GregTerrell\Documents\CodeDev\Arduino\libraries\LooUQ-LQCloud\examples\PlatformTest\.build/core\core.a(USBCore.cpp.o)
                0x000079e0                USBDeviceClass::sendConfiguration(unsigned long)
 .text._ZN14USBDeviceClass14sendDescriptorER8USBSetup
                0x00007a60       0xe4 c:\Users\GregTerrell\Documents\CodeDev\Arduino\libraries\LooUQ-LQCloud\examples\PlatformTest\.build/core\core.a(USBCore.cpp.o)
                0x00007a60                USBDeviceClass::sendDescriptor(USBSetup&)
 .text._ZN14USBDeviceClass19handleStandardSetupER8USBSetup
                0x00007b44      0x118 c:\Users\GregTerrell\Documents\CodeDev\Arduino\libraries\LooUQ-LQCloud\examples\PlatformTest\.build/core\core.a(USBCore.cpp.o)
                0x00007b44                USBDeviceClass::handleStandardSetup(USBSetup&)
 .text._ZN14USBDeviceClass10ISRHandlerEv
                0x00007c5c      0x150 c:\Users\GregTerrell\Documents\CodeDev\Arduino\libraries\LooUQ-LQCloud\examples\PlatformTest\.build/core\core.a(USBCore.cpp.o)
                0x00007c5c                USBDeviceClass::ISRHandler()
 .text.UDD_Handler
                0x00007dac       0x10 c:\Users\GregTerrell\Documents\CodeDev\Arduino\libraries\LooUQ-LQCloud\examples\PlatformTest\.build/core\core.a(USBCore.cpp.o)
                0x00007dac                UDD_Handler
 .text.startup._GLOBAL__sub_I_usbd
                0x00007dbc       0x10 c:\Users\GregTerrell\Documents\CodeDev\Arduino\libraries\LooUQ-LQCloud\examples\PlatformTest\.build/core\core.a(USBCore.cpp.o)
 .text._ZN4UartcvbEv
                0x00007dcc        0x4 c:\Users\GregTerrell\Documents\CodeDev\Arduino\libraries\LooUQ-LQCloud\examples\PlatformTest\.build/core\core.a(Uart.cpp.o)
                0x00007dcc                Uart::operator bool()
 .text._ZN4Uart5beginEm
                0x00007dd0       0x10 c:\Users\GregTerrell\Documents\CodeDev\Arduino\libraries\LooUQ-LQCloud\examples\PlatformTest\.build/core\core.a(Uart.cpp.o)
                0x00007dd0                Uart::begin(unsigned long)
 .text._ZN4Uart4peekEv
                0x00007de0       0x1a c:\Users\GregTerrell\Documents\CodeDev\Arduino\libraries\LooUQ-LQCloud\examples\PlatformTest\.build/core\core.a(Uart.cpp.o)
                0x00007de0                Uart::peek()
 .text._ZN4Uart3endEv
                0x00007dfa       0x20 c:\Users\GregTerrell\Documents\CodeDev\Arduino\libraries\LooUQ-LQCloud\examples\PlatformTest\.build/core\core.a(Uart.cpp.o)
                0x00007dfa                Uart::end()
 .text._ZN4Uart15extractCharSizeEt
                0x00007e1a       0x28 c:\Users\GregTerrell\Documents\CodeDev\Arduino\libraries\LooUQ-LQCloud\examples\PlatformTest\.build/core\core.a(Uart.cpp.o)
                0x00007e1a                Uart::extractCharSize(unsigned short)
 .text._ZN4Uart13extractParityEt
                0x00007e42       0x14 c:\Users\GregTerrell\Documents\CodeDev\Arduino\libraries\LooUQ-LQCloud\examples\PlatformTest\.build/core\core.a(Uart.cpp.o)
                0x00007e42                Uart::extractParity(unsigned short)
 *fill*         0x00007e56        0x2 
 .text._ZN4Uart5beginEmt
                0x00007e58       0xf8 c:\Users\GregTerrell\Documents\CodeDev\Arduino\libraries\LooUQ-LQCloud\examples\PlatformTest\.build/core\core.a(Uart.cpp.o)
                0x00007e58                Uart::begin(unsigned long, unsigned short)
 .text._ZN11RingBufferNILi350EEC2Ev
                0x00007f50       0x1c c:\Users\GregTerrell\Documents\CodeDev\Arduino\libraries\LooUQ-LQCloud\examples\PlatformTest\.build/core\core.a(Uart.cpp.o)
                0x00007f50                RingBufferN<350>::RingBufferN()
                0x00007f50                RingBufferN<350>::RingBufferN()
 .text._ZN4UartC2EP6SERCOMhh11SercomRXPad15SercomUartTXPad
                0x00007f6c       0x70 c:\Users\GregTerrell\Documents\CodeDev\Arduino\libraries\LooUQ-LQCloud\examples\PlatformTest\.build/core\core.a(Uart.cpp.o)
                0x00007f6c                Uart::Uart(SERCOM*, unsigned char, unsigned char, SercomRXPad, SercomUartTXPad)
                0x00007f6c                Uart::Uart(SERCOM*, unsigned char, unsigned char, SercomRXPad, SercomUartTXPad)
 .text._ZN11RingBufferNILi350EE9availableEv
                0x00007fdc       0x12 c:\Users\GregTerrell\Documents\CodeDev\Arduino\libraries\LooUQ-LQCloud\examples\PlatformTest\.build/core\core.a(Uart.cpp.o)
                0x00007fdc                RingBufferN<350>::available()
 .text._ZN4Uart5flushEv
                0x00007fee       0x1a c:\Users\GregTerrell\Documents\CodeDev\Arduino\libraries\LooUQ-LQCloud\examples\PlatformTest\.build/core\core.a(Uart.cpp.o)
                0x00007fee                Uart::flush()
 .text._ZN4Uart9availableEv
                0x00008008        0xa c:\Users\GregTerrell\Documents\CodeDev\Arduino\libraries\LooUQ-LQCloud\examples\PlatformTest\.build/core\core.a(Uart.cpp.o)
                0x00008008                Uart::available()
 .text._ZN11RingBufferNILi350EE17availableForStoreEv
                0x00008012       0x22 c:\Users\GregTerrell\Documents\CodeDev\Arduino\libraries\LooUQ-LQCloud\examples\PlatformTest\.build/core\core.a(Uart.cpp.o)
                0x00008012                RingBufferN<350>::availableForStore()
 .text._ZN4Uart17availableForWriteEv
                0x00008034        0xc c:\Users\GregTerrell\Documents\CodeDev\Arduino\libraries\LooUQ-LQCloud\examples\PlatformTest\.build/core\core.a(Uart.cpp.o)
                0x00008034                Uart::availableForWrite()
 .text._ZN4Uart10IrqHandlerEv
                0x00008040       0xda c:\Users\GregTerrell\Documents\CodeDev\Arduino\libraries\LooUQ-LQCloud\examples\PlatformTest\.build/core\core.a(Uart.cpp.o)
                0x00008040                Uart::IrqHandler()
 *fill*         0x0000811a        0x2 
 .text._ZN4Uart5writeEh
                0x0000811c       0xc4 c:\Users\GregTerrell\Documents\CodeDev\Arduino\libraries\LooUQ-LQCloud\examples\PlatformTest\.build/core\core.a(Uart.cpp.o)
                0x0000811c                Uart::write(unsigned char)
 .text._ZN4Uart4readEv
                0x000081e0       0x52 c:\Users\GregTerrell\Documents\CodeDev\Arduino\libraries\LooUQ-LQCloud\examples\PlatformTest\.build/core\core.a(Uart.cpp.o)
                0x000081e0                Uart::read()
 .text._Z11initVariantv
                0x00008232        0x2 c:\Users\GregTerrell\Documents\CodeDev\Arduino\libraries\LooUQ-LQCloud\examples\PlatformTest\.build/core\core.a(main.cpp.o)
                0x00008232                initVariant()
 .text.startup.main
                0x00008234       0x44 c:\Users\GregTerrell\Documents\CodeDev\Arduino\libraries\LooUQ-LQCloud\examples\PlatformTest\.build/core\core.a(main.cpp.o)
                0x00008234                main
 .text._Znwj    0x00008278        0x8 c:\Users\GregTerrell\Documents\CodeDev\Arduino\libraries\LooUQ-LQCloud\examples\PlatformTest\.build/core\core.a(new.cpp.o)
                0x00008278                operator new(unsigned int)
 .text._ZdlPv   0x00008280        0x8 c:\Users\GregTerrell\Documents\CodeDev\Arduino\libraries\LooUQ-LQCloud\examples\PlatformTest\.build/core\core.a(new.cpp.o)
                0x00008280                operator delete(void*)
 .text._ZN13PluggableUSB_12getInterfaceEPh
                0x00008288       0x28 c:\Users\GregTerrell\Documents\CodeDev\Arduino\libraries\LooUQ-LQCloud\examples\PlatformTest\.build/core\core.a(PluggableUSB.cpp.o)
                0x00008288                PluggableUSB_::getInterface(unsigned char*)
 .text._ZN13PluggableUSB_13getDescriptorER8USBSetup
                0x000082b0       0x20 c:\Users\GregTerrell\Documents\CodeDev\Arduino\libraries\LooUQ-LQCloud\examples\PlatformTest\.build/core\core.a(PluggableUSB.cpp.o)
                0x000082b0                PluggableUSB_::getDescriptor(USBSetup&)
 .text._ZN13PluggableUSB_5setupER8USBSetup
                0x000082d0       0x20 c:\Users\GregTerrell\Documents\CodeDev\Arduino\libraries\LooUQ-LQCloud\examples\PlatformTest\.build/core\core.a(PluggableUSB.cpp.o)
                0x000082d0                PluggableUSB_::setup(USBSetup&)
 .text._Z12PluggableUSBv
                0x000082f0       0x28 c:\Users\GregTerrell\Documents\CodeDev\Arduino\libraries\LooUQ-LQCloud\examples\PlatformTest\.build/core\core.a(PluggableUSB.cpp.o)
                0x000082f0                PluggableUSB()
 .text._ZN20USBDevice_SAMD21G18x5resetEv
                0x00008318       0x2a c:\Users\GregTerrell\Documents\CodeDev\Arduino\libraries\LooUQ-LQCloud\examples\PlatformTest\.build/core\core.a(SAMD21_USBDevice.cpp.o)
                0x00008318                USBDevice_SAMD21G18x::reset()
 *fill*         0x00008342        0x2 
 .text._ZN20USBDevice_SAMD21G18x9calibrateEv
                0x00008344       0x60 c:\Users\GregTerrell\Documents\CodeDev\Arduino\libraries\LooUQ-LQCloud\examples\PlatformTest\.build/core\core.a(SAMD21_USBDevice.cpp.o)
                0x00008344                USBDevice_SAMD21G18x::calibrate()
 .text.__aeabi_atexit
                0x000083a4        0xe c:/users/gregterrell/appdata/local/arduino15/packages/adafruit/tools/arm-none-eabi-gcc/9-2019q4/bin/../lib/gcc/arm-none-eabi/9.2.1/../../../../arm-none-eabi/lib/thumb/v6-m/nofp\libstdc++_nano.a(atexit_arm.o)
                0x000083a4                __aeabi_atexit
 *fill*         0x000083b2        0x2 
 .text          0x000083b4       0x14 c:/users/gregterrell/appdata/local/arduino15/packages/adafruit/tools/arm-none-eabi-gcc/9-2019q4/bin/../lib/gcc/arm-none-eabi/9.2.1/thumb/v6-m/nofp\libgcc.a(_thumb1_case_uqi.o)
                0x000083b4                __gnu_thumb1_case_uqi
 .text          0x000083c8       0x14 c:/users/gregterrell/appdata/local/arduino15/packages/adafruit/tools/arm-none-eabi-gcc/9-2019q4/bin/../lib/gcc/arm-none-eabi/9.2.1/thumb/v6-m/nofp\libgcc.a(_thumb1_case_shi.o)
                0x000083c8                __gnu_thumb1_case_shi
 .text          0x000083dc      0x114 c:/users/gregterrell/appdata/local/arduino15/packages/adafruit/tools/arm-none-eabi-gcc/9-2019q4/bin/../lib/gcc/arm-none-eabi/9.2.1/thumb/v6-m/nofp\libgcc.a(_udivsi3.o)
                0x000083dc                __aeabi_uidiv
                0x000083dc                __udivsi3
                0x000084e8                __aeabi_uidivmod
 .text          0x000084f0      0x1d4 c:/users/gregterrell/appdata/local/arduino15/packages/adafruit/tools/arm-none-eabi-gcc/9-2019q4/bin/../lib/gcc/arm-none-eabi/9.2.1/thumb/v6-m/nofp\libgcc.a(_divsi3.o)
                0x000084f0                __divsi3
                0x000084f0                __aeabi_idiv
                0x000086bc                __aeabi_idivmod
 .text          0x000086c4        0x4 c:/users/gregterrell/appdata/local/arduino15/packages/adafruit/tools/arm-none-eabi-gcc/9-2019q4/bin/../lib/gcc/arm-none-eabi/9.2.1/thumb/v6-m/nofp\libgcc.a(_dvmd_tls.o)
                0x000086c4                __aeabi_idiv0
                0x000086c4                __aeabi_ldiv0
 .text          0x000086c8       0x7c c:/users/gregterrell/appdata/local/arduino15/packages/adafruit/tools/arm-none-eabi-gcc/9-2019q4/bin/../lib/gcc/arm-none-eabi/9.2.1/thumb/v6-m/nofp\libgcc.a(_arm_cmpdf2.o)
                0x000086c8                __aeabi_cdrcmple
                0x000086d8                __aeabi_cdcmple
                0x000086d8                __aeabi_cdcmpeq
                0x000086e8                __aeabi_dcmpeq
                0x000086f4                __aeabi_dcmplt
                0x00008708                __aeabi_dcmple
                0x0000871c                __aeabi_dcmpgt
                0x00008730                __aeabi_dcmpge
 .text          0x00008744      0x6d4 c:/users/gregterrell/appdata/local/arduino15/packages/adafruit/tools/arm-none-eabi-gcc/9-2019q4/bin/../lib/gcc/arm-none-eabi/9.2.1/thumb/v6-m/nofp\libgcc.a(adddf3.o)
                0x00008744                __aeabi_dadd
 .text          0x00008e18      0x5d0 c:/users/gregterrell/appdata/local/arduino15/packages/adafruit/tools/arm-none-eabi-gcc/9-2019q4/bin/../lib/gcc/arm-none-eabi/9.2.1/thumb/v6-m/nofp\libgcc.a(divdf3.o)
                0x00008e18                __aeabi_ddiv
 .text          0x000093e8       0x78 c:/users/gregterrell/appdata/local/arduino15/packages/adafruit/tools/arm-none-eabi-gcc/9-2019q4/bin/../lib/gcc/arm-none-eabi/9.2.1/thumb/v6-m/nofp\libgcc.a(eqdf2.o)
                0x000093e8                __nedf2
                0x000093e8                __eqdf2
 .text          0x00009460       0xe4 c:/users/gregterrell/appdata/local/arduino15/packages/adafruit/tools/arm-none-eabi-gcc/9-2019q4/bin/../lib/gcc/arm-none-eabi/9.2.1/thumb/v6-m/nofp\libgcc.a(gedf2.o)
                0x00009460                __gedf2
                0x00009460                __gtdf2
 .text          0x00009544       0xe0 c:/users/gregterrell/appdata/local/arduino15/packages/adafruit/tools/arm-none-eabi-gcc/9-2019q4/bin/../lib/gcc/arm-none-eabi/9.2.1/thumb/v6-m/nofp\libgcc.a(ledf2.o)
                0x00009544                __ledf2
                0x00009544                __ltdf2
 .text          0x00009624      0x4d8 c:/users/gregterrell/appdata/local/arduino15/packages/adafruit/tools/arm-none-eabi-gcc/9-2019q4/bin/../lib/gcc/arm-none-eabi/9.2.1/thumb/v6-m/nofp\libgcc.a(muldf3.o)
                0x00009624                __aeabi_dmul
 .text          0x00009afc      0x724 c:/users/gregterrell/appdata/local/arduino15/packages/adafruit/tools/arm-none-eabi-gcc/9-2019q4/bin/../lib/gcc/arm-none-eabi/9.2.1/thumb/v6-m/nofp\libgcc.a(subdf3.o)
                0x00009afc                __aeabi_dsub
 .text          0x0000a220       0x3c c:/users/gregterrell/appdata/local/arduino15/packages/adafruit/tools/arm-none-eabi-gcc/9-2019q4/bin/../lib/gcc/arm-none-eabi/9.2.1/thumb/v6-m/nofp\libgcc.a(unorddf2.o)
                0x0000a220                __aeabi_dcmpun
 .text          0x0000a25c       0x6c c:/users/gregterrell/appdata/local/arduino15/packages/adafruit/tools/arm-none-eabi-gcc/9-2019q4/bin/../lib/gcc/arm-none-eabi/9.2.1/thumb/v6-m/nofp\libgcc.a(fixdfsi.o)
                0x0000a25c                __aeabi_d2iz
 .text          0x0000a2c8       0x4c c:/users/gregterrell/appdata/local/arduino15/packages/adafruit/tools/arm-none-eabi-gcc/9-2019q4/bin/../lib/gcc/arm-none-eabi/9.2.1/thumb/v6-m/nofp\libgcc.a(floatunsidf.o)
                0x0000a2c8                __aeabi_ui2d
 .text          0x0000a314       0x3c c:/users/gregterrell/appdata/local/arduino15/packages/adafruit/tools/arm-none-eabi-gcc/9-2019q4/bin/../lib/gcc/arm-none-eabi/9.2.1/thumb/v6-m/nofp\libgcc.a(_clzsi2.o)
                0x0000a314                __clzsi2
 .text.__assert_func
                0x0000a350       0x3c c:/users/gregterrell/appdata/local/arduino15/packages/adafruit/tools/arm-none-eabi-gcc/9-2019q4/bin/../lib/gcc/arm-none-eabi/9.2.1/../../../../arm-none-eabi/lib/thumb/v6-m/nofp\libc_nano.a(lib_a-assert.o)
                0x0000a350                __assert_func
 .text.calloc   0x0000a38c       0x14 c:/users/gregterrell/appdata/local/arduino15/packages/adafruit/tools/arm-none-eabi-gcc/9-2019q4/bin/../lib/gcc/arm-none-eabi/9.2.1/../../../../arm-none-eabi/lib/thumb/v6-m/nofp\libc_nano.a(lib_a-calloc.o)
                0x0000a38c                calloc
 .text.__cxa_atexit
                0x0000a3a0       0x1c c:/users/gregterrell/appdata/local/arduino15/packages/adafruit/tools/arm-none-eabi-gcc/9-2019q4/bin/../lib/gcc/arm-none-eabi/9.2.1/../../../../arm-none-eabi/lib/thumb/v6-m/nofp\libc_nano.a(lib_a-cxa_atexit.o)
                0x0000a3a0                __cxa_atexit
 .text.fprintf  0x0000a3bc       0x20 c:/users/gregterrell/appdata/local/arduino15/packages/adafruit/tools/arm-none-eabi-gcc/9-2019q4/bin/../lib/gcc/arm-none-eabi/9.2.1/../../../../arm-none-eabi/lib/thumb/v6-m/nofp\libc_nano.a(lib_a-fprintf.o)
                0x0000a3bc                fiprintf
                0x0000a3bc                fprintf
 .text.__libc_init_array
                0x0000a3dc       0x48 c:/users/gregterrell/appdata/local/arduino15/packages/adafruit/tools/arm-none-eabi-gcc/9-2019q4/bin/../lib/gcc/arm-none-eabi/9.2.1/../../../../arm-none-eabi/lib/thumb/v6-m/nofp\libc_nano.a(lib_a-init.o)
                0x0000a3dc                __libc_init_array
 .text.memalign
                0x0000a424       0x14 c:/users/gregterrell/appdata/local/arduino15/packages/adafruit/tools/arm-none-eabi-gcc/9-2019q4/bin/../lib/gcc/arm-none-eabi/9.2.1/../../../../arm-none-eabi/lib/thumb/v6-m/nofp\libc_nano.a(lib_a-malign.o)
                0x0000a424                memalign
 .text.malloc   0x0000a438       0x14 c:/users/gregterrell/appdata/local/arduino15/packages/adafruit/tools/arm-none-eabi-gcc/9-2019q4/bin/../lib/gcc/arm-none-eabi/9.2.1/../../../../arm-none-eabi/lib/thumb/v6-m/nofp\libc_nano.a(lib_a-malloc.o)
                0x0000a438                malloc
 .text.free     0x0000a44c       0x14 c:/users/gregterrell/appdata/local/arduino15/packages/adafruit/tools/arm-none-eabi-gcc/9-2019q4/bin/../lib/gcc/arm-none-eabi/9.2.1/../../../../arm-none-eabi/lib/thumb/v6-m/nofp\libc_nano.a(lib_a-malloc.o)
                0x0000a44c                free