Archive member included to satisfy reference by file (symbol)

c:\Users\GregTerrell\Documents\CodeDev\Arduino\libraries\LooUQ-LQCloud\examples\.build/core\core.a(WInterrupts.c.o)
                              c:\Users\GregTerrell\Documents\CodeDev\Arduino\libraries\LooUQ-LQCloud\examples\.build\libraries\LooUQ-LTEmC\platform\arduino-gpio.cpp.o (attachInterrupt)
c:\Users\GregTerrell\Documents\CodeDev\Arduino\libraries\LooUQ-LQCloud\examples\.build/core\core.a(cortex_handlers.c.o)
                              (Reset_Handler)
c:\Users\GregTerrell\Documents\CodeDev\Arduino\libraries\LooUQ-LQCloud\examples\.build/core\core.a(delay.c.o)
                              c:\Users\GregTerrell\Documents\CodeDev\Arduino\libraries\LooUQ-LQCloud\examples\.build\libraries\LooUQ-DeviceLib\lq-wrkTime.c.o (millis)
c:\Users\GregTerrell\Documents\CodeDev\Arduino\libraries\LooUQ-LQCloud\examples\.build/core\core.a(hooks.c.o)
                              c:\Users\GregTerrell\Documents\CodeDev\Arduino\libraries\LooUQ-LQCloud\examples\.build\libraries\LooUQ-LTEmC\ltemc-quectel-bg.c.o (yield)
c:\Users\GregTerrell\Documents\CodeDev\Arduino\libraries\LooUQ-LQCloud\examples\.build/core\core.a(startup.c.o)
                              c:\Users\GregTerrell\Documents\CodeDev\Arduino\libraries\LooUQ-LQCloud\examples\.build/core\core.a(cortex_handlers.c.o) (SystemInit)
c:\Users\GregTerrell\Documents\CodeDev\Arduino\libraries\LooUQ-LQCloud\examples\.build/core\core.a(wiring.c.o)
                              c:\Users\GregTerrell\Documents\CodeDev\Arduino\libraries\LooUQ-LQCloud\examples\.build/core\core.a(startup.c.o) (SystemCoreClock)
c:\Users\GregTerrell\Documents\CodeDev\Arduino\libraries\LooUQ-LQCloud\examples\.build/core\core.a(wiring_analog.c.o)
                              c:\Users\GregTerrell\Documents\CodeDev\Arduino\libraries\LooUQ-LQCloud\examples\.build/core\core.a(wiring.c.o) (analogReference)
c:\Users\GregTerrell\Documents\CodeDev\Arduino\libraries\LooUQ-LQCloud\examples\.build/core\core.a(wiring_digital.c.o)
                              c:\Users\GregTerrell\Documents\CodeDev\Arduino\libraries\LooUQ-LQCloud\examples\.build\sketch\LQCloud-StaticProvision.ino.cpp.o (pinMode)
c:\Users\GregTerrell\Documents\CodeDev\Arduino\libraries\LooUQ-LQCloud\examples\.build/core\core.a(wiring_private.c.o)
                              c:\Users\GregTerrell\Documents\CodeDev\Arduino\libraries\LooUQ-LQCloud\examples\.build\libraries\SPI\SPI.cpp.o (pinPeripheral)
c:\Users\GregTerrell\Documents\CodeDev\Arduino\libraries\LooUQ-LQCloud\examples\.build/core\core.a(Print.cpp.o)
                              c:\Users\GregTerrell\Documents\CodeDev\Arduino\libraries\LooUQ-LQCloud\examples\.build\libraries\LooUQ-LTEmC\platform\arduino-debug.cpp.o (Print::print(char const*))
c:\Users\GregTerrell\Documents\CodeDev\Arduino\libraries\LooUQ-LQCloud\examples\.build/core\core.a(Reset.cpp.o)
                              c:\Users\GregTerrell\Documents\CodeDev\Arduino\libraries\LooUQ-LQCloud\examples\.build/core\core.a(delay.c.o) (tickReset)
c:\Users\GregTerrell\Documents\CodeDev\Arduino\libraries\LooUQ-LQCloud\examples\.build/core\core.a(SERCOM.cpp.o)
                              c:\Users\GregTerrell\Documents\CodeDev\Arduino\libraries\LooUQ-LQCloud\examples\.build\core\variant.cpp.o (SERCOM::SERCOM(Sercom*))
c:\Users\GregTerrell\Documents\CodeDev\Arduino\libraries\LooUQ-LQCloud\examples\.build/core\core.a(CDC.cpp.o)
                              c:\Users\GregTerrell\Documents\CodeDev\Arduino\libraries\LooUQ-LQCloud\examples\.build\libraries\LooUQ-LTEmC\platform\arduino-debug.cpp.o (Serial)
c:\Users\GregTerrell\Documents\CodeDev\Arduino\libraries\LooUQ-LQCloud\examples\.build/core\core.a(USBCore.cpp.o)
                              c:\Users\GregTerrell\Documents\CodeDev\Arduino\libraries\LooUQ-LQCloud\examples\.build/core\core.a(CDC.cpp.o) (USBDeviceClass::available(unsigned long))
c:\Users\GregTerrell\Documents\CodeDev\Arduino\libraries\LooUQ-LQCloud\examples\.build/core\core.a(Uart.cpp.o)
                              c:\Users\GregTerrell\Documents\CodeDev\Arduino\libraries\LooUQ-LQCloud\examples\.build\core\variant.cpp.o (Uart::Uart(SERCOM*, unsigned char, unsigned char, SercomRXPad, SercomUartTXPad))
c:\Users\GregTerrell\Documents\CodeDev\Arduino\libraries\LooUQ-LQCloud\examples\.build/core\core.a(abi.cpp.o)
                              c:\Users\GregTerrell\Documents\CodeDev\Arduino\libraries\LooUQ-LQCloud\examples\.build/core\core.a(Print.cpp.o) (__cxa_pure_virtual)
c:\Users\GregTerrell\Documents\CodeDev\Arduino\libraries\LooUQ-LQCloud\examples\.build/core\core.a(main.cpp.o)
                              c:/users/gregterrell/appdata/local/arduino15/packages/adafruit/tools/arm-none-eabi-gcc/9-2019q4/bin/../lib/gcc/arm-none-eabi/9.2.1/../../../../arm-none-eabi/lib/thumb/v6-m/nofp/crt0.o (main)
c:\Users\GregTerrell\Documents\CodeDev\Arduino\libraries\LooUQ-LQCloud\examples\.build/core\core.a(new.cpp.o)
[...]
Memory Configuration

Name             Origin             Length             Attributes
FLASH            0x00002000         0x0003e000         xr
RAM              0x20000000         0x00008000         xrw
*default*        0x00000000         0xffffffff

Linker script and memory map

LOAD c:/users/gregterrell/appdata/local/arduino15/packages/adafruit/tools/arm-none-eabi-gcc/9-2019q4/bin/../lib/gcc/arm-none-eabi/9.2.1/thumb/v6-m/nofp/crti.o
LOAD c:/users/gregterrell/appdata/local/arduino15/packages/adafruit/tools/arm-none-eabi-gcc/9-2019q4/bin/../lib/gcc/arm-none-eabi/9.2.1/thumb/v6-m/nofp/crtbegin.o
LOAD c:/users/gregterrell/appdata/local/arduino15/packages/adafruit/tools/arm-none-eabi-gcc/9-2019q4/bin/../lib/gcc/arm-none-eabi/9.2.1/../../../../arm-none-eabi/lib/thumb/v6-m/nofp/crt0.o
LOAD c:\Users\GregTerrell\Documents\CodeDev\Arduino\libraries\LooUQ-LQCloud\examples\.build\sketch\LQCloud-StaticProvision.ino.cpp.o
LOAD c:\Users\GregTerrell\Documents\CodeDev\Arduino\libraries\LooUQ-LQCloud\examples\.build\libraries\JLinkRTT\RTT_Syscalls_GCC.c.o
LOAD c:\Users\GregTerrell\Documents\CodeDev\Arduino\libraries\LooUQ-LQCloud\examples\.build\libraries\JLinkRTT\SEGGER_RTT.c.o
LOAD c:\Users\GregTerrell\Documents\CodeDev\Arduino\libraries\LooUQ-LQCloud\examples\.build\libraries\JLinkRTT\SEGGER_RTT_printf.c.o
LOAD c:\Users\GregTerrell\Documents\CodeDev\Arduino\libraries\LooUQ-LQCloud\examples\.build\libraries\JLinkRTT\jlinkRtt.c.o
LOAD c:\Users\GregTerrell\Documents\CodeDev\Arduino\libraries\LooUQ-LQCloud\examples\.build\libraries\JLinkRTT\rttPrint.cpp.o
LOAD c:\Users\GregTerrell\Documents\CodeDev\Arduino\libraries\LooUQ-LQCloud\examples\.build\libraries\LooUQ-DeviceLib\base64.c.o
LOAD c:\Users\GregTerrell\Documents\CodeDev\Arduino\libraries\LooUQ-LQCloud\examples\.build\libraries\LooUQ-DeviceLib\lq-SAMDutil.c.o
LOAD c:\Users\GregTerrell\Documents\CodeDev\Arduino\libraries\LooUQ-LQCloud\examples\.build\libraries\LooUQ-DeviceLib\lq-collections.c.o
LOAD c:\Users\GregTerrell\Documents\CodeDev\Arduino\libraries\LooUQ-LQCloud\examples\.build\libraries\LooUQ-DeviceLib\lq-diagnostics.c.o
LOAD c:\Users\GregTerrell\Documents\CodeDev\Arduino\libraries\LooUQ-LQCloud\examples\.build\libraries\LooUQ-DeviceLib\lq-str.c.o
LOAD c:\Users\GregTerrell\Documents\CodeDev\Arduino\libraries\LooUQ-LQCloud\examples\.build\libraries\LooUQ-DeviceLib\lq-wrkTime.c.o
LOAD c:\Users\GregTerrell\Documents\CodeDev\Arduino\libraries\LooUQ-LQCloud\examples\.build\libraries\LooUQ-DeviceLib\validators.c.o
LOAD c:\Users\GregTerrell\Documents\CodeDev\Arduino\libraries\LooUQ-LQCloud\examples\.build\libraries\LooUQ-LTEmC\ltemc-atcmd.c.o
LOAD c:\Users\GregTerrell\Documents\CodeDev\Arduino\libraries\LooUQ-LQCloud\examples\.build\libraries\LooUQ-LTEmC\ltemc-cbuf.c.o
LOAD c:\Users\GregTerrell\Documents\CodeDev\Arduino\libraries\LooUQ-LQCloud\examples\.build\libraries\LooUQ-LTEmC\ltemc-filesys.c.o
LOAD c:\Users\GregTerrell\Documents\CodeDev\Arduino\libraries\LooUQ-LQCloud\examples\.build\libraries\LooUQ-LTEmC\ltemc-geo.c.o
LOAD c:\Users\GregTerrell\Documents\CodeDev\Arduino\libraries\LooUQ-LQCloud\examples\.build\libraries\LooUQ-LTEmC\ltemc-gnss.c.o
LOAD c:\Users\GregTerrell\Documents\CodeDev\Arduino\libraries\LooUQ-LQCloud\examples\.build\libraries\LooUQ-LTEmC\ltemc-gpio.c.o
LOAD c:\Users\GregTerrell\Documents\CodeDev\Arduino\libraries\LooUQ-LQCloud\examples\.build\libraries\LooUQ-LTEmC\ltemc-http.c.o
LOAD c:\Users\GregTerrell\Documents\CodeDev\Arduino\libraries\LooUQ-LQCloud\examples\.build\libraries\LooUQ-LTEmC\ltemc-iop.c.o
LOAD c:\Users\GregTerrell\Documents\CodeDev\Arduino\libraries\LooUQ-LQCloud\examples\.build\libraries\LooUQ-LTEmC\ltemc-mdminfo.c.o
LOAD c:\Users\GregTerrell\Documents\CodeDev\Arduino\libraries\LooUQ-LQCloud\examples\.build\libraries\LooUQ-LTEmC\ltemc-mqtt.c.o
LOAD c:\Users\GregTerrell\Documents\CodeDev\Arduino\libraries\LooUQ-LQCloud\examples\.build\libraries\LooUQ-LTEmC\ltemc-network.c.o
LOAD c:\Users\GregTerrell\Documents\CodeDev\Arduino\libraries\LooUQ-LQCloud\examples\.build\libraries\LooUQ-LTEmC\ltemc-nxp-sc16is.c.o
LOAD c:\Users\GregTerrell\Documents\CodeDev\Arduino\libraries\LooUQ-LQCloud\examples\.build\libraries\LooUQ-LTEmC\ltemc-quectel-bg.c.o
LOAD c:\Users\GregTerrell\Documents\CodeDev\Arduino\libraries\LooUQ-LQCloud\examples\.build\libraries\LooUQ-LTEmC\ltemc-sckt.c.o
LOAD c:\Users\GregTerrell\Documents\CodeDev\Arduino\libraries\LooUQ-LQCloud\examples\.build\libraries\LooUQ-LTEmC\ltemc-tls.c.o
LOAD c:\Users\GregTerrell\Documents\CodeDev\Arduino\libraries\LooUQ-LQCloud\examples\.build\libraries\LooUQ-LTEmC\ltemc.c.o
LOAD c:\Users\GregTerrell\Documents\CodeDev\Arduino\libraries\LooUQ-LQCloud\examples\.build\libraries\LooUQ-LTEmC\platform\arduino-debug.cpp.o
LOAD c:\Users\GregTerrell\Documents\CodeDev\Arduino\libraries\LooUQ-LQCloud\examples\.build\libraries\LooUQ-LTEmC\platform\arduino-gpio.cpp.o
LOAD c:\Users\GregTerrell\Documents\CodeDev\Arduino\libraries\LooUQ-LQCloud\examples\.build\libraries\LooUQ-LTEmC\platform\arduino-spi.cpp.o
LOAD c:\Users\GregTerrell\Documents\CodeDev\Arduino\libraries\LooUQ-LQCloud\examples\.build\libraries\LooUQ-LTEmC\platform\arduino-timing.cpp.o
LOAD c:\Users\GregTerrell\Documents\CodeDev\Arduino\libraries\LooUQ-LQCloud\examples\.build\libraries\LooUQ-LQCloud\lqc-actions.c.o
LOAD c:\Users\GregTerrell\Documents\CodeDev\Arduino\libraries\LooUQ-LQCloud\examples\.build\libraries\LooUQ-LQCloud\lqc-alerts.c.o
LOAD c:\Users\GregTerrell\Documents\CodeDev\Arduino\libraries\LooUQ-LQCloud\examples\.build\libraries\LooUQ-LQCloud\lqc-azure.c.o
LOAD c:\Users\GregTerrell\Documents\CodeDev\Arduino\libraries\LooUQ-LQCloud\examples\.build\libraries\LooUQ-LQCloud\lqc-metrics.c.o
LOAD c:\Users\GregTerrell\Documents\CodeDev\Arduino\libraries\LooUQ-LQCloud\examples\.build\libraries\LooUQ-LQCloud\lqc-provisioning.c.o
LOAD c:\Users\GregTerrell\Documents\CodeDev\Arduino\libraries\LooUQ-LQCloud\examples\.build\libraries\LooUQ-LQCloud\lqc-telemetry.c.o
LOAD c:\Users\GregTerrell\Documents\CodeDev\Arduino\libraries\LooUQ-LQCloud\examples\.build\libraries\LooUQ-LQCloud\lqcloud-ntwk-ltemc.c.o
LOAD c:\Users\GregTerrell\Documents\CodeDev\Arduino\libraries\LooUQ-LQCloud\examples\.build\libraries\LooUQ-LQCloud\lqcloud.c.o
LOAD c:\Users\GregTerrell\Documents\CodeDev\Arduino\libraries\LooUQ-LQCloud\examples\.build\libraries\SPI\SPI.cpp.o
LOAD c:\Users\GregTerrell\Documents\CodeDev\Arduino\libraries\LooUQ-LQCloud\examples\.build\libraries\Adafruit_ZeroDMA\Adafruit_ZeroDMA.cpp.o
LOAD c:\Users\GregTerrell\Documents\CodeDev\Arduino\libraries\LooUQ-LQCloud\examples\.build\core\variant.cpp.o
START GROUP
LOAD C:\Users\GregTerrell\AppData\Local\Arduino15\packages\adafruit\tools\CMSIS\5.4.0/CMSIS/Lib/GCC/\libarm_cortexM0l_math.a
LOAD c:\Users\GregTerrell\Documents\CodeDev\Arduino\libraries\LooUQ-LQCloud\examples\.build/core\core.a
END GROUP
LOAD c:/users/gregterrell/appdata/local/arduino15/packages/adafruit/tools/arm-none-eabi-gcc/9-2019q4/bin/../lib/gcc/arm-none-eabi/9.2.1/../../../../arm-none-eabi/lib/thumb/v6-m/nofp\libstdc++_nano.a
LOAD c:/users/gregterrell/appdata/local/arduino15/packages/adafruit/tools/arm-none-eabi-gcc/9-2019q4/bin/../lib/gcc/arm-none-eabi/9.2.1/../../../../arm-none-eabi/lib/thumb/v6-m/nofp\libm.a
START GROUP
LOAD c:/users/gregterrell/appdata/local/arduino15/packages/adafruit/tools/arm-none-eabi-gcc/9-2019q4/bin/../lib/gcc/arm-none-eabi/9.2.1/thumb/v6-m/nofp\libgcc.a
LOAD c:/users/gregterrell/appdata/local/arduino15/packages/adafruit/tools/arm-none-eabi-gcc/9-2019q4/bin/../lib/gcc/arm-none-eabi/9.2.1/../../../../arm-none-eabi/lib/thumb/v6-m/nofp\libc_nano.a
END GROUP
START GROUP
LOAD c:/users/gregterrell/appdata/local/arduino15/packages/adafruit/tools/arm-none-eabi-gcc/9-2019q4/bin/../lib/gcc/arm-none-eabi/9.2.1/thumb/v6-m/nofp\libgcc.a
LOAD c:/users/gregterrell/appdata/local/arduino15/packages/adafruit/tools/arm-none-eabi-gcc/9-2019q4/bin/../lib/gcc/arm-none-eabi/9.2.1/../../../../arm-none-eabi/lib/thumb/v6-m/nofp\libc_nano.a
LOAD c:/users/gregterrell/appdata/local/arduino15/packages/adafruit/tools/arm-none-eabi-gcc/9-2019q4/bin/../lib/gcc/arm-none-eabi/9.2.1/../../../../arm-none-eabi/lib/thumb/v6-m/nofp\libnosys.a
END GROUP
START GROUP
LOAD c:/users/gregterrell/appdata/local/arduino15/packages/adafruit/tools/arm-none-eabi-gcc/9-2019q4/bin/../lib/gcc/arm-none-eabi/9.2.1/thumb/v6-m/nofp\libgcc.a
LOAD c:/users/gregterrell/appdata/local/arduino15/packages/adafruit/tools/arm-none-eabi-gcc/9-2019q4/bin/../lib/gcc/arm-none-eabi/9.2.1/../../../../arm-none-eabi/lib/thumb/v6-m/nofp\libc_nano.a
LOAD c:/users/gregterrell/appdata/local/arduino15/packages/adafruit/tools/arm-none-eabi-gcc/9-2019q4/bin/../lib/gcc/arm-none-eabi/9.2.1/../../../../arm-none-eabi/lib/thumb/v6-m/nofp\libnosys.a
END GROUP
LOAD c:/users/gregterrell/appdata/local/arduino15/packages/adafruit/tools/arm-none-eabi-gcc/9-2019q4/bin/../lib/gcc/arm-none-eabi/9.2.1/thumb/v6-m/nofp/crtend.o
LOAD c:/users/gregterrell/appdata/local/arduino15/packages/adafruit/tools/arm-none-eabi-gcc/9-2019q4/bin/../lib/gcc/arm-none-eabi/9.2.1/thumb/v6-m/nofp/crtn.o

.text           0x00002000     0xd3c0
                0x00002000                __text_start__ = .
 *(.sketch_boot)
                0x00002000                . = ALIGN (0x2000)
 *(.isr_vector)
 .isr_vector    0x00002000       0xb4 c:\Users\GregTerrell\Documents\CodeDev\Arduino\libraries\LooUQ-LQCloud\examples\.build/core\core.a(cortex_handlers.c.o)
                0x00002000                exception_table
 *(.text*)
 .text          0x000020b4       0x48 c:/users/gregterrell/appdata/local/arduino15/packages/adafruit/tools/arm-none-eabi-gcc/9-2019q4/bin/../lib/gcc/arm-none-eabi/9.2.1/thumb/v6-m/nofp/crtbegin.o
 .text._ZL10doFlashLed16keyValueDict_tag
                0x000020fc      0x104 c:\Users\GregTerrell\Documents\CodeDev\Arduino\libraries\LooUQ-LQCloud\examples\.build\sketch\LQCloud-StaticProvision.ino.cpp.o
 .text._ZL11setLedState16keyValueDict_tag
                0x00002200       0x78 c:\Users\GregTerrell\Documents\CodeDev\Arduino\libraries\LooUQ-LQCloud\examples\.build\sketch\LQCloud-StaticProvision.ino.cpp.o
 .text._ZL9getStatus16keyValueDict_tag
                0x00002278       0x60 c:\Users\GregTerrell\Documents\CodeDev\Arduino\libraries\LooUQ-LQCloud\examples\.build\sketch\LQCloud-StaticProvision.ino.cpp.o
 .text._Z13resetWatchdogv
                0x000022d8        0x8 c:\Users\GregTerrell\Documents\CodeDev\Arduino\libraries\LooUQ-LQCloud\examples\.build\sketch\LQCloud-StaticProvision.ino.cpp.o
                0x000022d8                resetWatchdog()
 .text._Z12eventNotifCBhPKc
                0x000022e0       0x48 c:\Users\GregTerrell\Documents\CodeDev\Arduino\libraries\LooUQ-LQCloud\examples\.build\sketch\LQCloud-StaticProvision.ino.cpp.o
                0x000022e0                eventNotifCB(unsigned char, char const*)
 .text.setup    0x00002328      0x184 c:\Users\GregTerrell\Documents\CodeDev\Arduino\libraries\LooUQ-LQCloud\examples\.build\sketch\LQCloud-StaticProvision.ino.cpp.o
                0x00002328                setup
 .text._Z19applWork_doFlashLedv
                0x000024ac       0x58 c:\Users\GregTerrell\Documents\CodeDev\Arduino\libraries\LooUQ-LQCloud\examples\.build\sketch\LQCloud-StaticProvision.ino.cpp.o
                0x000024ac                applWork_doFlashLed()
 .text.loop     0x00002504      0x12c c:\Users\GregTerrell\Documents\CodeDev\Arduino\libraries\LooUQ-LQCloud\examples\.build\sketch\LQCloud-StaticProvision.ino.cpp.o
                0x00002504                loop
 .text._write   0x00002630        0xe c:\Users\GregTerrell\Documents\CodeDev\Arduino\libraries\LooUQ-LQCloud\examples\.build\libraries\JLinkRTT\RTT_Syscalls_GCC.c.o
                0x00002630                _write
 *fill*         0x0000263e        0x2 
 .text.SEGGER_RTT_Write
                0x00002640       0xbc c:\Users\GregTerrell\Documents\CodeDev\Arduino\libraries\LooUQ-LQCloud\examples\.build\libraries\JLinkRTT\SEGGER_RTT.c.o
                0x00002640                SEGGER_RTT_Write
 .text.SEGGER_RTT_WriteString
                0x000026fc       0x1a c:\Users\GregTerrell\Documents\CodeDev\Arduino\libraries\LooUQ-LQCloud\examples\.build\libraries\JLinkRTT\SEGGER_RTT.c.o
                0x000026fc                SEGGER_RTT_WriteString
 *fill*         0x00002716        0x2 
 .text.rtt_printf
                0x00002718       0xdc c:\Users\GregTerrell\Documents\CodeDev\Arduino\libraries\LooUQ-LQCloud\examples\.build\libraries\JLinkRTT\jlinkRtt.c.o
                0x00002718                rtt_printf
 .text.lqSAMD_getResetCause
                0x000027f4        0xc c:\Users\GregTerrell\Documents\CodeDev\Arduino\libraries\LooUQ-LQCloud\examples\.build\libraries\LooUQ-DeviceLib\lq-SAMDutil.c.o
                0x000027f4                lqSAMD_getResetCause
 .text.lqSAMD_wdReset
                0x00002800       0x14 c:\Users\GregTerrell\Documents\CodeDev\Arduino\libraries\LooUQ-LQCloud\examples\.build\libraries\LooUQ-DeviceLib\lq-SAMDutil.c.o
                0x00002800                lqSAMD_wdReset
 .text.WDT_Handler
                0x00002814       0x20 c:\Users\GregTerrell\Documents\CodeDev\Arduino\libraries\LooUQ-LQCloud\examples\.build\libraries\LooUQ-DeviceLib\lq-SAMDutil.c.o
                0x00002814                WDT_Handler
 .text.lq_createQryStrDictionary
                0x00002834       0x9a c:\Users\GregTerrell\Documents\CodeDev\Arduino\libraries\LooUQ-LQCloud\examples\.build\libraries\LooUQ-DeviceLib\lq-collections.c.o
                0x00002834                lq_createQryStrDictionary
 .text.lq_getQryStrDictionaryValue
                0x000028ce       0x56 c:\Users\GregTerrell\Documents\CodeDev\Arduino\libraries\LooUQ-LQCloud\examples\.build\libraries\LooUQ-DeviceLib\lq-collections.c.o
                0x000028ce                lq_getQryStrDictionaryValue
 .text.lq_getJsonPropValue
                0x00002924      0x144 c:\Users\GregTerrell\Documents\CodeDev\Arduino\libraries\LooUQ-LQCloud\examples\.build\libraries\LooUQ-DeviceLib\lq-collections.c.o
                0x00002924                lq_getJsonPropValue
 .text.S_calcNotifyCbChk
                0x00002a68       0x10 c:\Users\GregTerrell\Documents\CodeDev\Arduino\libraries\LooUQ-LQCloud\examples\.build\libraries\LooUQ-DeviceLib\lq-diagnostics.c.o
                0x00002a68                S_calcNotifyCbChk
 .text.lqDiag_registerEventCallback
                0x00002a78       0x14 c:\Users\GregTerrell\Documents\CodeDev\Arduino\libraries\LooUQ-LQCloud\examples\.build\libraries\LooUQ-DeviceLib\lq-diagnostics.c.o
                0x00002a78                lqDiag_registerEventCallback
 .text.lqDiag_setResetCause
                0x00002a8c       0x30 c:\Users\GregTerrell\Documents\CodeDev\Arduino\libraries\LooUQ-LQCloud\examples\.build\libraries\LooUQ-DeviceLib\lq-diagnostics.c.o
                0x00002a8c                lqDiag_setResetCause
 .text.assert_warning
                0x00002abc       0x44 c:\Users\GregTerrell\Documents\CodeDev\Arduino\libraries\LooUQ-LQCloud\examples\.build\libraries\LooUQ-DeviceLib\lq-diagnostics.c.o
                0x00002abc                assert_warning
 .text.assert_brk
                0x00002b00       0x14 c:\Users\GregTerrell\Documents\CodeDev\Arduino\libraries\LooUQ-LQCloud\examples\.build\libraries\LooUQ-DeviceLib\lq-diagnostics.c.o
                0x00002b00                assert_brk
 .text.assert_invoke
                0x00002b14       0x60 c:\Users\GregTerrell\Documents\CodeDev\Arduino\libraries\LooUQ-LQCloud\examples\.build\libraries\LooUQ-DeviceLib\lq-diagnostics.c.o
                0x00002b14                assert_invoke
 .text.lq_strnstr
                0x00002b74       0x50 c:\Users\GregTerrell\Documents\CodeDev\Arduino\libraries\LooUQ-LQCloud\examples\.build\libraries\LooUQ-DeviceLib\lq-str.c.o
                0x00002b74                lq_strnstr
 .text.wrkTime_create
                0x00002bc4       0x1a c:\Users\GregTerrell\Documents\CodeDev\Arduino\libraries\LooUQ-LQCloud\examples\.build\libraries\LooUQ-DeviceLib\lq-wrkTime.c.o
                0x00002bc4                wrkTime_create
 .text.wrkTime_doNow
                0x00002bde       0x22 c:\Users\GregTerrell\Documents\CodeDev\Arduino\libraries\LooUQ-LQCloud\examples\.build\libraries\LooUQ-DeviceLib\lq-wrkTime.c.o
                0x00002bde                wrkTime_doNow
 .text.wrkTime_isElapsed
                0x00002c00       0x1a c:\Users\GregTerrell\Documents\CodeDev\Arduino\libraries\LooUQ-LQCloud\examples\.build\libraries\LooUQ-DeviceLib\lq-wrkTime.c.o
                0x00002c00                wrkTime_isElapsed
 *fill*         0x00002c1a        0x2 
 .text.atcmd_setOptions
                0x00002c1c       0x28 c:\Users\GregTerrell\Documents\CodeDev\Arduino\libraries\LooUQ-LQCloud\examples\.build\libraries\LooUQ-LTEmC\ltemc-atcmd.c.o
                0x00002c1c                atcmd_setOptions
 .text.atcmd_restoreOptionDefaults
                0x00002c44       0x20 c:\Users\GregTerrell\Documents\CodeDev\Arduino\libraries\LooUQ-LQCloud\examples\.build\libraries\LooUQ-LTEmC\ltemc-atcmd.c.o
                0x00002c44                atcmd_restoreOptionDefaults
 .text.atcmd_close
                0x00002c64       0x24 c:\Users\GregTerrell\Documents\CodeDev\Arduino\libraries\LooUQ-LQCloud\examples\.build\libraries\LooUQ-LTEmC\ltemc-atcmd.c.o
                0x00002c64                atcmd_close
 .text.atcmd_sendCmdData
                0x00002c88       0x40 c:\Users\GregTerrell\Documents\CodeDev\Arduino\libraries\LooUQ-LQCloud\examples\.build\libraries\LooUQ-LTEmC\ltemc-atcmd.c.o
                0x00002c88                atcmd_sendCmdData
 .text.atcmd_getResult
                0x00002cc8      0x100 c:\Users\GregTerrell\Documents\CodeDev\Arduino\libraries\LooUQ-LQCloud\examples\.build\libraries\LooUQ-LTEmC\ltemc-atcmd.c.o
                0x00002cc8                atcmd_getResult
 .text.atcmd_awaitResult
                0x00002dc8       0x34 c:\Users\GregTerrell\Documents\CodeDev\Arduino\libraries\LooUQ-LQCloud\examples\.build\libraries\LooUQ-LTEmC\ltemc-atcmd.c.o
                0x00002dc8                atcmd_awaitResult
 .text.atcmd_getLastResponse
                0x00002dfc       0x2c c:\Users\GregTerrell\Documents\CodeDev\Arduino\libraries\LooUQ-LQCloud\examples\.build\libraries\LooUQ-LTEmC\ltemc-atcmd.c.o
                0x00002dfc                atcmd_getLastResponse
 .text.atcmd_exitTextMode
                0x00002e28       0x14 c:\Users\GregTerrell\Documents\CodeDev\Arduino\libraries\LooUQ-LQCloud\examples\.build\libraries\LooUQ-LTEmC\ltemc-atcmd.c.o
                0x00002e28                atcmd_exitTextMode
 .text.ATCMD_awaitLock
                0x00002e3c       0x48 c:\Users\GregTerrell\Documents\CodeDev\Arduino\libraries\LooUQ-LQCloud\examples\.build\libraries\LooUQ-LTEmC\ltemc-atcmd.c.o
                0x00002e3c                ATCMD_awaitLock
 .text.ATCMD_reset
                0x00002e84       0x38 c:\Users\GregTerrell\Documents\CodeDev\Arduino\libraries\LooUQ-LQCloud\examples\.build\libraries\LooUQ-LTEmC\ltemc-atcmd.c.o
                0x00002e84                ATCMD_reset
 .text.atcmd_tryInvoke
                0x00002ebc       0x8c c:\Users\GregTerrell\Documents\CodeDev\Arduino\libraries\LooUQ-LQCloud\examples\.build\libraries\LooUQ-LTEmC\ltemc-atcmd.c.o
                0x00002ebc                atcmd_tryInvoke
 .text.atcmd_tryInvokeWithOptions
                0x00002f48       0x88 c:\Users\GregTerrell\Documents\CodeDev\Arduino\libraries\LooUQ-LQCloud\examples\.build\libraries\LooUQ-LTEmC\ltemc-atcmd.c.o
                0x00002f48                atcmd_tryInvokeWithOptions
 .text.atcmd_invokeReuseLock
                0x00002fd0       0x74 c:\Users\GregTerrell\Documents\CodeDev\Arduino\libraries\LooUQ-LQCloud\examples\.build\libraries\LooUQ-LTEmC\ltemc-atcmd.c.o
                0x00002fd0                atcmd_invokeReuseLock
 .text.atcmd__stdResponseParser
                0x00003044      0x1d8 c:\Users\GregTerrell\Documents\CodeDev\Arduino\libraries\LooUQ-LQCloud\examples\.build\libraries\LooUQ-LTEmC\ltemc-atcmd.c.o
                0x00003044                atcmd__stdResponseParser
 .text.atcmd_okResponseParser
                0x0000321c       0x28 c:\Users\GregTerrell\Documents\CodeDev\Arduino\libraries\LooUQ-LQCloud\examples\.build\libraries\LooUQ-LTEmC\ltemc-atcmd.c.o
                0x0000321c                atcmd_okResponseParser
 .text.ATCMD_readyPromptParser
                0x00003244       0x38 c:\Users\GregTerrell\Documents\CodeDev\Arduino\libraries\LooUQ-LQCloud\examples\.build\libraries\LooUQ-LTEmC\ltemc-atcmd.c.o
                0x00003244                ATCMD_readyPromptParser
 .text.ATCMD_txDataPromptParser
                0x0000327c       0x10 c:\Users\GregTerrell\Documents\CodeDev\Arduino\libraries\LooUQ-LQCloud\examples\.build\libraries\LooUQ-LTEmC\ltemc-atcmd.c.o
                0x0000327c                ATCMD_txDataPromptParser
 .text.cbuf_push
                0x0000328c       0x22 c:\Users\GregTerrell\Documents\CodeDev\Arduino\libraries\LooUQ-LQCloud\examples\.build\libraries\LooUQ-LTEmC\ltemc-cbuf.c.o
                0x0000328c                cbuf_push
 .text.cbuf_pop
                0x000032ae       0x24 c:\Users\GregTerrell\Documents\CodeDev\Arduino\libraries\LooUQ-LQCloud\examples\.build\libraries\LooUQ-LTEmC\ltemc-cbuf.c.o
                0x000032ae                cbuf_pop
 *fill*         0x000032d2        0x2 
 .text.S_takeTx
                0x000032d4       0x38 c:\Users\GregTerrell\Documents\CodeDev\Arduino\libraries\LooUQ-LQCloud\examples\.build\libraries\LooUQ-LTEmC\ltemc-iop.c.o
 .text.IOP_create
                0x0000330c       0xac c:\Users\GregTerrell\Documents\CodeDev\Arduino\libraries\LooUQ-LQCloud\examples\.build\libraries\LooUQ-LTEmC\ltemc-iop.c.o
                0x0000330c                IOP_create
 .text.IOP_attachIrq
                0x000033b8       0x28 c:\Users\GregTerrell\Documents\CodeDev\Arduino\libraries\LooUQ-LQCloud\examples\.build\libraries\LooUQ-LTEmC\ltemc-iop.c.o
                0x000033b8                IOP_attachIrq
 .text.IOP_sendTx
                0x000033e0       0x70 c:\Users\GregTerrell\Documents\CodeDev\Arduino\libraries\LooUQ-LQCloud\examples\.build\libraries\LooUQ-LTEmC\ltemc-iop.c.o
                0x000033e0                IOP_sendTx
 .text.IOP_getRxIdleDuration
                0x00003450       0x74 c:\Users\GregTerrell\Documents\CodeDev\Arduino\libraries\LooUQ-LQCloud\examples\.build\libraries\LooUQ-LTEmC\ltemc-iop.c.o
                0x00003450                IOP_getRxIdleDuration
 .text.IOP_resetCoreRxBuffer
                0x000034c4       0x24 c:\Users\GregTerrell\Documents\CodeDev\Arduino\libraries\LooUQ-LQCloud\examples\.build\libraries\LooUQ-LTEmC\ltemc-iop.c.o
                0x000034c4                IOP_resetCoreRxBuffer
 .text.IOP_initRxBufferCtrl
                0x000034e8       0x34 c:\Users\GregTerrell\Documents\CodeDev\Arduino\libraries\LooUQ-LQCloud\examples\.build\libraries\LooUQ-LTEmC\ltemc-iop.c.o
                0x000034e8                IOP_initRxBufferCtrl
 .text.IOP_swapRxBufferPage
                0x0000351c       0x2c c:\Users\GregTerrell\Documents\CodeDev\Arduino\libraries\LooUQ-LQCloud\examples\.build\libraries\LooUQ-LTEmC\ltemc-iop.c.o
                0x0000351c                IOP_swapRxBufferPage
 .text.IOP_resetRxDataBufferPage
                0x00003548       0x1c c:\Users\GregTerrell\Documents\CodeDev\Arduino\libraries\LooUQ-LQCloud\examples\.build\libraries\LooUQ-LTEmC\ltemc-iop.c.o
                0x00003548                IOP_resetRxDataBufferPage
 .text.IOP_rxParseForUrcEvents
                0x00003564      0x1d4 c:\Users\GregTerrell\Documents\CodeDev\Arduino\libraries\LooUQ-LQCloud\examples\.build\libraries\LooUQ-LTEmC\ltemc-iop.c.o
                0x00003564                IOP_rxParseForUrcEvents
 .text.S_interruptCallbackISR
                0x00003738      0x134 c:\Users\GregTerrell\Documents\CodeDev\Arduino\libraries\LooUQ-LQCloud\examples\.build\libraries\LooUQ-LTEmC\ltemc-iop.c.o
 .text.mdminfo_signalRSSI
                0x0000386c       0x5c c:\Users\GregTerrell\Documents\CodeDev\Arduino\libraries\LooUQ-LQCloud\examples\.build\libraries\LooUQ-LTEmC\ltemc-mdminfo.c.o
                0x0000386c                mdminfo_signalRSSI
 .text.S_mqttOpenCompleteParser
                0x000038c8       0x1c c:\Users\GregTerrell\Documents\CodeDev\Arduino\libraries\LooUQ-LQCloud\examples\.build\libraries\LooUQ-LTEmC\ltemc-mqtt.c.o
 .text.S_mqttConnectCompleteParser
                0x000038e4       0x24 c:\Users\GregTerrell\Documents\CodeDev\Arduino\libraries\LooUQ-LQCloud\examples\.build\libraries\LooUQ-LTEmC\ltemc-mqtt.c.o
 .text.S_mqttSubscribeCompleteParser
                0x00003908       0x24 c:\Users\GregTerrell\Documents\CodeDev\Arduino\libraries\LooUQ-LQCloud\examples\.build\libraries\LooUQ-LTEmC\ltemc-mqtt.c.o
 .text.S_mqttPublishCompleteParser
                0x0000392c       0x24 c:\Users\GregTerrell\Documents\CodeDev\Arduino\libraries\LooUQ-LQCloud\examples\.build\libraries\LooUQ-LTEmC\ltemc-mqtt.c.o
 .text.S_mqttConnectStatusParser
                0x00003950       0x1c c:\Users\GregTerrell\Documents\CodeDev\Arduino\libraries\LooUQ-LQCloud\examples\.build\libraries\LooUQ-LTEmC\ltemc-mqtt.c.o
 .text.S_mqttDoWork
                0x0000396c      0x1cc c:\Users\GregTerrell\Documents\CodeDev\Arduino\libraries\LooUQ-LQCloud\examples\.build\libraries\LooUQ-LTEmC\ltemc-mqtt.c.o
 .text.S_updateSubscriptionsTable
                0x00003b38       0xc8 c:\Users\GregTerrell\Documents\CodeDev\Arduino\libraries\LooUQ-LQCloud\examples\.build\libraries\LooUQ-LTEmC\ltemc-mqtt.c.o
 .text.mqtt_initControl
                0x00003c00       0x90 c:\Users\GregTerrell\Documents\CodeDev\Arduino\libraries\LooUQ-LQCloud\examples\.build\libraries\LooUQ-LTEmC\ltemc-mqtt.c.o
                0x00003c00                mqtt_initControl
 .text.mqtt_close
                0x00003c90       0x48 c:\Users\GregTerrell\Documents\CodeDev\Arduino\libraries\LooUQ-LQCloud\examples\.build\libraries\LooUQ-LTEmC\ltemc-mqtt.c.o
                0x00003c90                mqtt_close
 .text.mqtt_subscribe
                0x00003cd8       0xa0 c:\Users\GregTerrell\Documents\CodeDev\Arduino\libraries\LooUQ-LQCloud\examples\.build\libraries\LooUQ-LTEmC\ltemc-mqtt.c.o
                0x00003cd8                mqtt_subscribe
 .text.mqtt_publish
                0x00003d78       0xbc c:\Users\GregTerrell\Documents\CodeDev\Arduino\libraries\LooUQ-LQCloud\examples\.build\libraries\LooUQ-LTEmC\ltemc-mqtt.c.o
                0x00003d78                mqtt_publish
 .text.mqtt_getStatusForSocket
                0x00003e34       0x48 c:\Users\GregTerrell\Documents\CodeDev\Arduino\libraries\LooUQ-LQCloud\examples\.build\libraries\LooUQ-LTEmC\ltemc-mqtt.c.o
                0x00003e34                mqtt_getStatusForSocket
 .text.mqtt_getStatus
                0x00003e7c       0x88 c:\Users\GregTerrell\Documents\CodeDev\Arduino\libraries\LooUQ-LQCloud\examples\.build\libraries\LooUQ-LTEmC\ltemc-mqtt.c.o
                0x00003e7c                mqtt_getStatus
 .text.mqtt_open
                0x00003f04       0xe0 c:\Users\GregTerrell\Documents\CodeDev\Arduino\libraries\LooUQ-LQCloud\examples\.build\libraries\LooUQ-LTEmC\ltemc-mqtt.c.o
                0x00003f04                mqtt_open
 .text.mqtt_connect
                0x00003fe4       0xf8 c:\Users\GregTerrell\Documents\CodeDev\Arduino\libraries\LooUQ-LQCloud\examples\.build\libraries\LooUQ-LTEmC\ltemc-mqtt.c.o
                0x00003fe4                mqtt_connect
 .text.mqtt_getMsgId
                0x000040dc        0x8 c:\Users\GregTerrell\Documents\CodeDev\Arduino\libraries\LooUQ-LQCloud\examples\.build\libraries\LooUQ-LTEmC\ltemc-mqtt.c.o
                0x000040dc                mqtt_getMsgId
 .text.S_contextStatusCompleteParser
                0x000040e4       0x1c c:\Users\GregTerrell\Documents\CodeDev\Arduino\libraries\LooUQ-LQCloud\examples\.build\libraries\LooUQ-LTEmC\ltemc-network.c.o
 .text.S_grabToken.constprop.0
                0x00004100       0x3a c:\Users\GregTerrell\Documents\CodeDev\Arduino\libraries\LooUQ-LQCloud\examples\.build\libraries\LooUQ-LTEmC\ltemc-network.c.o
 *fill*         0x0000413a        0x2 
 .text.ntwk_create
                0x0000413c       0x2c c:\Users\GregTerrell\Documents\CodeDev\Arduino\libraries\LooUQ-LQCloud\examples\.build\libraries\LooUQ-LTEmC\ltemc-network.c.o
                0x0000413c                ntwk_create
 .text.ntwk_awaitProvider
                0x00004168      0x10c c:\Users\GregTerrell\Documents\CodeDev\Arduino\libraries\LooUQ-LQCloud\examples\.build\libraries\LooUQ-LTEmC\ltemc-network.c.o
                0x00004168                ntwk_awaitProvider
 .text.ntwk_getActiveNetworkCount
                0x00004274       0xf0 c:\Users\GregTerrell\Documents\CodeDev\Arduino\libraries\LooUQ-LQCloud\examples\.build\libraries\LooUQ-LTEmC\ltemc-network.c.o
                0x00004274                ntwk_getActiveNetworkCount
 .text.ntwk_getNetworkInfo
                0x00004364       0x58 c:\Users\GregTerrell\Documents\CodeDev\Arduino\libraries\LooUQ-LQCloud\examples\.build\libraries\LooUQ-LTEmC\ltemc-network.c.o
                0x00004364                ntwk_getNetworkInfo
 .text.S_activateNetwork
                0x000043bc      0x128 c:\Users\GregTerrell\Documents\CodeDev\Arduino\libraries\LooUQ-LQCloud\examples\.build\libraries\LooUQ-LTEmC\ltemc-network.c.o
 .text.ntwk_activateNetwork
                0x000044e4        0xe c:\Users\GregTerrell\Documents\CodeDev\Arduino\libraries\LooUQ-LQCloud\examples\.build\libraries\LooUQ-LTEmC\ltemc-network.c.o
                0x000044e4                ntwk_activateNetwork
 *fill*         0x000044f2        0x2 
 .text.SC16IS7xx_readReg
                0x000044f4       0x20 c:\Users\GregTerrell\Documents\CodeDev\Arduino\libraries\LooUQ-LQCloud\examples\.build\libraries\LooUQ-LTEmC\ltemc-nxp-sc16is.c.o
                0x000044f4                SC16IS7xx_readReg
 .text.SC16IS7xx_chkCommReady
                0x00004514       0x12 c:\Users\GregTerrell\Documents\CodeDev\Arduino\libraries\LooUQ-LQCloud\examples\.build\libraries\LooUQ-LTEmC\ltemc-nxp-sc16is.c.o
                0x00004514                SC16IS7xx_chkCommReady
 *fill*         0x00004526        0x2 
 .text.SC16IS7xx_writeReg
                0x00004528       0x1c c:\Users\GregTerrell\Documents\CodeDev\Arduino\libraries\LooUQ-LQCloud\examples\.build\libraries\LooUQ-LTEmC\ltemc-nxp-sc16is.c.o
                0x00004528                SC16IS7xx_writeReg
 .text.SC16IS7xx_start
                0x00004544       0x60 c:\Users\GregTerrell\Documents\CodeDev\Arduino\libraries\LooUQ-LQCloud\examples\.build\libraries\LooUQ-LTEmC\ltemc-nxp-sc16is.c.o
                0x00004544                SC16IS7xx_start
 .text.SC16IS7xx_enableIrqMode
                0x000045a4        0xc c:\Users\GregTerrell\Documents\CodeDev\Arduino\libraries\LooUQ-LQCloud\examples\.build\libraries\LooUQ-LTEmC\ltemc-nxp-sc16is.c.o
                0x000045a4                SC16IS7xx_enableIrqMode
 .text.SC16IS7xx_read
                0x000045b0       0x18 c:\Users\GregTerrell\Documents\CodeDev\Arduino\libraries\LooUQ-LQCloud\examples\.build\libraries\LooUQ-LTEmC\ltemc-nxp-sc16is.c.o
                0x000045b0                SC16IS7xx_read
 .text.SC16IS7xx_write
                0x000045c8       0x18 c:\Users\GregTerrell\Documents\CodeDev\Arduino\libraries\LooUQ-LQCloud\examples\.build\libraries\LooUQ-LTEmC\ltemc-nxp-sc16is.c.o
                0x000045c8                SC16IS7xx_write
 .text.SC16IS7xx_flushRxFifo
                0x000045e0       0x2a c:\Users\GregTerrell\Documents\CodeDev\Arduino\libraries\LooUQ-LQCloud\examples\.build\libraries\LooUQ-LTEmC\ltemc-nxp-sc16is.c.o
                0x000045e0                SC16IS7xx_flushRxFifo
 *fill*         0x0000460a        0x2 
 .text.qbg_isPowerOn
                0x0000460c       0x18 c:\Users\GregTerrell\Documents\CodeDev\Arduino\libraries\LooUQ-LQCloud\examples\.build\libraries\LooUQ-LTEmC\ltemc-quectel-bg.c.o
                0x0000460c                qbg_isPowerOn
 .text.qbg_powerOn
                0x00004624       0x84 c:\Users\GregTerrell\Documents\CodeDev\Arduino\libraries\LooUQ-LQCloud\examples\.build\libraries\LooUQ-LTEmC\ltemc-quectel-bg.c.o
                0x00004624                qbg_powerOn
 .text.qbg_powerOff
                0x000046a8       0x48 c:\Users\GregTerrell\Documents\CodeDev\Arduino\libraries\LooUQ-LQCloud\examples\.build\libraries\LooUQ-LTEmC\ltemc-quectel-bg.c.o
                0x000046a8                qbg_powerOff
 .text.qbg_reset
                0x000046f0       0x74 c:\Users\GregTerrell\Documents\CodeDev\Arduino\libraries\LooUQ-LQCloud\examples\.build\libraries\LooUQ-LTEmC\ltemc-quectel-bg.c.o
                0x000046f0                qbg_reset
 .text.qbg_clrDataState
                0x00004764       0x2c c:\Users\GregTerrell\Documents\CodeDev\Arduino\libraries\LooUQ-LQCloud\examples\.build\libraries\LooUQ-LTEmC\ltemc-quectel-bg.c.o
                0x00004764                qbg_clrDataState
 .text.S_issueStartCommand
                0x00004790       0x22 c:\Users\GregTerrell\Documents\CodeDev\Arduino\libraries\LooUQ-LQCloud\examples\.build\libraries\LooUQ-LTEmC\ltemc-quectel-bg.c.o
                0x00004790                S_issueStartCommand
 *fill*         0x000047b2        0x2 
 .text.qbg_setOptions
                0x000047b4       0x48 c:\Users\GregTerrell\Documents\CodeDev\Arduino\libraries\LooUQ-LQCloud\examples\.build\libraries\LooUQ-LTEmC\ltemc-quectel-bg.c.o
                0x000047b4                qbg_setOptions
 .text.tls_configure
                0x000047fc       0x88 c:\Users\GregTerrell\Documents\CodeDev\Arduino\libraries\LooUQ-LQCloud\examples\.build\libraries\LooUQ-LTEmC\ltemc-tls.c.o
                0x000047fc                tls_configure
 .text.ltem_create
                0x00004884       0xac c:\Users\GregTerrell\Documents\CodeDev\Arduino\libraries\LooUQ-LQCloud\examples\.build\libraries\LooUQ-LTEmC\ltemc.c.o
                0x00004884                ltem_create
 .text.S__initDevice
                0x00004930       0x70 c:\Users\GregTerrell\Documents\CodeDev\Arduino\libraries\LooUQ-LQCloud\examples\.build\libraries\LooUQ-LTEmC\ltemc.c.o
                0x00004930                S__initDevice
 .text.ltem_start
                0x000049a0       0x8c c:\Users\GregTerrell\Documents\CodeDev\Arduino\libraries\LooUQ-LQCloud\examples\.build\libraries\LooUQ-LTEmC\ltemc.c.o
                0x000049a0                ltem_start
 .text.ltem_reset
                0x00004a2c       0x12 c:\Users\GregTerrell\Documents\CodeDev\Arduino\libraries\LooUQ-LQCloud\examples\.build\libraries\LooUQ-LTEmC\ltemc.c.o
                0x00004a2c                ltem_reset
 *fill*         0x00004a3e        0x2 
 .text.ltem_readDeviceState
                0x00004a40       0x2c c:\Users\GregTerrell\Documents\CodeDev\Arduino\libraries\LooUQ-LQCloud\examples\.build\libraries\LooUQ-LTEmC\ltemc.c.o
                0x00004a40                ltem_readDeviceState
 .text.ltem_notifyApp
                0x00004a6c       0x14 c:\Users\GregTerrell\Documents\CodeDev\Arduino\libraries\LooUQ-LQCloud\examples\.build\libraries\LooUQ-LTEmC\ltemc.c.o
                0x00004a6c                ltem_notifyApp
 .text.ltem_doWork
                0x00004a80       0x30 c:\Users\GregTerrell\Documents\CodeDev\Arduino\libraries\LooUQ-LQCloud\examples\.build\libraries\LooUQ-LTEmC\ltemc.c.o
                0x00004a80                ltem_doWork
 .text.LTEM_registerDoWorker
                0x00004ab0       0x34 c:\Users\GregTerrell\Documents\CodeDev\Arduino\libraries\LooUQ-LQCloud\examples\.build\libraries\LooUQ-LTEmC\ltemc.c.o
                0x00004ab0                LTEM_registerDoWorker
 .text.platform_openPin
                0x00004ae4        0x8 c:\Users\GregTerrell\Documents\CodeDev\Arduino\libraries\LooUQ-LQCloud\examples\.build\libraries\LooUQ-LTEmC\platform\arduino-gpio.cpp.o
                0x00004ae4                platform_openPin
 .text.platform_readPin
                0x00004aec        0xa c:\Users\GregTerrell\Documents\CodeDev\Arduino\libraries\LooUQ-LQCloud\examples\.build\libraries\LooUQ-LTEmC\platform\arduino-gpio.cpp.o
                0x00004aec                platform_readPin
 .text.platform_writePin
                0x00004af6        0x8 c:\Users\GregTerrell\Documents\CodeDev\Arduino\libraries\LooUQ-LQCloud\examples\.build\libraries\LooUQ-LTEmC\platform\arduino-gpio.cpp.o
                0x00004af6                platform_writePin
 *fill*         0x00004afe        0x2 
 .text.platform_attachIsr
                0x00004b00       0x28 c:\Users\GregTerrell\Documents\CodeDev\Arduino\libraries\LooUQ-LQCloud\examples\.build\libraries\LooUQ-LTEmC\platform\arduino-gpio.cpp.o
                0x00004b00                platform_attachIsr
 .text.spi_create
                0x00004b28       0x30 c:\Users\GregTerrell\Documents\CodeDev\Arduino\libraries\LooUQ-LQCloud\examples\.build\libraries\LooUQ-LTEmC\platform\arduino-spi.cpp.o
                0x00004b28                spi_create
 .text.spi_start
                0x00004b58       0x20 c:\Users\GregTerrell\Documents\CodeDev\Arduino\libraries\LooUQ-LQCloud\examples\.build\libraries\LooUQ-LTEmC\platform\arduino-spi.cpp.o
                0x00004b58                spi_start
 .text.spi_usingInterrupt
                0x00004b78       0x10 c:\Users\GregTerrell\Documents\CodeDev\Arduino\libraries\LooUQ-LQCloud\examples\.build\libraries\LooUQ-LTEmC\platform\arduino-spi.cpp.o
                0x00004b78                spi_usingInterrupt
 .text.spi_transferWord
                0x00004b88       0x7c c:\Users\GregTerrell\Documents\CodeDev\Arduino\libraries\LooUQ-LQCloud\examples\.build\libraries\LooUQ-LTEmC\platform\arduino-spi.cpp.o
                0x00004b88                spi_transferWord
 .text.spi_transferBuffer
                0x00004c04       0x48 c:\Users\GregTerrell\Documents\CodeDev\Arduino\libraries\LooUQ-LQCloud\examples\.build\libraries\LooUQ-LTEmC\platform\arduino-spi.cpp.o
                0x00004c04                spi_transferBuffer
 .text.startup._GLOBAL__sub_I_spi_create
                0x00004c4c       0x14 c:\Users\GregTerrell\Documents\CodeDev\Arduino\libraries\LooUQ-LQCloud\examples\.build\libraries\LooUQ-LTEmC\platform\arduino-spi.cpp.o
 .text.pMillis  0x00004c60        0x8 c:\Users\GregTerrell\Documents\CodeDev\Arduino\libraries\LooUQ-LQCloud\examples\.build\libraries\LooUQ-LTEmC\platform\arduino-timing.cpp.o
                0x00004c60                pMillis
 .text.pYield   0x00004c68       0x18 c:\Users\GregTerrell\Documents\CodeDev\Arduino\libraries\LooUQ-LQCloud\examples\.build\libraries\LooUQ-LTEmC\platform\arduino-timing.cpp.o
                0x00004c68                pYield
 .text.pDelay   0x00004c80       0x1a c:\Users\GregTerrell\Documents\CodeDev\Arduino\libraries\LooUQ-LQCloud\examples\.build\libraries\LooUQ-LTEmC\platform\arduino-timing.cpp.o
                0x00004c80                pDelay
 .text.pElapsed
                0x00004c9a       0x1a c:\Users\GregTerrell\Documents\CodeDev\Arduino\libraries\LooUQ-LQCloud\examples\.build\libraries\LooUQ-LTEmC\platform\arduino-timing.cpp.o
                0x00004c9a                pElapsed
 .text.S__actionResponse
                0x00004cb4       0x90 c:\Users\GregTerrell\Documents\CodeDev\Arduino\libraries\LooUQ-LQCloud\examples\.build\libraries\LooUQ-LQCloud\lqc-actions.c.o
 .text.lqc_registerApplicationAction
                0x00004d44       0x84 c:\Users\GregTerrell\Documents\CodeDev\Arduino\libraries\LooUQ-LQCloud\examples\.build\libraries\LooUQ-LQCloud\lqc-actions.c.o
                0x00004d44                lqc_registerApplicationAction
 .text.LQC_sendActionResponse
                0x00004dc8       0x2c c:\Users\GregTerrell\Documents\CodeDev\Arduino\libraries\LooUQ-LQCloud\examples\.build\libraries\LooUQ-LQCloud\lqc-actions.c.o
                0x00004dc8                LQC_sendActionResponse
 .text.lqc_sendActionResponse
                0x00004df4        0xc c:\Users\GregTerrell\Documents\CodeDev\Arduino\libraries\LooUQ-LQCloud\examples\.build\libraries\LooUQ-LQCloud\lqc-actions.c.o
                0x00004df4                lqc_sendActionResponse
 .text.LQC_processIncomingActionRequest
                0x00004e00      0x4cc c:\Users\GregTerrell\Documents\CodeDev\Arduino\libraries\LooUQ-LQCloud\examples\.build\libraries\LooUQ-LQCloud\lqc-actions.c.o
                0x00004e00                LQC_processIncomingActionRequest
 .text.LQC_sendAlert
                0x000052cc       0xd4 c:\Users\GregTerrell\Documents\CodeDev\Arduino\libraries\LooUQ-LQCloud\examples\.build\libraries\LooUQ-LQCloud\lqc-alerts.c.o
                0x000052cc                LQC_sendAlert
 .text.lqc_sendAlert
                0x000053a0       0x10 c:\Users\GregTerrell\Documents\CodeDev\Arduino\libraries\LooUQ-LQCloud\examples\.build\libraries\LooUQ-LQCloud\lqc-alerts.c.o
                0x000053a0                lqc_sendAlert
 .text.LQC_sendDeviceStarted
                0x000053b0       0x7c c:\Users\GregTerrell\Documents\CodeDev\Arduino\libraries\LooUQ-LQCloud\examples\.build\libraries\LooUQ-LQCloud\lqc-alerts.c.o
                0x000053b0                LQC_sendDeviceStarted
 .text.LQC_sendDiagnosticsAlert
                0x0000542c       0xcc c:\Users\GregTerrell\Documents\CodeDev\Arduino\libraries\LooUQ-LQCloud\examples\.build\libraries\LooUQ-LQCloud\lqc-alerts.c.o
                0x0000542c                LQC_sendDiagnosticsAlert
 .text.lqc_composeSASToken
                0x000054f8       0x84 c:\Users\GregTerrell\Documents\CodeDev\Arduino\libraries\LooUQ-LQCloud\examples\.build\libraries\LooUQ-LQCloud\lqc-azure.c.o
                0x000054f8                lqc_composeSASToken
 .text.lqc_decomposeSASToken
                0x0000557c       0xac c:\Users\GregTerrell\Documents\CodeDev\Arduino\libraries\LooUQ-LQCloud\examples\.build\libraries\LooUQ-LQCloud\lqc-azure.c.o
                0x0000557c                lqc_decomposeSASToken
 .text.LQC_composeCommMetricsReport
                0x00005628       0x44 c:\Users\GregTerrell\Documents\CodeDev\Arduino\libraries\LooUQ-LQCloud\examples\.build\libraries\LooUQ-LQCloud\lqc-metrics.c.o
                0x00005628                LQC_composeCommMetricsReport
 .text.lqc_reportCommMetrics
                0x0000566c       0x78 c:\Users\GregTerrell\Documents\CodeDev\Arduino\libraries\LooUQ-LQCloud\examples\.build\libraries\LooUQ-LQCloud\lqc-metrics.c.o
                0x0000566c                lqc_reportCommMetrics
 .text.LQC_clearMetrics
                0x000056e4       0x30 c:\Users\GregTerrell\Documents\CodeDev\Arduino\libraries\LooUQ-LQCloud\examples\.build\libraries\LooUQ-LQCloud\lqc-metrics.c.o
                0x000056e4                LQC_clearMetrics
 .text.lqc_sendTelemetry
                0x00005714      0x1b0 c:\Users\GregTerrell\Documents\CodeDev\Arduino\libraries\LooUQ-LQCloud\examples\.build\libraries\LooUQ-LQCloud\lqc-telemetry.c.o
                0x00005714                lqc_sendTelemetry
 .text.lqcNtwk_reset
                0x000058c4        0x8 c:\Users\GregTerrell\Documents\CodeDev\Arduino\libraries\LooUQ-LQCloud\examples\.build\libraries\LooUQ-LQCloud\lqcloud-ntwk-ltemc.c.o
                0x000058c4                lqcNtwk_reset
 .text.lqcNtwk_awaitProvider
                0x000058cc        0x8 c:\Users\GregTerrell\Documents\CodeDev\Arduino\libraries\LooUQ-LQCloud\examples\.build\libraries\LooUQ-LQCloud\lqcloud-ntwk-ltemc.c.o
                0x000058cc                lqcNtwk_awaitProvider
 .text.lqcNtwk_signalRSSI
                0x000058d4        0x8 c:\Users\GregTerrell\Documents\CodeDev\Arduino\libraries\LooUQ-LQCloud\examples\.build\libraries\LooUQ-LQCloud\lqcloud-ntwk-ltemc.c.o
                0x000058d4                lqcNtwk_signalRSSI
 .text.lqcNtwk_activateNetwork
                0x000058dc        0x8 c:\Users\GregTerrell\Documents\CodeDev\Arduino\libraries\LooUQ-LQCloud\examples\.build\libraries\LooUQ-LQCloud\lqcloud-ntwk-ltemc.c.o
                0x000058dc                lqcNtwk_activateNetwork
 .text.S__cloudReceiver
                0x000058e4      0x124 c:\Users\GregTerrell\Documents\CodeDev\Arduino\libraries\LooUQ-LQCloud\examples\.build\libraries\LooUQ-LQCloud\lqcloud.c.o
 .text.S__connectToCloudMqtt
                0x00005a08      0x16c c:\Users\GregTerrell\Documents\CodeDev\Arduino\libraries\LooUQ-LQCloud\examples\.build\libraries\LooUQ-LQCloud\lqcloud.c.o
 .text.lqc_create
                0x00005b74       0x64 c:\Users\GregTerrell\Documents\CodeDev\Arduino\libraries\LooUQ-LQCloud\examples\.build\libraries\LooUQ-LQCloud\lqcloud.c.o
                0x00005b74                lqc_create
 .text.lqc_start
                0x00005bd8       0x60 c:\Users\GregTerrell\Documents\CodeDev\Arduino\libraries\LooUQ-LQCloud\examples\.build\libraries\LooUQ-LQCloud\lqcloud.c.o
                0x00005bd8                lqc_start
 .text.lqc_getDeviceId
                0x00005c38        0x8 c:\Users\GregTerrell\Documents\CodeDev\Arduino\libraries\LooUQ-LQCloud\examples\.build\libraries\LooUQ-LQCloud\lqcloud.c.o
                0x00005c38                lqc_getDeviceId
 .text.LQC_invokeAppEventCBRequest
                0x00005c40       0x28 c:\Users\GregTerrell\Documents\CodeDev\Arduino\libraries\LooUQ-LQCloud\examples\.build\libraries\LooUQ-LQCloud\lqcloud.c.o
                0x00005c40                LQC_invokeAppEventCBRequest
 .text.LQC_getMsgId
                0x00005c68       0x10 c:\Users\GregTerrell\Documents\CodeDev\Arduino\libraries\LooUQ-LQCloud\examples\.build\libraries\LooUQ-LQCloud\lqcloud.c.o
                0x00005c68                LQC_getMsgId
 .text.LQC_sendToCloud
                0x00005c78       0xa8 c:\Users\GregTerrell\Documents\CodeDev\Arduino\libraries\LooUQ-LQCloud\examples\.build\libraries\LooUQ-LQCloud\lqcloud.c.o
                0x00005c78                LQC_sendToCloud
 .text.lqc_manageConnection
                0x00005d20       0xd4 c:\Users\GregTerrell\Documents\CodeDev\Arduino\libraries\LooUQ-LQCloud\examples\.build\libraries\LooUQ-LQCloud\lqcloud.c.o
                0x00005d20                lqc_manageConnection
 .text.lqc_doWork
                0x00005df4       0x7c c:\Users\GregTerrell\Documents\CodeDev\Arduino\libraries\LooUQ-LQCloud\examples\.build\libraries\LooUQ-LQCloud\lqcloud.c.o
                0x00005df4                lqc_doWork
 .text._ZN8SPIClass11dmaCallbackEP16Adafruit_ZeroDMA
                0x00005e70       0x18 c:\Users\GregTerrell\Documents\CodeDev\Arduino\libraries\LooUQ-LQCloud\examples\.build\libraries\SPI\SPI.cpp.o
                0x00005e70                SPIClass::dmaCallback(Adafruit_ZeroDMA*)
 .text._ZN8SPIClassC2EP6SERCOMhhh14SercomSpiTXPad11SercomRXPad
                0x00005e88       0x74 c:\Users\GregTerrell\Documents\CodeDev\Arduino\libraries\LooUQ-LQCloud\examples\.build\libraries\SPI\SPI.cpp.o
                0x00005e88                SPIClass::SPIClass(SERCOM*, unsigned char, unsigned char, unsigned char, SercomSpiTXPad, SercomRXPad)
                0x00005e88                SPIClass::SPIClass(SERCOM*, unsigned char, unsigned char, unsigned char, SercomSpiTXPad, SercomRXPad)
 .text._ZN8SPIClass6configE11SPISettings
                0x00005efc       0x36 c:\Users\GregTerrell\Documents\CodeDev\Arduino\libraries\LooUQ-LQCloud\examples\.build\libraries\SPI\SPI.cpp.o
                0x00005efc                SPIClass::config(SPISettings)
 *fill*         0x00005f32        0x2 
 .text._ZN8SPIClass14usingInterruptEi
                0x00005f34       0x44 c:\Users\GregTerrell\Documents\CodeDev\Arduino\libraries\LooUQ-LQCloud\examples\.build\libraries\SPI\SPI.cpp.o
                0x00005f34                SPIClass::usingInterrupt(int)
 .text._ZN8SPIClass16beginTransactionE11SPISettings
                0x00005f78       0x38 c:\Users\GregTerrell\Documents\CodeDev\Arduino\libraries\LooUQ-LQCloud\examples\.build\libraries\SPI\SPI.cpp.o
                0x00005f78                SPIClass::beginTransaction(SPISettings)
 .text._ZN8SPIClass14endTransactionEv
                0x00005fb0       0x28 c:\Users\GregTerrell\Documents\CodeDev\Arduino\libraries\LooUQ-LQCloud\examples\.build\libraries\SPI\SPI.cpp.o
                0x00005fb0                SPIClass::endTransaction()
 .text._ZN8SPIClass8transferEh
                0x00005fd8        0xa c:\Users\GregTerrell\Documents\CodeDev\Arduino\libraries\LooUQ-LQCloud\examples\.build\libraries\SPI\SPI.cpp.o
                0x00005fd8                SPIClass::transfer(unsigned char)
 .text._ZN8SPIClass8transferEPvj
                0x00005fe2       0x1c c:\Users\GregTerrell\Documents\CodeDev\Arduino\libraries\LooUQ-LQCloud\examples\.build\libraries\SPI\SPI.cpp.o
                0x00005fe2                SPIClass::transfer(void*, unsigned int)
 *fill*         0x00005ffe        0x2 
 .text._ZN8SPIClass15getDataRegisterEv
                0x00006000       0x20 c:\Users\GregTerrell\Documents\CodeDev\Arduino\libraries\LooUQ-LQCloud\examples\.build\libraries\SPI\SPI.cpp.o
                0x00006000                SPIClass::getDataRegister()
 .text._ZN8SPIClass13getDMAC_ID_TXEv
                0x00006020       0x24 c:\Users\GregTerrell\Documents\CodeDev\Arduino\libraries\LooUQ-LQCloud\examples\.build\libraries\SPI\SPI.cpp.o
                0x00006020                SPIClass::getDMAC_ID_TX()
 .text._ZN8SPIClass13getDMAC_ID_RXEv
                0x00006044       0x24 c:\Users\GregTerrell\Documents\CodeDev\Arduino\libraries\LooUQ-LQCloud\examples\.build\libraries\SPI\SPI.cpp.o
                0x00006044                SPIClass::getDMAC_ID_RX()
 .text._ZN8SPIClass11dmaAllocateEv
                0x00006068       0xfc c:\Users\GregTerrell\Documents\CodeDev\Arduino\libraries\LooUQ-LQCloud\examples\.build\libraries\SPI\SPI.cpp.o
                0x00006068                SPIClass::dmaAllocate()
 .text._ZN8SPIClass5beginEv
                0x00006164       0x68 c:\Users\GregTerrell\Documents\CodeDev\Arduino\libraries\LooUQ-LQCloud\examples\.build\libraries\SPI\SPI.cpp.o
                0x00006164                SPIClass::begin()
 .text.startup._GLOBAL__sub_I__ZN8SPIClassC2EP6SERCOMhhh14SercomSpiTXPad11SercomRXPad
                0x000061cc       0x38 c:\Users\GregTerrell\Documents\CodeDev\Arduino\libraries\LooUQ-LQCloud\examples\.build\libraries\SPI\SPI.cpp.o
 .text._ZL22cpu_irq_enter_criticalv
                0x00006204       0x2c c:\Users\GregTerrell\Documents\CodeDev\Arduino\libraries\LooUQ-LQCloud\examples\.build\libraries\Adafruit_ZeroDMA\Adafruit_ZeroDMA.cpp.o
 .text._ZL22cpu_irq_leave_criticalv
                0x00006230       0x2c c:\Users\GregTerrell\Documents\CodeDev\Arduino\libraries\LooUQ-LQCloud\examples\.build\libraries\Adafruit_ZeroDMA\Adafruit_ZeroDMA.cpp.o
 .text._ZN16Adafruit_ZeroDMAC2Ev
                0x0000625c       0x20 c:\Users\GregTerrell\Documents\CodeDev\Arduino\libraries\LooUQ-LQCloud\examples\.build\libraries\Adafruit_ZeroDMA\Adafruit_ZeroDMA.cpp.o
                0x0000625c                Adafruit_ZeroDMA::Adafruit_ZeroDMA()
                0x0000625c                Adafruit_ZeroDMA::Adafruit_ZeroDMA()
 .text._ZN16Adafruit_ZeroDMA11_IRQhandlerEh
                0x0000627c       0x44 c:\Users\GregTerrell\Documents\CodeDev\Arduino\libraries\LooUQ-LQCloud\examples\.build\libraries\Adafruit_ZeroDMA\Adafruit_ZeroDMA.cpp.o
                0x0000627c                Adafruit_ZeroDMA::_IRQhandler(unsigned char)
 .text.DMAC_Handler
                0x000062c0       0x48 c:\Users\GregTerrell\Documents\CodeDev\Arduino\libraries\LooUQ-LQCloud\examples\.build\libraries\Adafruit_ZeroDMA\Adafruit_ZeroDMA.cpp.o
                0x000062c0                DMAC_Handler
 .text._ZN16Adafruit_ZeroDMA8allocateEv
                0x00006308      0x134 c:\Users\GregTerrell\Documents\CodeDev\Arduino\libraries\LooUQ-LQCloud\examples\.build\libraries\Adafruit_ZeroDMA\Adafruit_ZeroDMA.cpp.o
                0x00006308                Adafruit_ZeroDMA::allocate()
 .text._ZN16Adafruit_ZeroDMA4freeEv
                0x0000643c       0x84 c:\Users\GregTerrell\Documents\CodeDev\Arduino\libraries\LooUQ-LQCloud\examples\.build\libraries\Adafruit_ZeroDMA\Adafruit_ZeroDMA.cpp.o
                0x0000643c                Adafruit_ZeroDMA::free()
 .text._ZN16Adafruit_ZeroDMA11setCallbackEPFvPS_E17dma_callback_type
                0x000064c0        0x8 c:\Users\GregTerrell\Documents\CodeDev\Arduino\libraries\LooUQ-LQCloud\examples\.build\libraries\Adafruit_ZeroDMA\Adafruit_ZeroDMA.cpp.o
                0x000064c0                Adafruit_ZeroDMA::setCallback(void (*)(Adafruit_ZeroDMA*), dma_callback_type)
 .text._ZN16Adafruit_ZeroDMA10setTriggerEh
                0x000064c8       0x48 c:\Users\GregTerrell\Documents\CodeDev\Arduino\libraries\LooUQ-LQCloud\examples\.build\libraries\Adafruit_ZeroDMA\Adafruit_ZeroDMA.cpp.o
                0x000064c8                Adafruit_ZeroDMA::setTrigger(unsigned char)
 .text._ZN16Adafruit_ZeroDMA9setActionE27dma_transfer_trigger_action
                0x00006510       0x48 c:\Users\GregTerrell\Documents\CodeDev\Arduino\libraries\LooUQ-LQCloud\examples\.build\libraries\Adafruit_ZeroDMA\Adafruit_ZeroDMA.cpp.o
                0x00006510                Adafruit_ZeroDMA::setAction(dma_transfer_trigger_action)
 .text._ZN16Adafruit_ZeroDMA10getChannelEv
                0x00006558        0x4 c:\Users\GregTerrell\Documents\CodeDev\Arduino\libraries\LooUQ-LQCloud\examples\.build\libraries\Adafruit_ZeroDMA\Adafruit_ZeroDMA.cpp.o
                0x00006558                Adafruit_ZeroDMA::getChannel()
 .text._ZN16Adafruit_ZeroDMA13addDescriptorEPvS0_m13dma_beat_sizebbmb
                0x0000655c      0x14c c:\Users\GregTerrell\Documents\CodeDev\Arduino\libraries\LooUQ-LQCloud\examples\.build\libraries\Adafruit_ZeroDMA\Adafruit_ZeroDMA.cpp.o
                0x0000655c                Adafruit_ZeroDMA::addDescriptor(void*, void*, unsigned long, dma_beat_size, bool, bool, unsigned long, bool)
 .text.SERCOM0_Handler
                0x000066a8       0x10 c:\Users\GregTerrell\Documents\CodeDev\Arduino\libraries\LooUQ-LQCloud\examples\.build\core\variant.cpp.o
                0x000066a8                SERCOM0_Handler
 .text.SERCOM5_Handler
                0x000066b8       0x10 c:\Users\GregTerrell\Documents\CodeDev\Arduino\libraries\LooUQ-LQCloud\examples\.build\core\variant.cpp.o
                0x000066b8                SERCOM5_Handler
 .text.startup._GLOBAL__sub_I_g_APinDescription
                0x000066c8       0x94 c:\Users\GregTerrell\Documents\CodeDev\Arduino\libraries\LooUQ-LQCloud\examples\.build\core\variant.cpp.o
 .text.attachInterrupt
                0x0000675c      0x184 c:\Users\GregTerrell\Documents\CodeDev\Arduino\libraries\LooUQ-LQCloud\examples\.build/core\core.a(WInterrupts.c.o)
                0x0000675c                attachInterrupt
 .text.EIC_Handler
                0x000068e0       0x3c c:\Users\GregTerrell\Documents\CodeDev\Arduino\libraries\LooUQ-LQCloud\examples\.build/core\core.a(WInterrupts.c.o)
                0x000068e0                EIC_Handler
 .text.NMI_Handler
                0x0000691c       0x20 c:\Users\GregTerrell\Documents\CodeDev\Arduino\libraries\LooUQ-LQCloud\examples\.build/core\core.a(WInterrupts.c.o)
                0x0000691c                NMI_Handler
 .text.Dummy_Handler
                0x0000693c        0x2 c:\Users\GregTerrell\Documents\CodeDev\Arduino\libraries\LooUQ-LQCloud\examples\.build/core\core.a(cortex_handlers.c.o)
                0x0000693c                HardFault_Handler
                0x0000693c                AC_Handler
                0x0000693c                PendSV_Handler
                0x0000693c                TC7_Handler
                0x0000693c                SERCOM1_Handler
                0x0000693c                ADC_Handler
                0x0000693c                TCC1_Handler
                0x0000693c                SERCOM2_Handler
                0x0000693c                TCC0_Handler
                0x0000693c                RTC_Handler
                0x0000693c                TC6_Handler
                0x0000693c                TC4_Handler
                0x0000693c                TC3_Handler
                0x0000693c                Dummy_Handler
                0x0000693c                PM_Handler
                0x0000693c                SVC_Handler
                0x0000693c                TCC2_Handler
                0x0000693c                EVSYS_Handler
                0x0000693c                SERCOM3_Handler
                0x0000693c                SERCOM4_Handler
                0x0000693c                I2S_Handler
                0x0000693c                NVMCTRL_Handler
                0x0000693c                DAC_Handler
                0x0000693c                PTC_Handler
                0x0000693c                SYSCTRL_Handler
 *fill*         0x0000693e        0x2 
 .text.USB_Handler
                0x00006940       0x14 c:\Users\GregTerrell\Documents\CodeDev\Arduino\libraries\LooUQ-LQCloud\examples\.build/core\core.a(cortex_handlers.c.o)
                0x00006940                USB_Handler
 .text.Reset_Handler
                0x00006954       0x54 c:\Users\GregTerrell\Documents\CodeDev\Arduino\libraries\LooUQ-LQCloud\examples\.build/core\core.a(cortex_handlers.c.o)
                0x00006954                Reset_Handler
 .text.SysTick_Handler
                0x000069a8       0x10 c:\Users\GregTerrell\Documents\CodeDev\Arduino\libraries\LooUQ-LQCloud\examples\.build/core\core.a(cortex_handlers.c.o)
                0x000069a8                SysTick_Handler
 .text.USB_SetHandler
                0x000069b8        0xc c:\Users\GregTerrell\Documents\CodeDev\Arduino\libraries\LooUQ-LQCloud\examples\.build/core\core.a(cortex_handlers.c.o)
                0x000069b8                USB_SetHandler
 .text.millis   0x000069c4        0xc c:\Users\GregTerrell\Documents\CodeDev\Arduino\libraries\LooUQ-LQCloud\examples\.build/core\core.a(delay.c.o)
                0x000069c4                millis
 .text.micros   0x000069d0       0x60 c:\Users\GregTerrell\Documents\CodeDev\Arduino\libraries\LooUQ-LQCloud\examples\.build/core\core.a(delay.c.o)
                0x000069d0                micros
 .text.delay    0x00006a30       0x2c c:\Users\GregTerrell\Documents\CodeDev\Arduino\libraries\LooUQ-LQCloud\examples\.build/core\core.a(delay.c.o)
                0x00006a30                delay
 .text.SysTick_DefaultHandler
                0x00006a5c       0x14 c:\Users\GregTerrell\Documents\CodeDev\Arduino\libraries\LooUQ-LQCloud\examples\.build/core\core.a(delay.c.o)
                0x00006a5c                SysTick_DefaultHandler
 .text.__empty  0x00006a70        0x2 c:\Users\GregTerrell\Documents\CodeDev\Arduino\libraries\LooUQ-LQCloud\examples\.build/core\core.a(hooks.c.o)
                0x00006a70                yield
 .text.__false  0x00006a72        0x4 c:\Users\GregTerrell\Documents\CodeDev\Arduino\libraries\LooUQ-LQCloud\examples\.build/core\core.a(hooks.c.o)
                0x00006a72                sysTickHook
 *fill*         0x00006a76        0x2 
 .text.SystemInit
                0x00006a78      0x160 c:\Users\GregTerrell\Documents\CodeDev\Arduino\libraries\LooUQ-LQCloud\examples\.build/core\core.a(startup.c.o)
                0x00006a78                SystemInit
 .text.init     0x00006bd8       0xe0 c:\Users\GregTerrell\Documents\CodeDev\Arduino\libraries\LooUQ-LQCloud\examples\.build/core\core.a(wiring.c.o)
                0x00006bd8                init
 .text.analogReference
                0x00006cb8       0x88 c:\Users\GregTerrell\Documents\CodeDev\Arduino\libraries\LooUQ-LQCloud\examples\.build/core\core.a(wiring_analog.c.o)
                0x00006cb8                analogReference
 .text.pinMode  0x00006d40       0x60 c:\Users\GregTerrell\Documents\CodeDev\Arduino\libraries\LooUQ-LQCloud\examples\.build/core\core.a(wiring_digital.c.o)
                0x00006d40                pinMode
 .text.digitalWrite
                0x00006da0       0x58 c:\Users\GregTerrell\Documents\CodeDev\Arduino\libraries\LooUQ-LQCloud\examples\.build/core\core.a(wiring_digital.c.o)
                0x00006da0                digitalWrite
 .text.digitalRead
                0x00006df8       0x30 c:\Users\GregTerrell\Documents\CodeDev\Arduino\libraries\LooUQ-LQCloud\examples\.build/core\core.a(wiring_digital.c.o)
                0x00006df8                digitalRead
 .text.pinPeripheral
                0x00006e28       0xbc c:\Users\GregTerrell\Documents\CodeDev\Arduino\libraries\LooUQ-LQCloud\examples\.build/core\core.a(wiring_private.c.o)
                0x00006e28                pinPeripheral
 .text._ZN5Print5writeEPKhj
                0x00006ee4       0x24 c:\Users\GregTerrell\Documents\CodeDev\Arduino\libraries\LooUQ-LQCloud\examples\.build/core\core.a(Print.cpp.o)
                0x00006ee4                Print::write(unsigned char const*, unsigned int)
 .text.initiateReset
                0x00006f08        0xc c:\Users\GregTerrell\Documents\CodeDev\Arduino\libraries\LooUQ-LQCloud\examples\.build/core\core.a(Reset.cpp.o)
                0x00006f08                initiateReset
 .text.cancelReset
                0x00006f14       0x10 c:\Users\GregTerrell\Documents\CodeDev\Arduino\libraries\LooUQ-LQCloud\examples\.build/core\core.a(Reset.cpp.o)
                0x00006f14                cancelReset
 .text.tickReset
                0x00006f24       0x74 c:\Users\GregTerrell\Documents\CodeDev\Arduino\libraries\LooUQ-LQCloud\examples\.build/core\core.a(Reset.cpp.o)
                0x00006f24                tickReset
 .text._ZN6SERCOMC2EP6Sercom
                0x00006f98        0x4 c:\Users\GregTerrell\Documents\CodeDev\Arduino\libraries\LooUQ-LQCloud\examples\.build/core\core.a(SERCOM.cpp.o)
                0x00006f98                SERCOM::SERCOM(Sercom*)
                0x00006f98                SERCOM::SERCOM(Sercom*)
 .text._ZN6SERCOM9initFrameE18SercomUartCharSize15SercomDataOrder16SercomParityMode19SercomNumberStopBit
                0x00006f9c       0x3a c:\Users\GregTerrell\Documents\CodeDev\Arduino\libraries\LooUQ-LQCloud\examples\.build/core\core.a(SERCOM.cpp.o)
                0x00006f9c                SERCOM::initFrame(SercomUartCharSize, SercomDataOrder, SercomParityMode, SercomNumberStopBit)
 .text._ZN6SERCOM8initPadsE15SercomUartTXPad11SercomRXPad
                0x00006fd6       0x26 c:\Users\GregTerrell\Documents\CodeDev\Arduino\libraries\LooUQ-LQCloud\examples\.build/core\core.a(SERCOM.cpp.o)
                0x00006fd6                SERCOM::initPads(SercomUartTXPad, SercomRXPad)
 .text._ZN6SERCOM9resetUARTEv
                0x00006ffc       0x1a c:\Users\GregTerrell\Documents\CodeDev\Arduino\libraries\LooUQ-LQCloud\examples\.build/core\core.a(SERCOM.cpp.o)
                0x00006ffc                SERCOM::resetUART()
 .text._ZN6SERCOM10enableUARTEv
                0x00007016       0x14 c:\Users\GregTerrell\Documents\CodeDev\Arduino\libraries\LooUQ-LQCloud\examples\.build/core\core.a(SERCOM.cpp.o)
                0x00007016                SERCOM::enableUART()
 .text._ZN6SERCOM9flushUARTEv
                0x0000702a       0x10 c:\Users\GregTerrell\Documents\CodeDev\Arduino\libraries\LooUQ-LQCloud\examples\.build/core\core.a(SERCOM.cpp.o)
                0x0000702a                SERCOM::flushUART()
 .text._ZN6SERCOM15clearStatusUARTEv
                0x0000703a        0x8 c:\Users\GregTerrell\Documents\CodeDev\Arduino\libraries\LooUQ-LQCloud\examples\.build/core\core.a(SERCOM.cpp.o)
                0x0000703a                SERCOM::clearStatusUART()
 .text._ZN6SERCOM17availableDataUARTEv
                0x00007042        0xa c:\Users\GregTerrell\Documents\CodeDev\Arduino\libraries\LooUQ-LQCloud\examples\.build/core\core.a(SERCOM.cpp.o)
                0x00007042                SERCOM::availableDataUART()
 .text._ZN6SERCOM11isUARTErrorEv
                0x0000704c        0x8 c:\Users\GregTerrell\Documents\CodeDev\Arduino\libraries\LooUQ-LQCloud\examples\.build/core\core.a(SERCOM.cpp.o)
                0x0000704c                SERCOM::isUARTError()
 .text._ZN6SERCOM20acknowledgeUARTErrorEv
                0x00007054        0xe c:\Users\GregTerrell\Documents\CodeDev\Arduino\libraries\LooUQ-LQCloud\examples\.build/core\core.a(SERCOM.cpp.o)
                0x00007054                SERCOM::acknowledgeUARTError()
 .text._ZN6SERCOM16isFrameErrorUARTEv
                0x00007062        0xa c:\Users\GregTerrell\Documents\CodeDev\Arduino\libraries\LooUQ-LQCloud\examples\.build/core\core.a(SERCOM.cpp.o)
                0x00007062                SERCOM::isFrameErrorUART()
 .text._ZN6SERCOM19clearFrameErrorUARTEv
                0x0000706c        0xc c:\Users\GregTerrell\Documents\CodeDev\Arduino\libraries\LooUQ-LQCloud\examples\.build/core\core.a(SERCOM.cpp.o)
                0x0000706c                SERCOM::clearFrameErrorUART()
 .text._ZN6SERCOM23isDataRegisterEmptyUARTEv
                0x00007078        0xa c:\Users\GregTerrell\Documents\CodeDev\Arduino\libraries\LooUQ-LQCloud\examples\.build/core\core.a(SERCOM.cpp.o)
                0x00007078                SERCOM::isDataRegisterEmptyUART()
 .text._ZN6SERCOM12readDataUARTEv
                0x00007082        0x8 c:\Users\GregTerrell\Documents\CodeDev\Arduino\libraries\LooUQ-LQCloud\examples\.build/core\core.a(SERCOM.cpp.o)
                0x00007082                SERCOM::readDataUART()
 .text._ZN6SERCOM13writeDataUARTEh
                0x0000708a       0x10 c:\Users\GregTerrell\Documents\CodeDev\Arduino\libraries\LooUQ-LQCloud\examples\.build/core\core.a(SERCOM.cpp.o)
                0x0000708a                SERCOM::writeDataUART(unsigned char)
 .text._ZN6SERCOM36enableDataRegisterEmptyInterruptUARTEv
                0x0000709a        0x8 c:\Users\GregTerrell\Documents\CodeDev\Arduino\libraries\LooUQ-LQCloud\examples\.build/core\core.a(SERCOM.cpp.o)
                0x0000709a                SERCOM::enableDataRegisterEmptyInterruptUART()
 .text._ZN6SERCOM37disableDataRegisterEmptyInterruptUARTEv
                0x000070a2        0x8 c:\Users\GregTerrell\Documents\CodeDev\Arduino\libraries\LooUQ-LQCloud\examples\.build/core\core.a(SERCOM.cpp.o)
                0x000070a2                SERCOM::disableDataRegisterEmptyInterruptUART()
 .text._ZN6SERCOM8resetSPIEv
                0x000070aa       0x1a c:\Users\GregTerrell\Documents\CodeDev\Arduino\libraries\LooUQ-LQCloud\examples\.build/core\core.a(SERCOM.cpp.o)
                0x000070aa                SERCOM::resetSPI()
 .text._ZN6SERCOM9enableSPIEv
                0x000070c4       0x14 c:\Users\GregTerrell\Documents\CodeDev\Arduino\libraries\LooUQ-LQCloud\examples\.build/core\core.a(SERCOM.cpp.o)
                0x000070c4                SERCOM::enableSPI()
 .text._ZN6SERCOM10disableSPIEv
                0x000070d8       0x12 c:\Users\GregTerrell\Documents\CodeDev\Arduino\libraries\LooUQ-LQCloud\examples\.build/core\core.a(SERCOM.cpp.o)
                0x000070d8                SERCOM::disableSPI()
 .text._ZN6SERCOM15transferDataSPIEh
                0x000070ea       0x1a c:\Users\GregTerrell\Documents\CodeDev\Arduino\libraries\LooUQ-LQCloud\examples\.build/core\core.a(SERCOM.cpp.o)
                0x000070ea                SERCOM::transferDataSPI(unsigned char)
 .text._ZN6SERCOM28calculateBaudrateSynchronousEm
                0x00007104       0x1c c:\Users\GregTerrell\Documents\CodeDev\Arduino\libraries\LooUQ-LQCloud\examples\.build/core\core.a(SERCOM.cpp.o)
                0x00007104                SERCOM::calculateBaudrateSynchronous(unsigned long)
 .text._ZN6SERCOM12initSPIClockE18SercomSpiClockModem
                0x00007120       0x26 c:\Users\GregTerrell\Documents\CodeDev\Arduino\libraries\LooUQ-LQCloud\examples\.build/core\core.a(SERCOM.cpp.o)
                0x00007120                SERCOM::initSPIClock(SercomSpiClockMode, unsigned long)
 *fill*         0x00007146        0x2 
 .text._ZN6SERCOM14getSercomIndexEv
                0x00007148       0x5c c:\Users\GregTerrell\Documents\CodeDev\Arduino\libraries\LooUQ-LQCloud\examples\.build/core\core.a(SERCOM.cpp.o)
                0x00007148                SERCOM::getSercomIndex()
 .text._ZN6SERCOM13initClockNVICEv
                0x000071a4       0x90 c:\Users\GregTerrell\Documents\CodeDev\Arduino\libraries\LooUQ-LQCloud\examples\.build/core\core.a(SERCOM.cpp.o)
                0x000071a4                SERCOM::initClockNVIC()
 .text._ZN6SERCOM8initUARTE14SercomUartMode20SercomUartSampleRatem
                0x00007234       0x6c c:\Users\GregTerrell\Documents\CodeDev\Arduino\libraries\LooUQ-LQCloud\examples\.build/core\core.a(SERCOM.cpp.o)
                0x00007234                SERCOM::initUART(SercomUartMode, SercomUartSampleRate, unsigned long)
 .text._ZN6SERCOM7initSPIE14SercomSpiTXPad11SercomRXPad17SercomSpiCharSize15SercomDataOrder
                0x000072a0       0x52 c:\Users\GregTerrell\Documents\CodeDev\Arduino\libraries\LooUQ-LQCloud\examples\.build/core\core.a(SERCOM.cpp.o)
                0x000072a0                SERCOM::initSPI(SercomSpiTXPad, SercomRXPad, SercomSpiCharSize, SercomDataOrder)
 .text._ZN7Serial_17availableForWriteEv
                0x000072f2        0x4 c:\Users\GregTerrell\Documents\CodeDev\Arduino\libraries\LooUQ-LQCloud\examples\.build/core\core.a(CDC.cpp.o)
                0x000072f2                Serial_::availableForWrite()
 .text._ZN7Serial_5writeEh
                0x000072f6       0x14 c:\Users\GregTerrell\Documents\CodeDev\Arduino\libraries\LooUQ-LQCloud\examples\.build/core\core.a(CDC.cpp.o)
                0x000072f6                Serial_::write(unsigned char)
 .text._ZN7Serial_9availableEv
                0x0000730a        0xc c:\Users\GregTerrell\Documents\CodeDev\Arduino\libraries\LooUQ-LQCloud\examples\.build/core\core.a(CDC.cpp.o)
                0x0000730a                Serial_::available()
 .text._ZN7Serial_5flushEv
                0x00007316        0xc c:\Users\GregTerrell\Documents\CodeDev\Arduino\libraries\LooUQ-LQCloud\examples\.build/core\core.a(CDC.cpp.o)
                0x00007316                Serial_::flush()
 *fill*         0x00007322        0x2 
 .text._ZN7Serial_5writeEPKhj
                0x00007324       0x2c c:\Users\GregTerrell\Documents\CodeDev\Arduino\libraries\LooUQ-LQCloud\examples\.build/core\core.a(CDC.cpp.o)
                0x00007324                Serial_::write(unsigned char const*, unsigned int)
 .text._ZN7Serial_4peekEv
                0x00007350       0x1c c:\Users\GregTerrell\Documents\CodeDev\Arduino\libraries\LooUQ-LQCloud\examples\.build/core\core.a(CDC.cpp.o)
                0x00007350                Serial_::peek()
 .text._ZN7Serial_4readEv
                0x0000736c       0x24 c:\Users\GregTerrell\Documents\CodeDev\Arduino\libraries\LooUQ-LQCloud\examples\.build/core\core.a(CDC.cpp.o)
                0x0000736c                Serial_::read()
 .text._Z16CDC_GetInterfacePh
                0x00007390       0x1c c:\Users\GregTerrell\Documents\CodeDev\Arduino\libraries\LooUQ-LQCloud\examples\.build/core\core.a(CDC.cpp.o)
                0x00007390                CDC_GetInterface(unsigned char*)
 .text._Z9CDC_SetupR8USBSetup
                0x000073ac       0x7c c:\Users\GregTerrell\Documents\CodeDev\Arduino\libraries\LooUQ-LQCloud\examples\.build/core\core.a(CDC.cpp.o)
                0x000073ac                CDC_Setup(USBSetup&)
 .text.startup._GLOBAL__sub_I__Z17_CDC_GetInterfacev
                0x00007428       0x28 c:\Users\GregTerrell\Documents\CodeDev\Arduino\libraries\LooUQ-LQCloud\examples\.build/core\core.a(CDC.cpp.o)
 .text._ZN26DoubleBufferedEPOutHandler4initEv
                0x00007450        0x2 c:\Users\GregTerrell\Documents\CodeDev\Arduino\libraries\LooUQ-LQCloud\examples\.build/core\core.a(USBCore.cpp.o)
                0x00007450                DoubleBufferedEPOutHandler::init()
 .text._ZL5utox8mPc
                0x00007452       0x26 c:\Users\GregTerrell\Documents\CodeDev\Arduino\libraries\LooUQ-LQCloud\examples\.build/core\core.a(USBCore.cpp.o)
 .text._ZN26DoubleBufferedEPOutHandlerD2Ev
                0x00007478       0x14 c:\Users\GregTerrell\Documents\CodeDev\Arduino\libraries\LooUQ-LQCloud\examples\.build/core\core.a(USBCore.cpp.o)
                0x00007478                DoubleBufferedEPOutHandler::~DoubleBufferedEPOutHandler()
                0x00007478                DoubleBufferedEPOutHandler::~DoubleBufferedEPOutHandler()
 .text._ZN26DoubleBufferedEPOutHandlerD0Ev
                0x0000748c       0x12 c:\Users\GregTerrell\Documents\CodeDev\Arduino\libraries\LooUQ-LQCloud\examples\.build/core\core.a(USBCore.cpp.o)
                0x0000748c                DoubleBufferedEPOutHandler::~DoubleBufferedEPOutHandler()
 *fill*         0x0000749e        0x2 
 .text._ZN14USBDeviceClass6initEPEmm.part.0
                0x000074a0       0xe8 c:\Users\GregTerrell\Documents\CodeDev\Arduino\libraries\LooUQ-LQCloud\examples\.build/core\core.a(USBCore.cpp.o)
 .text._ZN7__GuardC2Ev
                0x00007588        0xe c:\Users\GregTerrell\Documents\CodeDev\Arduino\libraries\LooUQ-LQCloud\examples\.build/core\core.a(USBCore.cpp.o)
                0x00007588                __Guard::__Guard()
                0x00007588                __Guard::__Guard()
 .text._ZN7__GuardD2Ev
                0x00007596        0xe c:\Users\GregTerrell\Documents\CodeDev\Arduino\libraries\LooUQ-LQCloud\examples\.build/core\core.a(USBCore.cpp.o)
                0x00007596                __Guard::~__Guard()
                0x00007596                __Guard::~__Guard()
 .text._ZNK26DoubleBufferedEPOutHandler9availableEv
                0x000075a4       0x5e c:\Users\GregTerrell\Documents\CodeDev\Arduino\libraries\LooUQ-LQCloud\examples\.build/core\core.a(USBCore.cpp.o)
                0x000075a4                DoubleBufferedEPOutHandler::available() const
 *fill*         0x00007602        0x2 
 .text._ZN26DoubleBufferedEPOutHandler7releaseEv
                0x00007604       0x54 c:\Users\GregTerrell\Documents\CodeDev\Arduino\libraries\LooUQ-LQCloud\examples\.build/core\core.a(USBCore.cpp.o)
                0x00007604                DoubleBufferedEPOutHandler::release()
 .text._ZN26DoubleBufferedEPOutHandler4recvEPvm
                0x00007658      0x11a c:\Users\GregTerrell\Documents\CodeDev\Arduino\libraries\LooUQ-LQCloud\examples\.build/core\core.a(USBCore.cpp.o)
                0x00007658                DoubleBufferedEPOutHandler::recv(void*, unsigned long)
 .text._ZN26DoubleBufferedEPOutHandler14handleEndpointEv
                0x00007772       0xc2 c:\Users\GregTerrell\Documents\CodeDev\Arduino\libraries\LooUQ-LQCloud\examples\.build/core\core.a(USBCore.cpp.o)
                0x00007772                DoubleBufferedEPOutHandler::handleEndpoint()
 .text._ZN14USBDeviceClass14SendInterfacesEPm
                0x00007834       0x2e c:\Users\GregTerrell\Documents\CodeDev\Arduino\libraries\LooUQ-LQCloud\examples\.build/core\core.a(USBCore.cpp.o)
                0x00007834                USBDeviceClass::SendInterfaces(unsigned long*)
 *fill*         0x00007862        0x2 
 .text._ZN14USBDeviceClass14handleEndpointEh
                0x00007864       0x44 c:\Users\GregTerrell\Documents\CodeDev\Arduino\libraries\LooUQ-LQCloud\examples\.build/core\core.a(USBCore.cpp.o)
                0x00007864                USBDeviceClass::handleEndpoint(unsigned char)
 .text._ZN14USBDeviceClass4initEv
                0x000078a8       0xf0 c:\Users\GregTerrell\Documents\CodeDev\Arduino\libraries\LooUQ-LQCloud\examples\.build/core\core.a(USBCore.cpp.o)
                0x000078a8                USBDeviceClass::init()
 .text._ZN14USBDeviceClass6attachEv
                0x00007998       0x34 c:\Users\GregTerrell\Documents\CodeDev\Arduino\libraries\LooUQ-LQCloud\examples\.build/core\core.a(USBCore.cpp.o)
                0x00007998                USBDeviceClass::attach()
 .text._ZN14USBDeviceClass10setAddressEm
                0x000079cc       0x44 c:\Users\GregTerrell\Documents\CodeDev\Arduino\libraries\LooUQ-LQCloud\examples\.build/core\core.a(USBCore.cpp.o)
                0x000079cc                USBDeviceClass::setAddress(unsigned long)
 .text._ZN14USBDeviceClass25handleClassInterfaceSetupER8USBSetup
                0x00007a10       0x44 c:\Users\GregTerrell\Documents\CodeDev\Arduino\libraries\LooUQ-LQCloud\examples\.build/core\core.a(USBCore.cpp.o)
                0x00007a10                USBDeviceClass::handleClassInterfaceSetup(USBSetup&)
 .text._ZN14USBDeviceClass6initEPEmm
                0x00007a54       0xec c:\Users\GregTerrell\Documents\CodeDev\Arduino\libraries\LooUQ-LQCloud\examples\.build/core\core.a(USBCore.cpp.o)
                0x00007a54                USBDeviceClass::initEP(unsigned long, unsigned long)
 .text._ZN14USBDeviceClass13initEndpointsEv
                0x00007b40       0x24 c:\Users\GregTerrell\Documents\CodeDev\Arduino\libraries\LooUQ-LQCloud\examples\.build/core\core.a(USBCore.cpp.o)
                0x00007b40                USBDeviceClass::initEndpoints()
 .text._ZN14USBDeviceClass9availableEm
                0x00007b64       0x2c c:\Users\GregTerrell\Documents\CodeDev\Arduino\libraries\LooUQ-LQCloud\examples\.build/core\core.a(USBCore.cpp.o)
                0x00007b64                USBDeviceClass::available(unsigned long)
 .text._ZN14USBDeviceClass5flushEm
                0x00007b90       0x2c c:\Users\GregTerrell\Documents\CodeDev\Arduino\libraries\LooUQ-LQCloud\examples\.build/core\core.a(USBCore.cpp.o)
                0x00007b90                USBDeviceClass::flush(unsigned long)
 .text._ZN14USBDeviceClass14armRecvCtrlOUTEm
                0x00007bbc       0x5c c:\Users\GregTerrell\Documents\CodeDev\Arduino\libraries\LooUQ-LQCloud\examples\.build/core\core.a(USBCore.cpp.o)
                0x00007bbc                USBDeviceClass::armRecvCtrlOUT(unsigned long)
 .text._ZN14USBDeviceClass11recvControlEPvm
                0x00007c18       0x3c c:\Users\GregTerrell\Documents\CodeDev\Arduino\libraries\LooUQ-LQCloud\examples\.build/core\core.a(USBCore.cpp.o)
                0x00007c18                USBDeviceClass::recvControl(void*, unsigned long)
 .text._ZN14USBDeviceClass7armRecvEm
                0x00007c54       0x38 c:\Users\GregTerrell\Documents\CodeDev\Arduino\libraries\LooUQ-LQCloud\examples\.build/core\core.a(USBCore.cpp.o)
                0x00007c54                USBDeviceClass::armRecv(unsigned long)
 .text._ZN14USBDeviceClass4recvEmPvm
                0x00007c8c       0xd8 c:\Users\GregTerrell\Documents\CodeDev\Arduino\libraries\LooUQ-LQCloud\examples\.build/core\core.a(USBCore.cpp.o)
                0x00007c8c                USBDeviceClass::recv(unsigned long, void*, unsigned long)
 .text._ZN14USBDeviceClass4recvEm
                0x00007d64       0x1c c:\Users\GregTerrell\Documents\CodeDev\Arduino\libraries\LooUQ-LQCloud\examples\.build/core\core.a(USBCore.cpp.o)
                0x00007d64                USBDeviceClass::recv(unsigned long)
 .text._ZN14USBDeviceClass4sendEmPKvm
                0x00007d80      0x110 c:\Users\GregTerrell\Documents\CodeDev\Arduino\libraries\LooUQ-LQCloud\examples\.build/core\core.a(USBCore.cpp.o)
                0x00007d80                USBDeviceClass::send(unsigned long, void const*, unsigned long)
 .text._ZN14USBDeviceClass7armSendEmPKvm
                0x00007e90       0x48 c:\Users\GregTerrell\Documents\CodeDev\Arduino\libraries\LooUQ-LQCloud\examples\.build/core\core.a(USBCore.cpp.o)
                0x00007e90                USBDeviceClass::armSend(unsigned long, void const*, unsigned long)
 .text._ZN14USBDeviceClass11sendControlEPKvm
                0x00007ed8       0x54 c:\Users\GregTerrell\Documents\CodeDev\Arduino\libraries\LooUQ-LQCloud\examples\.build/core\core.a(USBCore.cpp.o)
                0x00007ed8                USBDeviceClass::sendControl(void const*, unsigned long)
 .text._ZN14USBDeviceClass20sendStringDescriptorEPKhh
                0x00007f2c       0x68 c:\Users\GregTerrell\Documents\CodeDev\Arduino\libraries\LooUQ-LQCloud\examples\.build/core\core.a(USBCore.cpp.o)
                0x00007f2c                USBDeviceClass::sendStringDescriptor(unsigned char const*, unsigned char)
 .text._ZN14USBDeviceClass17sendConfigurationEm
                0x00007f94       0x80 c:\Users\GregTerrell\Documents\CodeDev\Arduino\libraries\LooUQ-LQCloud\examples\.build/core\core.a(USBCore.cpp.o)
                0x00007f94                USBDeviceClass::sendConfiguration(unsigned long)
 .text._ZN14USBDeviceClass14sendDescriptorER8USBSetup
                0x00008014       0xe4 c:\Users\GregTerrell\Documents\CodeDev\Arduino\libraries\LooUQ-LQCloud\examples\.build/core\core.a(USBCore.cpp.o)
                0x00008014                USBDeviceClass::sendDescriptor(USBSetup&)
 .text._ZN14USBDeviceClass19handleStandardSetupER8USBSetup
                0x000080f8      0x118 c:\Users\GregTerrell\Documents\CodeDev\Arduino\libraries\LooUQ-LQCloud\examples\.build/core\core.a(USBCore.cpp.o)
                0x000080f8                USBDeviceClass::handleStandardSetup(USBSetup&)
 .text._ZN14USBDeviceClass10ISRHandlerEv
                0x00008210      0x150 c:\Users\GregTerrell\Documents\CodeDev\Arduino\libraries\LooUQ-LQCloud\examples\.build/core\core.a(USBCore.cpp.o)
                0x00008210                USBDeviceClass::ISRHandler()
 .text.UDD_Handler
                0x00008360       0x10 c:\Users\GregTerrell\Documents\CodeDev\Arduino\libraries\LooUQ-LQCloud\examples\.build/core\core.a(USBCore.cpp.o)
                0x00008360                UDD_Handler
 .text.startup._GLOBAL__sub_I_usbd
                0x00008370       0x10 c:\Users\GregTerrell\Documents\CodeDev\Arduino\libraries\LooUQ-LQCloud\examples\.build/core\core.a(USBCore.cpp.o)
 .text._ZN4UartcvbEv
                0x00008380        0x4 c:\Users\GregTerrell\Documents\CodeDev\Arduino\libraries\LooUQ-LQCloud\examples\.build/core\core.a(Uart.cpp.o)
                0x00008380                Uart::operator bool()
 .text._ZN4Uart5beginEm
                0x00008384       0x10 c:\Users\GregTerrell\Documents\CodeDev\Arduino\libraries\LooUQ-LQCloud\examples\.build/core\core.a(Uart.cpp.o)
                0x00008384                Uart::begin(unsigned long)
 .text._ZN4Uart4peekEv
                0x00008394       0x1a c:\Users\GregTerrell\Documents\CodeDev\Arduino\libraries\LooUQ-LQCloud\examples\.build/core\core.a(Uart.cpp.o)
                0x00008394                Uart::peek()
 .text._ZN4Uart3endEv
                0x000083ae       0x20 c:\Users\GregTerrell\Documents\CodeDev\Arduino\libraries\LooUQ-LQCloud\examples\.build/core\core.a(Uart.cpp.o)
                0x000083ae                Uart::end()
 .text._ZN4Uart15extractCharSizeEt
                0x000083ce       0x28 c:\Users\GregTerrell\Documents\CodeDev\Arduino\libraries\LooUQ-LQCloud\examples\.build/core\core.a(Uart.cpp.o)
                0x000083ce                Uart::extractCharSize(unsigned short)
 .text._ZN4Uart13extractParityEt
                0x000083f6       0x14 c:\Users\GregTerrell\Documents\CodeDev\Arduino\libraries\LooUQ-LQCloud\examples\.build/core\core.a(Uart.cpp.o)
                0x000083f6                Uart::extractParity(unsigned short)
 *fill*         0x0000840a        0x2 
 .text._ZN4Uart5beginEmt
                0x0000840c       0xf8 c:\Users\GregTerrell\Documents\CodeDev\Arduino\libraries\LooUQ-LQCloud\examples\.build/core\core.a(Uart.cpp.o)
                0x0000840c                Uart::begin(unsigned long, unsigned short)
 .text._ZN11RingBufferNILi350EEC2Ev
                0x00008504       0x1c c:\Users\GregTerrell\Documents\CodeDev\Arduino\libraries\LooUQ-LQCloud\examples\.build/core\core.a(Uart.cpp.o)
                0x00008504                RingBufferN<350>::RingBufferN()
                0x00008504                RingBufferN<350>::RingBufferN()
 .text._ZN4UartC2EP6SERCOMhh11SercomRXPad15SercomUartTXPad
                0x00008520       0x70 c:\Users\GregTerrell\Documents\CodeDev\Arduino\libraries\LooUQ-LQCloud\examples\.build/core\core.a(Uart.cpp.o)
                0x00008520                Uart::Uart(SERCOM*, unsigned char, unsigned char, SercomRXPad, SercomUartTXPad)
                0x00008520                Uart::Uart(SERCOM*, unsigned char, unsigned char, SercomRXPad, SercomUartTXPad)
 .text._ZN11RingBufferNILi350EE9availableEv
                0x00008590       0x12 c:\Users\GregTerrell\Documents\CodeDev\Arduino\libraries\LooUQ-LQCloud\examples\.build/core\core.a(Uart.cpp.o)
                0x00008590                RingBufferN<350>::available()
 .text._ZN4Uart5flushEv
                0x000085a2       0x1a c:\Users\GregTerrell\Documents\CodeDev\Arduino\libraries\LooUQ-LQCloud\examples\.build/core\core.a(Uart.cpp.o)
                0x000085a2                Uart::flush()
 .text._ZN4Uart9availableEv
                0x000085bc        0xa c:\Users\GregTerrell\Documents\CodeDev\Arduino\libraries\LooUQ-LQCloud\examples\.build/core\core.a(Uart.cpp.o)
                0x000085bc                Uart::available()
 .text._ZN11RingBufferNILi350EE17availableForStoreEv
                0x000085c6       0x22 c:\Users\GregTerrell\Documents\CodeDev\Arduino\libraries\LooUQ-LQCloud\examples\.build/core\core.a(Uart.cpp.o)
                0x000085c6                RingBufferN<350>::availableForStore()
 .text._ZN4Uart17availableForWriteEv
                0x000085e8        0xc c:\Users\GregTerrell\Documents\CodeDev\Arduino\libraries\LooUQ-LQCloud\examples\.build/core\core.a(Uart.cpp.o)
                0x000085e8                Uart::availableForWrite()
 .text._ZN4Uart10IrqHandlerEv
                0x000085f4       0xda c:\Users\GregTerrell\Documents\CodeDev\Arduino\libraries\LooUQ-LQCloud\examples\.build/core\core.a(Uart.cpp.o)
                0x000085f4                Uart::IrqHandler()
 *fill*         0x000086ce        0x2 
 .text._ZN4Uart5writeEh
                0x000086d0       0xc4 c:\Users\GregTerrell\Documents\CodeDev\Arduino\libraries\LooUQ-LQCloud\examples\.build/core\core.a(Uart.cpp.o)
                0x000086d0                Uart::write(unsigned char)
 .text._ZN4Uart4readEv
                0x00008794       0x52 c:\Users\GregTerrell\Documents\CodeDev\Arduino\libraries\LooUQ-LQCloud\examples\.build/core\core.a(Uart.cpp.o)
                0x00008794                Uart::read()
 .text._Z11initVariantv
                0x000087e6        0x2 c:\Users\GregTerrell\Documents\CodeDev\Arduino\libraries\LooUQ-LQCloud\examples\.build/core\core.a(main.cpp.o)
                0x000087e6                initVariant()
 .text.startup.main
                0x000087e8       0x44 c:\Users\GregTerrell\Documents\CodeDev\Arduino\libraries\LooUQ-LQCloud\examples\.build/core\core.a(main.cpp.o)
                0x000087e8                main
 .text._Znwj    0x0000882c        0x8 c:\Users\GregTerrell\Documents\CodeDev\Arduino\libraries\LooUQ-LQCloud\examples\.build/core\core.a(new.cpp.o)
                0x0000882c                operator new(unsigned int)
 .text._ZdlPv   0x00008834        0x8 c:\Users\GregTerrell\Documents\CodeDev\Arduino\libraries\LooUQ-LQCloud\examples\.build/core\core.a(new.cpp.o)
                0x00008834                operator delete(void*)
 .text._ZN13PluggableUSB_12getInterfaceEPh
                0x0000883c       0x28 c:\Users\GregTerrell\Documents\CodeDev\Arduino\libraries\LooUQ-LQCloud\examples\.build/core\core.a(PluggableUSB.cpp.o)
                0x0000883c                PluggableUSB_::getInterface(unsigned char*)
 .text._ZN13PluggableUSB_13getDescriptorER8USBSetup
                0x00008864       0x20 c:\Users\GregTerrell\Documents\CodeDev\Arduino\libraries\LooUQ-LQCloud\examples\.build/core\core.a(PluggableUSB.cpp.o)
                0x00008864                PluggableUSB_::getDescriptor(USBSetup&)
 .text._ZN13PluggableUSB_5setupER8USBSetup
                0x00008884       0x20 c:\Users\GregTerrell\Documents\CodeDev\Arduino\libraries\LooUQ-LQCloud\examples\.build/core\core.a(PluggableUSB.cpp.o)
                0x00008884                PluggableUSB_::setup(USBSetup&)
 .text._Z12PluggableUSBv
                0x000088a4       0x28 c:\Users\GregTerrell\Documents\CodeDev\Arduino\libraries\LooUQ-LQCloud\examples\.build/core\core.a(PluggableUSB.cpp.o)
                0x000088a4                PluggableUSB()
 .text._ZN20USBDevice_SAMD21G18x5resetEv
                0x000088cc       0x2a c:\Users\GregTerrell\Documents\CodeDev\Arduino\libraries\LooUQ-LQCloud\examples\.build/core\core.a(SAMD21_USBDevice.cpp.o)
                0x000088cc                USBDevice_SAMD21G18x::reset()
 *fill*         0x000088f6        0x2 
 .text._ZN20USBDevice_SAMD21G18x9calibrateEv
                0x000088f8       0x60 c:\Users\GregTerrell\Documents\CodeDev\Arduino\libraries\LooUQ-LQCloud\examples\.build/core\core.a(SAMD21_USBDevice.cpp.o)
                0x000088f8                USBDevice_SAMD21G18x::calibrate()
 .text          0x00008958       0x14 c:/users/gregterrell/appdata/local/arduino15/packages/adafruit/tools/arm-none-eabi-gcc/9-2019q4/bin/../lib/gcc/arm-none-eabi/9.2.1/thumb/v6-m/nofp\libgcc.a(_thumb1_case_sqi.o)
                0x00008958                __gnu_thumb1_case_sqi
 .text          0x0000896c       0x14 c:/users/gregterrell/appdata/local/arduino15/packages/adafruit/tools/arm-none-eabi-gcc/9-2019q4/bin/../lib/gcc/arm-none-eabi/9.2.1/thumb/v6-m/nofp\libgcc.a(_thumb1_case_uqi.o)
                0x0000896c                __gnu_thumb1_case_uqi
 .text          0x00008980       0x14 c:/users/gregterrell/appdata/local/arduino15/packages/adafruit/tools/arm-none-eabi-gcc/9-2019q4/bin/../lib/gcc/arm-none-eabi/9.2.1/thumb/v6-m/nofp\libgcc.a(_thumb1_case_shi.o)
                0x00008980                __gnu_thumb1_case_shi
 .text          0x00008994      0x114 c:/users/gregterrell/appdata/local/arduino15/packages/adafruit/tools/arm-none-eabi-gcc/9-2019q4/bin/../lib/gcc/arm-none-eabi/9.2.1/thumb/v6-m/nofp\libgcc.a(_udivsi3.o)
                0x00008994                __aeabi_uidiv
                0x00008994                __udivsi3
                0x00008aa0                __aeabi_uidivmod
 .text          0x00008aa8      0x1d4 c:/users/gregterrell/appdata/local/arduino15/packages/adafruit/tools/arm-none-eabi-gcc/9-2019q4/bin/../lib/gcc/arm-none-eabi/9.2.1/thumb/v6-m/nofp\libgcc.a(_divsi3.o)
                0x00008aa8                __divsi3
                0x00008aa8                __aeabi_idiv
                0x00008c74                __aeabi_idivmod
 .text          0x00008c7c        0x4 c:/users/gregterrell/appdata/local/arduino15/packages/adafruit/tools/arm-none-eabi-gcc/9-2019q4/bin/../lib/gcc/arm-none-eabi/9.2.1/thumb/v6-m/nofp\libgcc.a(_dvmd_tls.o)
                0x00008c7c                __aeabi_idiv0
                0x00008c7c                __aeabi_ldiv0
 .text          0x00008c80       0x7c c:/users/gregterrell/appdata/local/arduino15/packages/adafruit/tools/arm-none-eabi-gcc/9-2019q4/bin/../lib/gcc/arm-none-eabi/9.2.1/thumb/v6-m/nofp\libgcc.a(_arm_cmpdf2.o)
                0x00008c80                __aeabi_cdrcmple
                0x00008c90                __aeabi_cdcmple
                0x00008c90                __aeabi_cdcmpeq
                0x00008ca0                __aeabi_dcmpeq
                0x00008cac                __aeabi_dcmplt
                0x00008cc0                __aeabi_dcmple
                0x00008cd4                __aeabi_dcmpgt
                0x00008ce8                __aeabi_dcmpge
 .text          0x00008cfc      0x6d4 c:/users/gregterrell/appdata/local/arduino15/packages/adafruit/tools/arm-none-eabi-gcc/9-2019q4/bin/../lib/gcc/arm-none-eabi/9.2.1/thumb/v6-m/nofp\libgcc.a(adddf3.o)
                0x00008cfc                __aeabi_dadd
 .text          0x000093d0      0x5d0 c:/users/gregterrell/appdata/local/arduino15/packages/adafruit/tools/arm-none-eabi-gcc/9-2019q4/bin/../lib/gcc/arm-none-eabi/9.2.1/thumb/v6-m/nofp\libgcc.a(divdf3.o)
                0x000093d0                __aeabi_ddiv
 .text          0x000099a0       0x78 c:/users/gregterrell/appdata/local/arduino15/packages/adafruit/tools/arm-none-eabi-gcc/9-2019q4/bin/../lib/gcc/arm-none-eabi/9.2.1/thumb/v6-m/nofp\libgcc.a(eqdf2.o)
                0x000099a0                __nedf2
                0x000099a0                __eqdf2
 .text          0x00009a18       0xe4 c:/users/gregterrell/appdata/local/arduino15/packages/adafruit/tools/arm-none-eabi-gcc/9-2019q4/bin/../lib/gcc/arm-none-eabi/9.2.1/thumb/v6-m/nofp\libgcc.a(gedf2.o)
                0x00009a18                __gedf2
                0x00009a18                __gtdf2
 .text          0x00009afc       0xe0 c:/users/gregterrell/appdata/local/arduino15/packages/adafruit/tools/arm-none-eabi-gcc/9-2019q4/bin/../lib/gcc/arm-none-eabi/9.2.1/thumb/v6-m/nofp\libgcc.a(ledf2.o)
                0x00009afc                __ledf2
                0x00009afc                __ltdf2
 .text          0x00009bdc      0x4d8 c:/users/gregterrell/appdata/local/arduino15/packages/adafruit/tools/arm-none-eabi-gcc/9-2019q4/bin/../lib/gcc/arm-none-eabi/9.2.1/thumb/v6-m/nofp\libgcc.a(muldf3.o)
                0x00009bdc                __aeabi_dmul
 .text          0x0000a0b4      0x724 c:/users/gregterrell/appdata/local/arduino15/packages/adafruit/tools/arm-none-eabi-gcc/9-2019q4/bin/../lib/gcc/arm-none-eabi/9.2.1/thumb/v6-m/nofp\libgcc.a(subdf3.o)
                0x0000a0b4                __aeabi_dsub
 .text          0x0000a7d8       0x3c c:/users/gregterrell/appdata/local/arduino15/packages/adafruit/tools/arm-none-eabi-gcc/9-2019q4/bin/../lib/gcc/arm-none-eabi/9.2.1/thumb/v6-m/nofp\libgcc.a(unorddf2.o)
                0x0000a7d8                __aeabi_dcmpun
 .text          0x0000a814       0x6c c:/users/gregterrell/appdata/local/arduino15/packages/adafruit/tools/arm-none-eabi-gcc/9-2019q4/bin/../lib/gcc/arm-none-eabi/9.2.1/thumb/v6-m/nofp\libgcc.a(fixdfsi.o)
                0x0000a814                __aeabi_d2iz
 .text          0x0000a880       0x4c c:/users/gregterrell/appdata/local/arduino15/packages/adafruit/tools/arm-none-eabi-gcc/9-2019q4/bin/../lib/gcc/arm-none-eabi/9.2.1/thumb/v6-m/nofp\libgcc.a(floatunsidf.o)
                0x0000a880                __aeabi_ui2d
 .text          0x0000a8cc       0x3c c:/users/gregterrell/appdata/local/arduino15/packages/adafruit/tools/arm-none-eabi-gcc/9-2019q4/bin/../lib/gcc/arm-none-eabi/9.2.1/thumb/v6-m/nofp\libgcc.a(_clzsi2.o)
                0x0000a8cc                __clzsi2
 .text.__assert_func
                0x0000a908       0x3c c:/users/gregterrell/appdata/local/arduino15/packages/adafruit/tools/arm-none-eabi-gcc/9-2019q4/bin/../lib/gcc/arm-none-eabi/9.2.1/../../../../arm-none-eabi/lib/thumb/v6-m/nofp\libc_nano.a(lib_a-assert.o)
                0x0000a908                __assert_func
 .text.atoi     0x0000a944        0xc c:/users/gregterrell/appdata/local/arduino15/packages/adafruit/tools/arm-none-eabi-gcc/9-2019q4/bin/../lib/gcc/arm-none-eabi/9.2.1/../../../../arm-none-eabi/lib/thumb/v6-m/nofp\libc_nano.a(lib_a-atoi.o)
                0x0000a944                atoi